
=================== FW_START->FW_END ===================
    Duration [cycles] = 29,372,693


=================== KERNEL_START->KERNEL_END ===================
    Duration [cycles] = 29,369,245


=================== BR_KERNEL_START->BR_KERNEL_END ===================
    Duration [cycles] = 29,369,245


=================== NC_KERNEL_START->NC_KERNEL_END ===================
    Duration [cycles] = 29,205,690

