{
  "data": {
    "deviceInfo": {
      "arch": "grayskull",
      "freq": 1200
    },
    "devices": {
      "0": {
        "cores": {
          "(0, 0)": {
            "riscs": {
              "BRISC": {
                "timeseries": [
                  "(0, 154926163479927)",
                  "(1, 154926163479927)",
                  "(2, 154926163483077)",
                  "(3, 154926163483152)",
                  "(4, 154926163483232)",
                  "(1, 154926164034043)",
                  "(2, 154926164037193)",
                  "(3, 154926164037268)",
                  "(4, 154926164037348)"
                ]
              },
              "NCRISC": {
                "timeseries": [
                  "(0, 154926163479927)",
                  "(1, 154926163482717)",
                  "(2, 154926163483764)",
                  "(3, 154926163483806)",
                  "(4, 154926163483848)",
                  "(1, 154926164036833)",
                  "(2, 154926164037880)",
                  "(3, 154926164037922)",
                  "(4, 154926164037964)"
                ]
              },
              "TENSIX": {
                "analysis": {
                  "ANY RISC FW end -> BRISC FW start": {
                    "analysis": {
                      "across": "core",
                      "end": {
                        "risc": "BRISC",
                        "timerID": 1
                      },
                      "start": {
                        "risc": "ANY",
                        "timerID": 4
                      },
                      "type": "adjacent"
                    },
                    "stats": {
                      "Average": 550195.0,
                      "Count": 1,
                      "First": 550195,
                      "Max": 550195,
                      "Median": 550195.0,
                      "Min": 550195,
                      "Range": 0,
                      "Sum": 550195
                    }
                  },
                  "ANY RISC FW start -> ANY RISC FW end": {
                    "analysis": {
                      "across": "core",
                      "end": {
                        "risc": "ANY",
                        "timerID": 4
                      },
                      "start": {
                        "risc": "ANY",
                        "timerID": 1
                      },
                      "type": "launch_first_last"
                    },
                    "stats": {
                      "Average": 3921.0,
                      "Count": 2,
                      "First": 3921,
                      "Max": 3921,
                      "Median": 3921.0,
                      "Min": 3921,
                      "Range": 0,
                      "Sum": 7842
                    }
                  },
                  "BRISC FW start -> ANY RISC FW end": {
                    "analysis": {
                      "across": "core",
                      "end": {
                        "risc": "ANY",
                        "timerID": 4
                      },
                      "start": {
                        "risc": "ANY",
                        "timerID": 1
                      },
                      "type": "session_first_last"
                    },
                    "stats": {
                      "Average": 558037.0,
                      "Count": 1,
                      "First": 558037,
                      "Max": 558037,
                      "Median": 558037.0,
                      "Min": 558037,
                      "Range": 0,
                      "Sum": 558037
                    }
                  },
                  "BRISC kernel start -> BRISC kernel end": {
                    "analysis": {
                      "across": "core",
                      "end": {
                        "risc": "BRISC",
                        "timerID": 3
                      },
                      "start": {
                        "risc": "BRISC",
                        "timerID": 2
                      },
                      "type": "adjacent"
                    },
                    "stats": {
                      "Average": 75.0,
                      "Count": 2,
                      "First": 75,
                      "Max": 75,
                      "Median": 75.0,
                      "Min": 75,
                      "Range": 0,
                      "Sum": 150
                    }
                  },
                  "NCRISC kernel start -> NCRISC kernel end": {
                    "analysis": {
                      "across": "core",
                      "end": {
                        "risc": "NCRISC",
                        "timerID": 3
                      },
                      "start": {
                        "risc": "NCRISC",
                        "timerID": 2
                      },
                      "type": "adjacent"
                    },
                    "stats": {
                      "Average": 42.0,
                      "Count": 2,
                      "First": 42,
                      "Max": 42,
                      "Median": 42.0,
                      "Min": 42,
                      "Range": 0,
                      "Sum": 84
                    }
                  },
                  "T0 -> ANY RISC FW end": {
                    "analysis": {
                      "across": "core",
                      "end": {
                        "risc": "ANY",
                        "timerID": 4
                      },
                      "start": {
                        "risc": "BRISC",
                        "timerID": 0
                      },
                      "type": "session_first_last"
                    },
                    "stats": {
                      "Average": 558037.0,
                      "Count": 1,
                      "First": 558037,
                      "Max": 558037,
                      "Median": 558037.0,
                      "Min": 558037,
                      "Range": 0,
                      "Sum": 558037
                    }
                  },
                  "T0 -> BRISC FW start": {
                    "analysis": {
                      "across": "core",
                      "end": {
                        "risc": "BRISC",
                        "timerID": 1
                      },
                      "start": {
                        "risc": "BRISC",
                        "timerID": 0
                      },
                      "type": "adjacent"
                    },
                    "stats": {
                      "Average": 0.0,
                      "Count": 1,
                      "First": 0,
                      "Max": 0,
                      "Median": 0.0,
                      "Min": 0,
                      "Range": 0,
                      "Sum": 0
                    }
                  }
                },
                "launches": [
                  [
                    "(1, 154926163479927, 'BRISC')",
                    "(1, 154926163482717, 'NCRISC')",
                    "(2, 154926163483077, 'BRISC')",
                    "(3, 154926163483152, 'BRISC')",
                    "(4, 154926163483232, 'BRISC')",
                    "(2, 154926163483764, 'NCRISC')",
                    "(3, 154926163483806, 'NCRISC')",
                    "(4, 154926163483848, 'NCRISC')"
                  ],
                  [
                    "(1, 154926164034043, 'BRISC')",
                    "(1, 154926164036833, 'NCRISC')",
                    "(2, 154926164037193, 'BRISC')",
                    "(3, 154926164037268, 'BRISC')",
                    "(4, 154926164037348, 'BRISC')",
                    "(2, 154926164037880, 'NCRISC')",
                    "(3, 154926164037922, 'NCRISC')",
                    "(4, 154926164037964, 'NCRISC')"
                  ]
                ],
                "timeseries": [
                  "(0, 154926163479927, 'NCRISC')",
                  "(0, 154926163479927, 'BRISC')",
                  "(1, 154926163479927, 'BRISC')",
                  "(1, 154926163482717, 'NCRISC')",
                  "(2, 154926163483077, 'BRISC')",
                  "(3, 154926163483152, 'BRISC')",
                  "(4, 154926163483232, 'BRISC')",
                  "(2, 154926163483764, 'NCRISC')",
                  "(3, 154926163483806, 'NCRISC')",
                  "(4, 154926163483848, 'NCRISC')",
                  "(1, 154926164034043, 'BRISC')",
                  "(1, 154926164036833, 'NCRISC')",
                  "(2, 154926164037193, 'BRISC')",
                  "(3, 154926164037268, 'BRISC')",
                  "(4, 154926164037348, 'BRISC')",
                  "(2, 154926164037880, 'NCRISC')",
                  "(3, 154926164037922, 'NCRISC')",
                  "(4, 154926164037964, 'NCRISC')"
                ]
              }
            }
          },
          "(1, 0)": {
            "riscs": {
              "BRISC": {
                "timeseries": [
                  "(0, 154926163479927)",
                  "(1, 154926163479937)",
                  "(2, 154926163483077)",
                  "(3, 154926163483162)",
                  "(4, 154926163483222)",
                  "(1, 154926164034043)",
                  "(2, 154926164037195)",
                  "(3, 154926164037269)",
                  "(4, 154926164037348)"
                ]
              },
              "NCRISC": {
                "timeseries": [
                  "(0, 154926163479927)",
                  "(1, 154926163482727)",
                  "(2, 154926163483784)",
                  "(3, 154926163483816)",
                  "(4, 154926163483858)",
                  "(1, 154926164036853)",
                  "(2, 154926164037880)",
                  "(3, 154926164037912)",
                  "(4, 154926164037954)"
                ]
              },
              "TENSIX": {
                "analysis": {
                  "ANY RISC FW end -> BRISC FW start": {
                    "analysis": {
                      "across": "core",
                      "end": {
                        "risc": "BRISC",
                        "timerID": 1
                      },
                      "start": {
                        "risc": "ANY",
                        "timerID": 4
                      },
                      "type": "adjacent"
                    },
                    "stats": {
                      "Average": 550185.0,
                      "Count": 1,
                      "First": 550185,
                      "Max": 550185,
                      "Median": 550185.0,
                      "Min": 550185,
                      "Range": 0,
                      "Sum": 550185
                    }
                  },
                  "ANY RISC FW start -> ANY RISC FW end": {
                    "analysis": {
                      "across": "core",
                      "end": {
                        "risc": "ANY",
                        "timerID": 4
                      },
                      "start": {
                        "risc": "ANY",
                        "timerID": 1
                      },
                      "type": "launch_first_last"
                    },
                    "stats": {
                      "Average": 3916.0,
                      "Count": 2,
                      "First": 3921,
                      "Max": 3921,
                      "Median": 3916.0,
                      "Min": 3911,
                      "Range": 10,
                      "Sum": 7832
                    }
                  },
                  "BRISC FW start -> ANY RISC FW end": {
                    "analysis": {
                      "across": "core",
                      "end": {
                        "risc": "ANY",
                        "timerID": 4
                      },
                      "start": {
                        "risc": "ANY",
                        "timerID": 1
                      },
                      "type": "session_first_last"
                    },
                    "stats": {
                      "Average": 558017.0,
                      "Count": 1,
                      "First": 558017,
                      "Max": 558017,
                      "Median": 558017.0,
                      "Min": 558017,
                      "Range": 0,
                      "Sum": 558017
                    }
                  },
                  "BRISC kernel start -> BRISC kernel end": {
                    "analysis": {
                      "across": "core",
                      "end": {
                        "risc": "BRISC",
                        "timerID": 3
                      },
                      "start": {
                        "risc": "BRISC",
                        "timerID": 2
                      },
                      "type": "adjacent"
                    },
                    "stats": {
                      "Average": 79.5,
                      "Count": 2,
                      "First": 85,
                      "Max": 85,
                      "Median": 79.5,
                      "Min": 74,
                      "Range": 11,
                      "Sum": 159
                    }
                  },
                  "NCRISC kernel start -> NCRISC kernel end": {
                    "analysis": {
                      "across": "core",
                      "end": {
                        "risc": "NCRISC",
                        "timerID": 3
                      },
                      "start": {
                        "risc": "NCRISC",
                        "timerID": 2
                      },
                      "type": "adjacent"
                    },
                    "stats": {
                      "Average": 32.0,
                      "Count": 2,
                      "First": 32,
                      "Max": 32,
                      "Median": 32.0,
                      "Min": 32,
                      "Range": 0,
                      "Sum": 64
                    }
                  },
                  "T0 -> ANY RISC FW end": {
                    "analysis": {
                      "across": "core",
                      "end": {
                        "risc": "ANY",
                        "timerID": 4
                      },
                      "start": {
                        "risc": "BRISC",
                        "timerID": 0
                      },
                      "type": "session_first_last"
                    },
                    "stats": {
                      "Average": 558027.0,
                      "Count": 1,
                      "First": 558027,
                      "Max": 558027,
                      "Median": 558027.0,
                      "Min": 558027,
                      "Range": 0,
                      "Sum": 558027
                    }
                  },
                  "T0 -> BRISC FW start": {
                    "analysis": {
                      "across": "core",
                      "end": {
                        "risc": "BRISC",
                        "timerID": 1
                      },
                      "start": {
                        "risc": "BRISC",
                        "timerID": 0
                      },
                      "type": "adjacent"
                    },
                    "stats": {
                      "Average": 10.0,
                      "Count": 1,
                      "First": 10,
                      "Max": 10,
                      "Median": 10.0,
                      "Min": 10,
                      "Range": 0,
                      "Sum": 10
                    }
                  }
                },
                "launches": [
                  [
                    "(1, 154926163479937, 'BRISC')",
                    "(1, 154926163482727, 'NCRISC')",
                    "(2, 154926163483077, 'BRISC')",
                    "(3, 154926163483162, 'BRISC')",
                    "(4, 154926163483222, 'BRISC')",
                    "(2, 154926163483784, 'NCRISC')",
                    "(3, 154926163483816, 'NCRISC')",
                    "(4, 154926163483858, 'NCRISC')"
                  ],
                  [
                    "(1, 154926164034043, 'BRISC')",
                    "(1, 154926164036853, 'NCRISC')",
                    "(2, 154926164037195, 'BRISC')",
                    "(3, 154926164037269, 'BRISC')",
                    "(4, 154926164037348, 'BRISC')",
                    "(2, 154926164037880, 'NCRISC')",
                    "(3, 154926164037912, 'NCRISC')",
                    "(4, 154926164037954, 'NCRISC')"
                  ]
                ],
                "timeseries": [
                  "(0, 154926163479927, 'NCRISC')",
                  "(0, 154926163479927, 'BRISC')",
                  "(1, 154926163479937, 'BRISC')",
                  "(1, 154926163482727, 'NCRISC')",
                  "(2, 154926163483077, 'BRISC')",
                  "(3, 154926163483162, 'BRISC')",
                  "(4, 154926163483222, 'BRISC')",
                  "(2, 154926163483784, 'NCRISC')",
                  "(3, 154926163483816, 'NCRISC')",
                  "(4, 154926163483858, 'NCRISC')",
                  "(1, 154926164034043, 'BRISC')",
                  "(1, 154926164036853, 'NCRISC')",
                  "(2, 154926164037195, 'BRISC')",
                  "(3, 154926164037269, 'BRISC')",
                  "(4, 154926164037348, 'BRISC')",
                  "(2, 154926164037880, 'NCRISC')",
                  "(3, 154926164037912, 'NCRISC')",
                  "(4, 154926164037954, 'NCRISC')"
                ]
              }
            }
          },
          "DEVICE": {
            "analysis": {
              "ANY RISC FW end -> BRISC FW start": {
                "analysis": {
                  "across": "core",
                  "end": {
                    "risc": "BRISC",
                    "timerID": 1
                  },
                  "start": {
                    "risc": "ANY",
                    "timerID": 4
                  },
                  "type": "adjacent"
                },
                "stats": {
                  "Average": 550190.0,
                  "Count": 2,
                  "Max": 550195,
                  "Median": 550190.0,
                  "Min": 550185,
                  "Range": 10
                }
              },
              "ANY RISC FW start -> ANY RISC FW end": {
                "analysis": {
                  "across": "core",
                  "end": {
                    "risc": "ANY",
                    "timerID": 4
                  },
                  "start": {
                    "risc": "ANY",
                    "timerID": 1
                  },
                  "type": "launch_first_last"
                },
                "stats": {
                  "Average": 3918.5,
                  "Count": 4,
                  "Max": 3921,
                  "Median": 3918.5,
                  "Min": 3911,
                  "Range": 10
                }
              },
              "BRISC FW start -> ANY RISC FW end": {
                "analysis": {
                  "across": "core",
                  "end": {
                    "risc": "ANY",
                    "timerID": 4
                  },
                  "start": {
                    "risc": "ANY",
                    "timerID": 1
                  },
                  "type": "session_first_last"
                },
                "stats": {
                  "Average": 558027.0,
                  "Count": 2,
                  "Max": 558037,
                  "Median": 558027.0,
                  "Min": 558017,
                  "Range": 20
                }
              },
              "BRISC kernel start -> BRISC kernel end": {
                "analysis": {
                  "across": "core",
                  "end": {
                    "risc": "BRISC",
                    "timerID": 3
                  },
                  "start": {
                    "risc": "BRISC",
                    "timerID": 2
                  },
                  "type": "adjacent"
                },
                "stats": {
                  "Average": 77.25,
                  "Count": 4,
                  "Max": 85,
                  "Median": 77.25,
                  "Min": 74,
                  "Range": 11
                }
              },
              "NCRISC kernel start -> NCRISC kernel end": {
                "analysis": {
                  "across": "core",
                  "end": {
                    "risc": "NCRISC",
                    "timerID": 3
                  },
                  "start": {
                    "risc": "NCRISC",
                    "timerID": 2
                  },
                  "type": "adjacent"
                },
                "stats": {
                  "Average": 37.0,
                  "Count": 4,
                  "Max": 42,
                  "Median": 37.0,
                  "Min": 32,
                  "Range": 10
                }
              },
              "T0 -> ANY CORE ANY RISC FW end": {
                "analysis": {
                  "across": "device",
                  "end": {
                    "core": "ANY",
                    "risc": "ANY",
                    "timerID": 4
                  },
                  "start": {
                    "core": "ANY",
                    "risc": "ANY",
                    "timerID": 1
                  },
                  "type": "session_first_last"
                },
                "stats": {
                  "Average": 558037.0,
                  "Count": 1,
                  "Max": 558037,
                  "Median": 558037.0,
                  "Min": 558037,
                  "Range": 0
                }
              },
              "T0 -> ANY RISC FW end": {
                "analysis": {
                  "across": "core",
                  "end": {
                    "risc": "ANY",
                    "timerID": 4
                  },
                  "start": {
                    "risc": "BRISC",
                    "timerID": 0
                  },
                  "type": "session_first_last"
                },
                "stats": {
                  "Average": 558032.0,
                  "Count": 2,
                  "Max": 558037,
                  "Median": 558032.0,
                  "Min": 558027,
                  "Range": 10
                }
              },
              "T0 -> BRISC FW start": {
                "analysis": {
                  "across": "core",
                  "end": {
                    "risc": "BRISC",
                    "timerID": 1
                  },
                  "start": {
                    "risc": "BRISC",
                    "timerID": 0
                  },
                  "type": "adjacent"
                },
                "stats": {
                  "Average": 5.0,
                  "Count": 2,
                  "Max": 10,
                  "Median": 5.0,
                  "Min": 0,
                  "Range": 10
                }
              }
            },
            "riscs": {
              "BRISC": {
                "timeseries": [
                  "(0, 154926163479927, (0, 0))",
                  "(1, 154926163479927, (0, 0))",
                  "(0, 154926163479927, (0, 0))",
                  "(1, 154926163479937, (1, 0))",
                  "(2, 154926163483077, (0, 0))",
                  "(2, 154926163483077, (1, 0))",
                  "(3, 154926163483152, (0, 0))",
                  "(3, 154926163483162, (1, 0))",
                  "(4, 154926163483222, (1, 0))",
                  "(4, 154926163483232, (0, 0))",
                  "(1, 154926164034043, (0, 0))",
                  "(1, 154926164034043, (1, 0))",
                  "(2, 154926164037193, (0, 0))",
                  "(2, 154926164037195, (1, 0))",
                  "(3, 154926164037268, (0, 0))",
                  "(3, 154926164037269, (1, 0))",
                  "(4, 154926164037348, (0, 0))",
                  "(4, 154926164037348, (1, 0))"
                ]
              },
              "NCRISC": {
                "timeseries": [
                  "(0, 154926163479927, (0, 0))",
                  "(0, 154926163479927, (0, 0))",
                  "(1, 154926163482717, (0, 0))",
                  "(1, 154926163482727, (1, 0))",
                  "(2, 154926163483764, (0, 0))",
                  "(2, 154926163483784, (1, 0))",
                  "(3, 154926163483806, (0, 0))",
                  "(3, 154926163483816, (1, 0))",
                  "(4, 154926163483848, (0, 0))",
                  "(4, 154926163483858, (1, 0))",
                  "(1, 154926164036833, (0, 0))",
                  "(1, 154926164036853, (1, 0))",
                  "(2, 154926164037880, (0, 0))",
                  "(2, 154926164037880, (1, 0))",
                  "(3, 154926164037912, (1, 0))",
                  "(3, 154926164037922, (0, 0))",
                  "(4, 154926164037954, (1, 0))",
                  "(4, 154926164037964, (0, 0))"
                ]
              },
              "TENSIX": {
                "analysis": {
                  "T0 -> ANY CORE ANY RISC FW end": {
                    "analysis": {
                      "across": "device",
                      "end": {
                        "core": "ANY",
                        "risc": "ANY",
                        "timerID": 4
                      },
                      "start": {
                        "core": "ANY",
                        "risc": "ANY",
                        "timerID": 1
                      },
                      "type": "session_first_last"
                    },
                    "stats": {
                      "Average": 558037.0,
                      "Count": 1,
                      "First": 558037,
                      "Max": 558037,
                      "Median": 558037.0,
                      "Min": 558037,
                      "Range": 0,
                      "Sum": 558037
                    }
                  }
                },
                "timeseries": [
                  "(0, 154926163479927, 'NCRISC', (0, 0))",
                  "(0, 154926163479927, 'BRISC', (0, 0))",
                  "(1, 154926163479927, 'BRISC', (0, 0))",
                  "(0, 154926163479927, 'NCRISC', (0, 0))",
                  "(0, 154926163479927, 'BRISC', (0, 0))",
                  "(1, 154926163479937, 'BRISC', (1, 0))",
                  "(1, 154926163482717, 'NCRISC', (0, 0))",
                  "(1, 154926163482727, 'NCRISC', (1, 0))",
                  "(2, 154926163483077, 'BRISC', (0, 0))",
                  "(2, 154926163483077, 'BRISC', (1, 0))",
                  "(3, 154926163483152, 'BRISC', (0, 0))",
                  "(3, 154926163483162, 'BRISC', (1, 0))",
                  "(4, 154926163483222, 'BRISC', (1, 0))",
                  "(4, 154926163483232, 'BRISC', (0, 0))",
                  "(2, 154926163483764, 'NCRISC', (0, 0))",
                  "(2, 154926163483784, 'NCRISC', (1, 0))",
                  "(3, 154926163483806, 'NCRISC', (0, 0))",
                  "(3, 154926163483816, 'NCRISC', (1, 0))",
                  "(4, 154926163483848, 'NCRISC', (0, 0))",
                  "(4, 154926163483858, 'NCRISC', (1, 0))",
                  "(1, 154926164034043, 'BRISC', (0, 0))",
                  "(1, 154926164034043, 'BRISC', (1, 0))",
                  "(1, 154926164036833, 'NCRISC', (0, 0))",
                  "(1, 154926164036853, 'NCRISC', (1, 0))",
                  "(2, 154926164037193, 'BRISC', (0, 0))",
                  "(2, 154926164037195, 'BRISC', (1, 0))",
                  "(3, 154926164037268, 'BRISC', (0, 0))",
                  "(3, 154926164037269, 'BRISC', (1, 0))",
                  "(4, 154926164037348, 'BRISC', (0, 0))",
                  "(4, 154926164037348, 'BRISC', (1, 0))",
                  "(2, 154926164037880, 'NCRISC', (0, 0))",
                  "(2, 154926164037880, 'NCRISC', (1, 0))",
                  "(3, 154926164037912, 'NCRISC', (1, 0))",
                  "(3, 154926164037922, 'NCRISC', (0, 0))",
                  "(4, 154926164037954, 'NCRISC', (1, 0))",
                  "(4, 154926164037964, 'NCRISC', (0, 0))"
                ]
              }
            }
          }
        },
        "metadata": {
          "global_min": {
            "core": "(0, 0)",
            "risc": "BRISC",
            "ts": 154926163479927
          }
        }
      }
    }
  },
  "setup": {
    "deviceAnalysisData": "device_analysis_data.json",
    "deviceChromeTracing": "device_chrome_tracing.json",
    "devicePerfHTML": "timeline.html",
    "deviceRearranged": "device_rearranged_timestamps.csv",
    "deviceStatsTXT": "device_stats.txt",
    "deviceTarball": "device_perf_results.tgz",
    "displayStats": [
      "Count",
      "Average",
      "Max",
      "Median",
      "Min"
    ],
    "outputFolder": "output/device",
    "plotBaseHeight": 200,
    "plotPerCoreHeight": 100,
    "riscs": [
      "BRISC",
      "NCRISC",
      "TRISC_0",
      "TRISC_1",
      "TRISC_2"
    ],
    "riscsData": {
      "BRISC": {
        "color": "light:g"
      },
      "NCRISC": {
        "color": "light:r"
      },
      "TENSIX": {
        "color": "light:b"
      },
      "TRISC_0": {
        "color": "light:gray"
      },
      "TRISC_1": {
        "color": "light:gray"
      },
      "TRISC_2": {
        "color": "light:gray"
      }
    },
    "timerAnalysis": {
      "ANY RISC FW end -> BRISC FW start": {
        "across": "core",
        "end": {
          "risc": "BRISC",
          "timerID": 1
        },
        "start": {
          "risc": "ANY",
          "timerID": 4
        },
        "type": "adjacent"
      },
      "ANY RISC FW start -> ANY RISC FW end": {
        "across": "core",
        "end": {
          "risc": "ANY",
          "timerID": 4
        },
        "start": {
          "risc": "ANY",
          "timerID": 1
        },
        "type": "launch_first_last"
      },
      "BRISC FW start -> ANY RISC FW end": {
        "across": "core",
        "end": {
          "risc": "ANY",
          "timerID": 4
        },
        "start": {
          "risc": "ANY",
          "timerID": 1
        },
        "type": "session_first_last"
      },
      "BRISC kernel start -> BRISC kernel end": {
        "across": "core",
        "end": {
          "risc": "BRISC",
          "timerID": 3
        },
        "start": {
          "risc": "BRISC",
          "timerID": 2
        },
        "type": "adjacent"
      },
      "NCRISC kernel start -> NCRISC kernel end": {
        "across": "core",
        "end": {
          "risc": "NCRISC",
          "timerID": 3
        },
        "start": {
          "risc": "NCRISC",
          "timerID": 2
        },
        "type": "adjacent"
      },
      "T0 -> ANY CORE ANY RISC FW end": {
        "across": "device",
        "end": {
          "core": "ANY",
          "risc": "ANY",
          "timerID": 4
        },
        "start": {
          "core": "ANY",
          "risc": "ANY",
          "timerID": 1
        },
        "type": "session_first_last"
      },
      "T0 -> ANY RISC FW end": {
        "across": "core",
        "end": {
          "risc": "ANY",
          "timerID": 4
        },
        "start": {
          "risc": "BRISC",
          "timerID": 0
        },
        "type": "session_first_last"
      },
      "T0 -> BRISC FW start": {
        "across": "core",
        "end": {
          "risc": "BRISC",
          "timerID": 1
        },
        "start": {
          "risc": "BRISC",
          "timerID": 0
        },
        "type": "adjacent"
      },
      "TRISC0 kernel start -> TRISC0 kernel end": {
        "across": "core",
        "end": {
          "risc": "TRISC_0",
          "timerID": 3
        },
        "start": {
          "risc": "TRISC_0",
          "timerID": 2
        },
        "type": "adjacent"
      },
      "TRISC1 kernel start -> TRISC1 kernel end": {
        "across": "core",
        "end": {
          "risc": "TRISC_1",
          "timerID": 3
        },
        "start": {
          "risc": "TRISC_1",
          "timerID": 2
        },
        "type": "adjacent"
      },
      "TRISC2 kernel start -> TRISC2 kernel end": {
        "across": "core",
        "end": {
          "risc": "TRISC_2",
          "timerID": 3
        },
        "start": {
          "risc": "TRISC_2",
          "timerID": 2
        },
        "type": "adjacent"
      }
    },
    "timerIDLabels": [
      [
        0,
        "Start"
      ],
      [
        1,
        "Firmware Start"
      ],
      [
        2,
        "Kernel start"
      ],
      [
        3,
        "Kernel End"
      ],
      [
        4,
        "Firmware End"
      ]
    ],
    "webappPort": 8050
  }
}