[
  {
    "args": {
      "name": "(0, 0)"
    },
    "name": "thread_name",
    "ph": "M",
    "pid": 2,
    "tid": 2
  },
  {
    "args": {
      "name": "(0, 0)"
    },
    "name": "thread_name",
    "ph": "M",
    "pid": 1,
    "tid": 1
  },
  {
    "cat": "PERF",
    "name": "BRISC",
    "ph": "B",
    "pid": 1,
    "tid": 1,
    "ts": 154926163479927
  },
  {
    "args": {
      "name": "(0, 0)"
    },
    "name": "thread_name",
    "ph": "M",
    "pid": 1,
    "tid": 1
  },
  {
    "args": {
      "name": "(0, 0)"
    },
    "name": "thread_name",
    "ph": "M",
    "pid": 2,
    "tid": 2
  },
  {
    "args": {
      "name": "(0, 0)"
    },
    "name": "thread_name",
    "ph": "M",
    "pid": 1,
    "tid": 1
  },
  {
    "cat": "PERF",
    "name": "BRISC",
    "ph": "B",
    "pid": 101,
    "tid": 101,
    "ts": 154926163479927
  },
  {
    "args": {
      "name": "(1, 0)"
    },
    "name": "thread_name",
    "ph": "M",
    "pid": 101,
    "tid": 101
  },
  {
    "cat": "PERF",
    "name": "NCRISC",
    "ph": "B",
    "pid": 2,
    "tid": 2,
    "ts": 154926163479927
  },
  {
    "args": {
      "name": "(0, 0)"
    },
    "name": "thread_name",
    "ph": "M",
    "pid": 2,
    "tid": 2
  },
  {
    "cat": "PERF",
    "name": "NCRISC",
    "ph": "B",
    "pid": 102,
    "tid": 102,
    "ts": 154926163479927
  },
  {
    "args": {
      "name": "(1, 0)"
    },
    "name": "thread_name",
    "ph": "M",
    "pid": 102,
    "tid": 102
  },
  {
    "args": {
      "name": "(0, 0)"
    },
    "name": "thread_name",
    "ph": "M",
    "pid": 1,
    "tid": 1
  },
  {
    "args": {
      "name": "(1, 0)"
    },
    "name": "thread_name",
    "ph": "M",
    "pid": 101,
    "tid": 101
  },
  {
    "args": {
      "name": "(0, 0)"
    },
    "name": "thread_name",
    "ph": "M",
    "pid": 1,
    "tid": 1
  },
  {
    "args": {
      "name": "(1, 0)"
    },
    "name": "thread_name",
    "ph": "M",
    "pid": 101,
    "tid": 101
  },
  {
    "cat": "PERF",
    "name": "BRISC",
    "ph": "E",
    "pid": 101,
    "tid": 101,
    "ts": 154926163483222
  },
  {
    "args": {
      "name": "(1, 0)"
    },
    "name": "thread_name",
    "ph": "M",
    "pid": 101,
    "tid": 101
  },
  {
    "cat": "PERF",
    "name": "BRISC",
    "ph": "E",
    "pid": 1,
    "tid": 1,
    "ts": 154926163483232
  },
  {
    "args": {
      "name": "(0, 0)"
    },
    "name": "thread_name",
    "ph": "M",
    "pid": 1,
    "tid": 1
  },
  {
    "args": {
      "name": "(0, 0)"
    },
    "name": "thread_name",
    "ph": "M",
    "pid": 2,
    "tid": 2
  },
  {
    "args": {
      "name": "(1, 0)"
    },
    "name": "thread_name",
    "ph": "M",
    "pid": 102,
    "tid": 102
  },
  {
    "args": {
      "name": "(0, 0)"
    },
    "name": "thread_name",
    "ph": "M",
    "pid": 2,
    "tid": 2
  },
  {
    "args": {
      "name": "(1, 0)"
    },
    "name": "thread_name",
    "ph": "M",
    "pid": 102,
    "tid": 102
  },
  {
    "cat": "PERF",
    "name": "NCRISC",
    "ph": "E",
    "pid": 2,
    "tid": 2,
    "ts": 154926163483848
  },
  {
    "args": {
      "name": "(0, 0)"
    },
    "name": "thread_name",
    "ph": "M",
    "pid": 2,
    "tid": 2
  },
  {
    "cat": "PERF",
    "name": "NCRISC",
    "ph": "E",
    "pid": 102,
    "tid": 102,
    "ts": 154926163483858
  },
  {
    "args": {
      "name": "(1, 0)"
    },
    "name": "thread_name",
    "ph": "M",
    "pid": 102,
    "tid": 102
  },
  {
    "cat": "PERF",
    "name": "BRISC",
    "ph": "B",
    "pid": 1,
    "tid": 1,
    "ts": 154926163479927
  },
  {
    "args": {
      "name": "(0, 0)"
    },
    "name": "thread_name",
    "ph": "M",
    "pid": 1,
    "tid": 1
  },
  {
    "cat": "PERF",
    "name": "BRISC",
    "ph": "B",
    "pid": 101,
    "tid": 101,
    "ts": 154926163479927
  },
  {
    "args": {
      "name": "(1, 0)"
    },
    "name": "thread_name",
    "ph": "M",
    "pid": 101,
    "tid": 101
  },
  {
    "cat": "PERF",
    "name": "NCRISC",
    "ph": "B",
    "pid": 2,
    "tid": 2,
    "ts": 154926163479927
  },
  {
    "args": {
      "name": "(0, 0)"
    },
    "name": "thread_name",
    "ph": "M",
    "pid": 2,
    "tid": 2
  },
  {
    "cat": "PERF",
    "name": "NCRISC",
    "ph": "B",
    "pid": 102,
    "tid": 102,
    "ts": 154926163479927
  },
  {
    "args": {
      "name": "(1, 0)"
    },
    "name": "thread_name",
    "ph": "M",
    "pid": 102,
    "tid": 102
  },
  {
    "args": {
      "name": "(0, 0)"
    },
    "name": "thread_name",
    "ph": "M",
    "pid": 1,
    "tid": 1
  },
  {
    "args": {
      "name": "(1, 0)"
    },
    "name": "thread_name",
    "ph": "M",
    "pid": 101,
    "tid": 101
  },
  {
    "args": {
      "name": "(0, 0)"
    },
    "name": "thread_name",
    "ph": "M",
    "pid": 1,
    "tid": 1
  },
  {
    "args": {
      "name": "(1, 0)"
    },
    "name": "thread_name",
    "ph": "M",
    "pid": 101,
    "tid": 101
  },
  {
    "cat": "PERF",
    "name": "BRISC",
    "ph": "E",
    "pid": 1,
    "tid": 1,
    "ts": 154926164037348
  },
  {
    "args": {
      "name": "(0, 0)"
    },
    "name": "thread_name",
    "ph": "M",
    "pid": 1,
    "tid": 1
  },
  {
    "cat": "PERF",
    "name": "BRISC",
    "ph": "E",
    "pid": 101,
    "tid": 101,
    "ts": 154926164037348
  },
  {
    "args": {
      "name": "(1, 0)"
    },
    "name": "thread_name",
    "ph": "M",
    "pid": 101,
    "tid": 101
  },
  {
    "args": {
      "name": "(0, 0)"
    },
    "name": "thread_name",
    "ph": "M",
    "pid": 2,
    "tid": 2
  },
  {
    "args": {
      "name": "(1, 0)"
    },
    "name": "thread_name",
    "ph": "M",
    "pid": 102,
    "tid": 102
  },
  {
    "args": {
      "name": "(1, 0)"
    },
    "name": "thread_name",
    "ph": "M",
    "pid": 102,
    "tid": 102
  },
  {
    "args": {
      "name": "(0, 0)"
    },
    "name": "thread_name",
    "ph": "M",
    "pid": 2,
    "tid": 2
  },
  {
    "cat": "PERF",
    "name": "NCRISC",
    "ph": "E",
    "pid": 102,
    "tid": 102,
    "ts": 154926164037954
  },
  {
    "args": {
      "name": "(1, 0)"
    },
    "name": "thread_name",
    "ph": "M",
    "pid": 102,
    "tid": 102
  },
  {
    "cat": "PERF",
    "name": "NCRISC",
    "ph": "E",
    "pid": 2,
    "tid": 2,
    "ts": 154926164037964
  },
  {
    "args": {
      "name": "(0, 0)"
    },
    "name": "thread_name",
    "ph": "M",
    "pid": 2,
    "tid": 2
  }
]