[
  {
    "args": {
      "name": "(0, 3)"
    },
    "name": "thread_name",
    "ph": "M",
    "pid": 30002,
    "tid": 30002
  },
  {
    "args": {
      "name": "(0, 3)"
    },
    "name": "thread_name",
    "ph": "M",
    "pid": 30001,
    "tid": 30001
  },
  {
    "args": {
      "name": "(0, 3)"
    },
    "name": "thread_name",
    "ph": "M",
    "pid": 30002,
    "tid": 30002
  },
  {
    "args": {
      "name": "(0, 3)"
    },
    "name": "thread_name",
    "ph": "M",
    "pid": 30001,
    "tid": 30001
  },
  {
    "args": {
      "name": "(0, 3)"
    },
    "name": "thread_name",
    "ph": "M",
    "pid": 30002,
    "tid": 30002
  },
  {
    "args": {
      "name": "(0, 3)"
    },
    "name": "thread_name",
    "ph": "M",
    "pid": 30001,
    "tid": 30001
  },
  {
    "args": {
      "name": "(0, 3)"
    },
    "name": "thread_name",
    "ph": "M",
    "pid": 30002,
    "tid": 30002
  },
  {
    "args": {
      "name": "(0, 3)"
    },
    "name": "thread_name",
    "ph": "M",
    "pid": 30001,
    "tid": 30001
  },
  {
    "cat": "PERF",
    "name": "BRISC",
    "ph": "B",
    "pid": 30001,
    "tid": 30001,
    "ts": 6572664646739
  },
  {
    "args": {
      "name": "(0, 3)"
    },
    "name": "thread_name",
    "ph": "M",
    "pid": 30001,
    "tid": 30001
  },
  {
    "args": {
      "name": "(0, 3)"
    },
    "name": "thread_name",
    "ph": "M",
    "pid": 30002,
    "tid": 30002
  },
  {
    "args": {
      "name": "(0, 3)"
    },
    "name": "thread_name",
    "ph": "M",
    "pid": 30001,
    "tid": 30001
  },
  {
    "cat": "PERF",
    "name": "BRISC",
    "ph": "B",
    "pid": 40001,
    "tid": 40001,
    "ts": 6572664646739
  },
  {
    "args": {
      "name": "(0, 4)"
    },
    "name": "thread_name",
    "ph": "M",
    "pid": 40001,
    "tid": 40001
  },
  {
    "cat": "PERF",
    "name": "BRISC",
    "ph": "B",
    "pid": 1,
    "tid": 1,
    "ts": 6572664646739
  },
  {
    "args": {
      "name": "(0, 0)"
    },
    "name": "thread_name",
    "ph": "M",
    "pid": 1,
    "tid": 1
  },
  {
    "cat": "PERF",
    "name": "BRISC",
    "ph": "B",
    "pid": 10001,
    "tid": 10001,
    "ts": 6572664646739
  },
  {
    "args": {
      "name": "(0, 1)"
    },
    "name": "thread_name",
    "ph": "M",
    "pid": 10001,
    "tid": 10001
  },
  {
    "cat": "PERF",
    "name": "BRISC",
    "ph": "B",
    "pid": 20001,
    "tid": 20001,
    "ts": 6572664646739
  },
  {
    "args": {
      "name": "(0, 2)"
    },
    "name": "thread_name",
    "ph": "M",
    "pid": 20001,
    "tid": 20001
  },
  {
    "args": {
      "name": "(0, 3)"
    },
    "name": "thread_name",
    "ph": "M",
    "pid": 30001,
    "tid": 30001
  },
  {
    "args": {
      "name": "(0, 4)"
    },
    "name": "thread_name",
    "ph": "M",
    "pid": 40001,
    "tid": 40001
  },
  {
    "cat": "PERF",
    "name": "NCRISC",
    "ph": "B",
    "pid": 30002,
    "tid": 30002,
    "ts": 6572664646739
  },
  {
    "args": {
      "name": "(0, 3)"
    },
    "name": "thread_name",
    "ph": "M",
    "pid": 30002,
    "tid": 30002
  },
  {
    "cat": "PERF",
    "name": "NCRISC",
    "ph": "B",
    "pid": 40002,
    "tid": 40002,
    "ts": 6572664646739
  },
  {
    "args": {
      "name": "(0, 4)"
    },
    "name": "thread_name",
    "ph": "M",
    "pid": 40002,
    "tid": 40002
  },
  {
    "args": {
      "name": "(0, 0)"
    },
    "name": "thread_name",
    "ph": "M",
    "pid": 1,
    "tid": 1
  },
  {
    "args": {
      "name": "(0, 1)"
    },
    "name": "thread_name",
    "ph": "M",
    "pid": 10001,
    "tid": 10001
  },
  {
    "args": {
      "name": "(0, 2)"
    },
    "name": "thread_name",
    "ph": "M",
    "pid": 20001,
    "tid": 20001
  },
  {
    "cat": "PERF",
    "name": "NCRISC",
    "ph": "B",
    "pid": 2,
    "tid": 2,
    "ts": 6572664646739
  },
  {
    "args": {
      "name": "(0, 0)"
    },
    "name": "thread_name",
    "ph": "M",
    "pid": 2,
    "tid": 2
  },
  {
    "cat": "PERF",
    "name": "NCRISC",
    "ph": "B",
    "pid": 10002,
    "tid": 10002,
    "ts": 6572664646739
  },
  {
    "args": {
      "name": "(0, 1)"
    },
    "name": "thread_name",
    "ph": "M",
    "pid": 10002,
    "tid": 10002
  },
  {
    "cat": "PERF",
    "name": "NCRISC",
    "ph": "B",
    "pid": 20002,
    "tid": 20002,
    "ts": 6572664646739
  },
  {
    "args": {
      "name": "(0, 2)"
    },
    "name": "thread_name",
    "ph": "M",
    "pid": 20002,
    "tid": 20002
  },
  {
    "args": {
      "name": "(0, 3)"
    },
    "name": "thread_name",
    "ph": "M",
    "pid": 30002,
    "tid": 30002
  },
  {
    "args": {
      "name": "(0, 4)"
    },
    "name": "thread_name",
    "ph": "M",
    "pid": 40002,
    "tid": 40002
  },
  {
    "args": {
      "name": "(0, 0)"
    },
    "name": "thread_name",
    "ph": "M",
    "pid": 2,
    "tid": 2
  },
  {
    "args": {
      "name": "(0, 1)"
    },
    "name": "thread_name",
    "ph": "M",
    "pid": 10002,
    "tid": 10002
  },
  {
    "args": {
      "name": "(0, 2)"
    },
    "name": "thread_name",
    "ph": "M",
    "pid": 20002,
    "tid": 20002
  },
  {
    "args": {
      "name": "(0, 0)"
    },
    "name": "thread_name",
    "ph": "M",
    "pid": 2,
    "tid": 2
  },
  {
    "args": {
      "name": "(0, 1)"
    },
    "name": "thread_name",
    "ph": "M",
    "pid": 10002,
    "tid": 10002
  },
  {
    "args": {
      "name": "(0, 2)"
    },
    "name": "thread_name",
    "ph": "M",
    "pid": 20002,
    "tid": 20002
  },
  {
    "args": {
      "name": "(0, 3)"
    },
    "name": "thread_name",
    "ph": "M",
    "pid": 30002,
    "tid": 30002
  },
  {
    "args": {
      "name": "(0, 4)"
    },
    "name": "thread_name",
    "ph": "M",
    "pid": 40002,
    "tid": 40002
  },
  {
    "args": {
      "name": "(0, 0)"
    },
    "name": "thread_name",
    "ph": "M",
    "pid": 2,
    "tid": 2
  },
  {
    "cat": "PERF",
    "name": "NCRISC",
    "ph": "E",
    "pid": 2,
    "tid": 2,
    "ts": 6572672743767
  },
  {
    "args": {
      "name": "(0, 0)"
    },
    "name": "thread_name",
    "ph": "M",
    "pid": 2,
    "tid": 2
  },
  {
    "args": {
      "name": "(0, 1)"
    },
    "name": "thread_name",
    "ph": "M",
    "pid": 10002,
    "tid": 10002
  },
  {
    "cat": "PERF",
    "name": "NCRISC",
    "ph": "E",
    "pid": 10002,
    "tid": 10002,
    "ts": 6572672757098
  },
  {
    "args": {
      "name": "(0, 1)"
    },
    "name": "thread_name",
    "ph": "M",
    "pid": 10002,
    "tid": 10002
  },
  {
    "args": {
      "name": "(0, 0)"
    },
    "name": "thread_name",
    "ph": "M",
    "pid": 1,
    "tid": 1
  },
  {
    "args": {
      "name": "(0, 1)"
    },
    "name": "thread_name",
    "ph": "M",
    "pid": 10001,
    "tid": 10001
  },
  {
    "args": {
      "name": "(0, 3)"
    },
    "name": "thread_name",
    "ph": "M",
    "pid": 30002,
    "tid": 30002
  },
  {
    "cat": "PERF",
    "name": "NCRISC",
    "ph": "E",
    "pid": 30002,
    "tid": 30002,
    "ts": 6572672861993
  },
  {
    "args": {
      "name": "(0, 3)"
    },
    "name": "thread_name",
    "ph": "M",
    "pid": 30002,
    "tid": 30002
  },
  {
    "args": {
      "name": "(0, 2)"
    },
    "name": "thread_name",
    "ph": "M",
    "pid": 20002,
    "tid": 20002
  },
  {
    "cat": "PERF",
    "name": "NCRISC",
    "ph": "E",
    "pid": 20002,
    "tid": 20002,
    "ts": 6572672873771
  },
  {
    "args": {
      "name": "(0, 2)"
    },
    "name": "thread_name",
    "ph": "M",
    "pid": 20002,
    "tid": 20002
  },
  {
    "args": {
      "name": "(0, 3)"
    },
    "name": "thread_name",
    "ph": "M",
    "pid": 30001,
    "tid": 30001
  },
  {
    "args": {
      "name": "(0, 4)"
    },
    "name": "thread_name",
    "ph": "M",
    "pid": 40002,
    "tid": 40002
  },
  {
    "cat": "PERF",
    "name": "NCRISC",
    "ph": "E",
    "pid": 40002,
    "tid": 40002,
    "ts": 6572672924427
  },
  {
    "args": {
      "name": "(0, 4)"
    },
    "name": "thread_name",
    "ph": "M",
    "pid": 40002,
    "tid": 40002
  },
  {
    "args": {
      "name": "(0, 2)"
    },
    "name": "thread_name",
    "ph": "M",
    "pid": 20001,
    "tid": 20001
  },
  {
    "args": {
      "name": "(0, 4)"
    },
    "name": "thread_name",
    "ph": "M",
    "pid": 40001,
    "tid": 40001
  },
  {
    "args": {
      "name": "(0, 4)"
    },
    "name": "thread_name",
    "ph": "M",
    "pid": 40001,
    "tid": 40001
  },
  {
    "cat": "PERF",
    "name": "BRISC",
    "ph": "E",
    "pid": 40001,
    "tid": 40001,
    "ts": 6572675879211
  },
  {
    "args": {
      "name": "(0, 4)"
    },
    "name": "thread_name",
    "ph": "M",
    "pid": 40001,
    "tid": 40001
  },
  {
    "args": {
      "name": "(0, 3)"
    },
    "name": "thread_name",
    "ph": "M",
    "pid": 30001,
    "tid": 30001
  },
  {
    "cat": "PERF",
    "name": "BRISC",
    "ph": "E",
    "pid": 30001,
    "tid": 30001,
    "ts": 6572675915392
  },
  {
    "args": {
      "name": "(0, 3)"
    },
    "name": "thread_name",
    "ph": "M",
    "pid": 30001,
    "tid": 30001
  },
  {
    "args": {
      "name": "(0, 2)"
    },
    "name": "thread_name",
    "ph": "M",
    "pid": 20001,
    "tid": 20001
  },
  {
    "cat": "PERF",
    "name": "BRISC",
    "ph": "E",
    "pid": 20001,
    "tid": 20001,
    "ts": 6572676150770
  },
  {
    "args": {
      "name": "(0, 2)"
    },
    "name": "thread_name",
    "ph": "M",
    "pid": 20001,
    "tid": 20001
  },
  {
    "args": {
      "name": "(0, 0)"
    },
    "name": "thread_name",
    "ph": "M",
    "pid": 1,
    "tid": 1
  },
  {
    "cat": "PERF",
    "name": "BRISC",
    "ph": "E",
    "pid": 1,
    "tid": 1,
    "ts": 6572676172032
  },
  {
    "args": {
      "name": "(0, 0)"
    },
    "name": "thread_name",
    "ph": "M",
    "pid": 1,
    "tid": 1
  },
  {
    "args": {
      "name": "(0, 1)"
    },
    "name": "thread_name",
    "ph": "M",
    "pid": 10001,
    "tid": 10001
  },
  {
    "cat": "PERF",
    "name": "BRISC",
    "ph": "E",
    "pid": 10001,
    "tid": 10001,
    "ts": 6572676172205
  },
  {
    "args": {
      "name": "(0, 1)"
    },
    "name": "thread_name",
    "ph": "M",
    "pid": 10001,
    "tid": 10001
  }
]