
=================== FW start ===================
       Count  =          5
     Average  =         56
         Max  =         99
      Median  =         81
         Min  =          0

                        0                1                2                3                4                5                6                7                8                9               10               11
        ============================================================================================================================================================================================================
                    DRAM0              ---              ---            DRAM1              ---              ---            DRAM2              ---              ---            DRAM3              ---              ---
 0|| ---               81                X                X                X                X                X                X                X                X                X                X                X
 1|| ARC               91                X                X                X                X                X                X                X                X                X                X                X
 2|| ---               99                X                X                X                X                X                X                X                X                X                X                X
 3|| PCI                0                X                X                X                X                X                X                X                X                X                X                X
 4|| ---                8                X                X                X                X                X                X                X                X                X                X                X
     ---            DRAM4              ---              ---            DRAM5              ---              ---            DRAM6              ---              ---            DRAM7              ---              ---
 5|| ---                X                X                X                X                X                X                X                X                X                X                X                X
 6|| ---                X                X                X                X                X                X                X                X                X                X                X                X
 7|| ---                X                X                X                X                X                X                X                X                X                X                X                X
 8|| ---                X                X                X                X                X                X                X                X                X                X                X                X
 9|| ---                X                X                X                X                X                X                X                X                X                X                X                X




=================== BRISC kernel start -> BRISC kernel end ===================
       Count  =          5
     Average  = 11,407,631
         Max  = 11,521,876
      Median  = 11,500,437
         Min  = 11,228,973

                        0                1                2                3                4                5                6                7                8                9               10               11
        ============================================================================================================================================================================================================
                    DRAM0              ---              ---            DRAM1              ---              ---            DRAM2              ---              ---            DRAM3              ---              ---
 0|| ---       11,521,712                X                X                X                X                X                X                X                X                X                X                X
 1|| ARC       11,521,876                X                X                X                X                X                X                X                X                X                X                X
 2|| ---       11,500,437                X                X                X                X                X                X                X                X                X                X                X
 3|| PCI       11,265,158                X                X                X                X                X                X                X                X                X                X                X
 4|| ---       11,228,973                X                X                X                X                X                X                X                X                X                X                X
     ---            DRAM4              ---              ---            DRAM5              ---              ---            DRAM6              ---              ---            DRAM7              ---              ---
 5|| ---                X                X                X                X                X                X                X                X                X                X                X                X
 6|| ---                X                X                X                X                X                X                X                X                X                X                X                X
 7|| ---                X                X                X                X                X                X                X                X                X                X                X                X
 8|| ---                X                X                X                X                X                X                X                X                X                X                X                X
 9|| ---                X                X                X                X                X                X                X                X                X                X                X                X




=================== NCRISC kernel start -> NCRISC kernel end ===================
       Count  =          5
     Average  =  8,180,608
         Max  =  8,272,872
      Median  =  8,210,446
         Min  =  8,092,139

                        0                1                2                3                4                5                6                7                8                9               10               11
        ============================================================================================================================================================================================================
                    DRAM0              ---              ---            DRAM1              ---              ---            DRAM2              ---              ---            DRAM3              ---              ---
 0|| ---        8,092,139                X                X                X                X                X                X                X                X                X                X                X
 1|| ARC        8,105,460                X                X                X                X                X                X                X                X                X                X                X
 2|| ---        8,222,125                X                X                X                X                X                X                X                X                X                X                X
 3|| PCI        8,210,446                X                X                X                X                X                X                X                X                X                X                X
 4|| ---        8,272,872                X                X                X                X                X                X                X                X                X                X                X
     ---            DRAM4              ---              ---            DRAM5              ---              ---            DRAM6              ---              ---            DRAM7              ---              ---
 5|| ---                X                X                X                X                X                X                X                X                X                X                X                X
 6|| ---                X                X                X                X                X                X                X                X                X                X                X                X
 7|| ---                X                X                X                X                X                X                X                X                X                X                X                X
 8|| ---                X                X                X                X                X                X                X                X                X                X                X                X
 9|| ---                X                X                X                X                X                X                X                X                X                X                X                X




=================== Core end ===================
       Count  =          5
     Average  = 11,411,183
         Max  = 11,525,466
      Median  = 11,504,031
         Min  = 11,232,472

                        0                1                2                3                4                5                6                7                8                9               10               11
        ============================================================================================================================================================================================================
                    DRAM0              ---              ---            DRAM1              ---              ---            DRAM2              ---              ---            DRAM3              ---              ---
 0|| ---       11,525,293                X                X                X                X                X                X                X                X                X                X                X
 1|| ARC       11,525,466                X                X                X                X                X                X                X                X                X                X                X
 2|| ---       11,504,031                X                X                X                X                X                X                X                X                X                X                X
 3|| PCI       11,268,653                X                X                X                X                X                X                X                X                X                X                X
 4|| ---       11,232,472                X                X                X                X                X                X                X                X                X                X                X
     ---            DRAM4              ---              ---            DRAM5              ---              ---            DRAM6              ---              ---            DRAM7              ---              ---
 5|| ---                X                X                X                X                X                X                X                X                X                X                X                X
 6|| ---                X                X                X                X                X                X                X                X                X                X                X                X
 7|| ---                X                X                X                X                X                X                X                X                X                X                X                X
 8|| ---                X                X                X                X                X                X                X                X                X                X                X                X
 9|| ---                X                X                X                X                X                X                X                X                X                X                X                X




=================== Core start -> Core end ===================
       Count  =          5
     Average  = 11,411,127
         Max  = 11,525,375
      Median  = 11,503,932
         Min  = 11,232,464

                        0                1                2                3                4                5                6                7                8                9               10               11
        ============================================================================================================================================================================================================
                    DRAM0              ---              ---            DRAM1              ---              ---            DRAM2              ---              ---            DRAM3              ---              ---
 0|| ---       11,525,212                X                X                X                X                X                X                X                X                X                X                X
 1|| ARC       11,525,375                X                X                X                X                X                X                X                X                X                X                X
 2|| ---       11,503,932                X                X                X                X                X                X                X                X                X                X                X
 3|| PCI       11,268,653                X                X                X                X                X                X                X                X                X                X                X
 4|| ---       11,232,464                X                X                X                X                X                X                X                X                X                X                X
     ---            DRAM4              ---              ---            DRAM5              ---              ---            DRAM6              ---              ---            DRAM7              ---              ---
 5|| ---                X                X                X                X                X                X                X                X                X                X                X                X
 6|| ---                X                X                X                X                X                X                X                X                X                X                X                X
 7|| ---                X                X                X                X                X                X                X                X                X                X                X                X
 8|| ---                X                X                X                X                X                X                X                X                X                X                X                X
 9|| ---                X                X                X                X                X                X                X                X                X                X                X                X




=================== Device start -> Device end ===================
    Duration  = 11,525,466

