Clock Frequency [GHz],1.2
PCIe slot,0
core x,core y,BRISC Firmware Start,BRISC Kernel start,BRISC Kernel End,BRISC Firmware End,NCRISC Firmware Start,NCRISC Kernel start,NCRISC Kernel End,NCRISC Firmware End
0,0,148245641122969 148246679163911,148245641126351 148246679167293,148245641240338 148246679255722,148245641240464 148246679255852,148245641126335 148246679167277,148245641127535 148246679168595,148245641229944 148246679227444,148245641229988 148246679227488
1,0,148246679163911,148246679167293,148246679255722,148246679255852,148246679167277,148246679168595,148246679227444,148246679227488
