[
  {
    "args": {
      "name": "(0, 0)"
    },
    "name": "thread_name",
    "ph": "M",
    "pid": 2,
    "tid": 2
  },
  {
    "args": {
      "name": "(0, 0)"
    },
    "name": "thread_name",
    "ph": "M",
    "pid": 1,
    "tid": 1
  },
  {
    "cat": "PERF",
    "name": "BRISC",
    "ph": "B",
    "pid": 1,
    "tid": 1,
    "ts": 320219178244005
  },
  {
    "args": {
      "name": "(0, 0)"
    },
    "name": "thread_name",
    "ph": "M",
    "pid": 1,
    "tid": 1
  },
  {
    "args": {
      "name": "(0, 0)"
    },
    "name": "thread_name",
    "ph": "M",
    "pid": 3,
    "tid": 3
  },
  {
    "args": {
      "name": "(0, 0)"
    },
    "name": "thread_name",
    "ph": "M",
    "pid": 4,
    "tid": 4
  },
  {
    "args": {
      "name": "(0, 0)"
    },
    "name": "thread_name",
    "ph": "M",
    "pid": 5,
    "tid": 5
  },
  {
    "args": {
      "name": "(0, 0)"
    },
    "name": "thread_name",
    "ph": "M",
    "pid": 1,
    "tid": 1
  },
  {
    "cat": "PERF",
    "name": "NCRISC",
    "ph": "B",
    "pid": 2,
    "tid": 2,
    "ts": 320219178244005
  },
  {
    "args": {
      "name": "(0, 0)"
    },
    "name": "thread_name",
    "ph": "M",
    "pid": 2,
    "tid": 2
  },
  {
    "cat": "PERF",
    "name": "TRISC_1",
    "ph": "B",
    "pid": 4,
    "tid": 4,
    "ts": 320219178244005
  },
  {
    "args": {
      "name": "(0, 0)"
    },
    "name": "thread_name",
    "ph": "M",
    "pid": 4,
    "tid": 4
  },
  {
    "cat": "PERF",
    "name": "TRISC_0",
    "ph": "B",
    "pid": 3,
    "tid": 3,
    "ts": 320219178244005
  },
  {
    "args": {
      "name": "(0, 0)"
    },
    "name": "thread_name",
    "ph": "M",
    "pid": 3,
    "tid": 3
  },
  {
    "cat": "PERF",
    "name": "TRISC_2",
    "ph": "B",
    "pid": 5,
    "tid": 5,
    "ts": 320219178244005
  },
  {
    "args": {
      "name": "(0, 0)"
    },
    "name": "thread_name",
    "ph": "M",
    "pid": 5,
    "tid": 5
  },
  {
    "args": {
      "name": "(0, 0)"
    },
    "name": "thread_name",
    "ph": "M",
    "pid": 4,
    "tid": 4
  },
  {
    "args": {
      "name": "(0, 0)"
    },
    "name": "thread_name",
    "ph": "M",
    "pid": 3,
    "tid": 3
  },
  {
    "args": {
      "name": "(0, 0)"
    },
    "name": "thread_name",
    "ph": "M",
    "pid": 4,
    "tid": 4
  },
  {
    "args": {
      "name": "(0, 0)"
    },
    "name": "thread_name",
    "ph": "M",
    "pid": 5,
    "tid": 5
  },
  {
    "args": {
      "name": "(0, 0)"
    },
    "name": "thread_name",
    "ph": "M",
    "pid": 2,
    "tid": 2
  },
  {
    "args": {
      "name": "(0, 0)"
    },
    "name": "thread_name",
    "ph": "M",
    "pid": 2,
    "tid": 2
  },
  {
    "args": {
      "name": "(0, 0)"
    },
    "name": "thread_name",
    "ph": "M",
    "pid": 2,
    "tid": 2
  },
  {
    "args": {
      "name": "(0, 0)"
    },
    "name": "thread_name",
    "ph": "M",
    "pid": 2,
    "tid": 2
  },
  {
    "args": {
      "name": "(0, 0)"
    },
    "name": "thread_name",
    "ph": "M",
    "pid": 2,
    "tid": 2
  },
  {
    "args": {
      "name": "(0, 0)"
    },
    "name": "thread_name",
    "ph": "M",
    "pid": 2,
    "tid": 2
  },
  {
    "args": {
      "name": "(0, 0)"
    },
    "name": "thread_name",
    "ph": "M",
    "pid": 2,
    "tid": 2
  },
  {
    "args": {
      "name": "(0, 0)"
    },
    "name": "thread_name",
    "ph": "M",
    "pid": 2,
    "tid": 2
  },
  {
    "args": {
      "name": "(0, 0)"
    },
    "name": "thread_name",
    "ph": "M",
    "pid": 5,
    "tid": 5
  },
  {
    "args": {
      "name": "(0, 0)"
    },
    "name": "thread_name",
    "ph": "M",
    "pid": 2,
    "tid": 2
  },
  {
    "args": {
      "name": "(0, 0)"
    },
    "name": "thread_name",
    "ph": "M",
    "pid": 2,
    "tid": 2
  },
  {
    "args": {
      "name": "(0, 0)"
    },
    "name": "thread_name",
    "ph": "M",
    "pid": 2,
    "tid": 2
  },
  {
    "args": {
      "name": "(0, 0)"
    },
    "name": "thread_name",
    "ph": "M",
    "pid": 2,
    "tid": 2
  },
  {
    "args": {
      "name": "(0, 0)"
    },
    "name": "thread_name",
    "ph": "M",
    "pid": 2,
    "tid": 2
  },
  {
    "args": {
      "name": "(0, 0)"
    },
    "name": "thread_name",
    "ph": "M",
    "pid": 2,
    "tid": 2
  },
  {
    "args": {
      "name": "(0, 0)"
    },
    "name": "thread_name",
    "ph": "M",
    "pid": 3,
    "tid": 3
  },
  {
    "args": {
      "name": "(0, 0)"
    },
    "name": "thread_name",
    "ph": "M",
    "pid": 3,
    "tid": 3
  },
  {
    "args": {
      "name": "(0, 0)"
    },
    "name": "thread_name",
    "ph": "M",
    "pid": 4,
    "tid": 4
  },
  {
    "args": {
      "name": "(0, 0)"
    },
    "name": "thread_name",
    "ph": "M",
    "pid": 5,
    "tid": 5
  },
  {
    "args": {
      "name": "(0, 0)"
    },
    "name": "thread_name",
    "ph": "M",
    "pid": 3,
    "tid": 3
  },
  {
    "args": {
      "name": "(0, 0)"
    },
    "name": "thread_name",
    "ph": "M",
    "pid": 4,
    "tid": 4
  },
  {
    "args": {
      "name": "(0, 0)"
    },
    "name": "thread_name",
    "ph": "M",
    "pid": 5,
    "tid": 5
  },
  {
    "args": {
      "name": "(0, 0)"
    },
    "name": "thread_name",
    "ph": "M",
    "pid": 3,
    "tid": 3
  },
  {
    "args": {
      "name": "(0, 0)"
    },
    "name": "thread_name",
    "ph": "M",
    "pid": 4,
    "tid": 4
  },
  {
    "args": {
      "name": "(0, 0)"
    },
    "name": "thread_name",
    "ph": "M",
    "pid": 5,
    "tid": 5
  },
  {
    "args": {
      "name": "(0, 0)"
    },
    "name": "thread_name",
    "ph": "M",
    "pid": 3,
    "tid": 3
  },
  {
    "args": {
      "name": "(0, 0)"
    },
    "name": "thread_name",
    "ph": "M",
    "pid": 4,
    "tid": 4
  },
  {
    "args": {
      "name": "(0, 0)"
    },
    "name": "thread_name",
    "ph": "M",
    "pid": 5,
    "tid": 5
  },
  {
    "args": {
      "name": "(0, 0)"
    },
    "name": "thread_name",
    "ph": "M",
    "pid": 3,
    "tid": 3
  },
  {
    "args": {
      "name": "(0, 0)"
    },
    "name": "thread_name",
    "ph": "M",
    "pid": 4,
    "tid": 4
  },
  {
    "args": {
      "name": "(0, 0)"
    },
    "name": "thread_name",
    "ph": "M",
    "pid": 5,
    "tid": 5
  },
  {
    "args": {
      "name": "(0, 0)"
    },
    "name": "thread_name",
    "ph": "M",
    "pid": 3,
    "tid": 3
  },
  {
    "args": {
      "name": "(0, 0)"
    },
    "name": "thread_name",
    "ph": "M",
    "pid": 4,
    "tid": 4
  },
  {
    "args": {
      "name": "(0, 0)"
    },
    "name": "thread_name",
    "ph": "M",
    "pid": 5,
    "tid": 5
  },
  {
    "args": {
      "name": "(0, 0)"
    },
    "name": "thread_name",
    "ph": "M",
    "pid": 3,
    "tid": 3
  },
  {
    "args": {
      "name": "(0, 0)"
    },
    "name": "thread_name",
    "ph": "M",
    "pid": 4,
    "tid": 4
  },
  {
    "args": {
      "name": "(0, 0)"
    },
    "name": "thread_name",
    "ph": "M",
    "pid": 5,
    "tid": 5
  },
  {
    "args": {
      "name": "(0, 0)"
    },
    "name": "thread_name",
    "ph": "M",
    "pid": 3,
    "tid": 3
  },
  {
    "args": {
      "name": "(0, 0)"
    },
    "name": "thread_name",
    "ph": "M",
    "pid": 4,
    "tid": 4
  },
  {
    "args": {
      "name": "(0, 0)"
    },
    "name": "thread_name",
    "ph": "M",
    "pid": 5,
    "tid": 5
  },
  {
    "args": {
      "name": "(0, 0)"
    },
    "name": "thread_name",
    "ph": "M",
    "pid": 3,
    "tid": 3
  },
  {
    "args": {
      "name": "(0, 0)"
    },
    "name": "thread_name",
    "ph": "M",
    "pid": 4,
    "tid": 4
  },
  {
    "args": {
      "name": "(0, 0)"
    },
    "name": "thread_name",
    "ph": "M",
    "pid": 5,
    "tid": 5
  },
  {
    "args": {
      "name": "(0, 0)"
    },
    "name": "thread_name",
    "ph": "M",
    "pid": 3,
    "tid": 3
  },
  {
    "args": {
      "name": "(0, 0)"
    },
    "name": "thread_name",
    "ph": "M",
    "pid": 4,
    "tid": 4
  },
  {
    "args": {
      "name": "(0, 0)"
    },
    "name": "thread_name",
    "ph": "M",
    "pid": 5,
    "tid": 5
  },
  {
    "args": {
      "name": "(0, 0)"
    },
    "name": "thread_name",
    "ph": "M",
    "pid": 3,
    "tid": 3
  },
  {
    "args": {
      "name": "(0, 0)"
    },
    "name": "thread_name",
    "ph": "M",
    "pid": 4,
    "tid": 4
  },
  {
    "args": {
      "name": "(0, 0)"
    },
    "name": "thread_name",
    "ph": "M",
    "pid": 5,
    "tid": 5
  },
  {
    "args": {
      "name": "(0, 0)"
    },
    "name": "thread_name",
    "ph": "M",
    "pid": 3,
    "tid": 3
  },
  {
    "args": {
      "name": "(0, 0)"
    },
    "name": "thread_name",
    "ph": "M",
    "pid": 4,
    "tid": 4
  },
  {
    "args": {
      "name": "(0, 0)"
    },
    "name": "thread_name",
    "ph": "M",
    "pid": 5,
    "tid": 5
  },
  {
    "cat": "PERF",
    "name": "NCRISC",
    "ph": "E",
    "pid": 2,
    "tid": 2,
    "ts": 320219186122486
  },
  {
    "args": {
      "name": "(0, 0)"
    },
    "name": "thread_name",
    "ph": "M",
    "pid": 2,
    "tid": 2
  },
  {
    "args": {
      "name": "(0, 0)"
    },
    "name": "thread_name",
    "ph": "M",
    "pid": 1,
    "tid": 1
  },
  {
    "args": {
      "name": "(0, 0)"
    },
    "name": "thread_name",
    "ph": "M",
    "pid": 1,
    "tid": 1
  },
  {
    "args": {
      "name": "(0, 0)"
    },
    "name": "thread_name",
    "ph": "M",
    "pid": 1,
    "tid": 1
  },
  {
    "args": {
      "name": "(0, 0)"
    },
    "name": "thread_name",
    "ph": "M",
    "pid": 1,
    "tid": 1
  },
  {
    "args": {
      "name": "(0, 0)"
    },
    "name": "thread_name",
    "ph": "M",
    "pid": 1,
    "tid": 1
  },
  {
    "args": {
      "name": "(0, 0)"
    },
    "name": "thread_name",
    "ph": "M",
    "pid": 1,
    "tid": 1
  },
  {
    "args": {
      "name": "(0, 0)"
    },
    "name": "thread_name",
    "ph": "M",
    "pid": 1,
    "tid": 1
  },
  {
    "args": {
      "name": "(0, 0)"
    },
    "name": "thread_name",
    "ph": "M",
    "pid": 1,
    "tid": 1
  },
  {
    "args": {
      "name": "(0, 0)"
    },
    "name": "thread_name",
    "ph": "M",
    "pid": 1,
    "tid": 1
  },
  {
    "args": {
      "name": "(0, 0)"
    },
    "name": "thread_name",
    "ph": "M",
    "pid": 1,
    "tid": 1
  },
  {
    "args": {
      "name": "(0, 0)"
    },
    "name": "thread_name",
    "ph": "M",
    "pid": 1,
    "tid": 1
  },
  {
    "args": {
      "name": "(0, 0)"
    },
    "name": "thread_name",
    "ph": "M",
    "pid": 1,
    "tid": 1
  },
  {
    "args": {
      "name": "(0, 0)"
    },
    "name": "thread_name",
    "ph": "M",
    "pid": 1,
    "tid": 1
  },
  {
    "cat": "PERF",
    "name": "TRISC_0",
    "ph": "E",
    "pid": 3,
    "tid": 3,
    "ts": 320219186280839
  },
  {
    "args": {
      "name": "(0, 0)"
    },
    "name": "thread_name",
    "ph": "M",
    "pid": 3,
    "tid": 3
  },
  {
    "cat": "PERF",
    "name": "TRISC_1",
    "ph": "E",
    "pid": 4,
    "tid": 4,
    "ts": 320219186280895
  },
  {
    "args": {
      "name": "(0, 0)"
    },
    "name": "thread_name",
    "ph": "M",
    "pid": 4,
    "tid": 4
  },
  {
    "cat": "PERF",
    "name": "TRISC_2",
    "ph": "E",
    "pid": 5,
    "tid": 5,
    "ts": 320219186281445
  },
  {
    "args": {
      "name": "(0, 0)"
    },
    "name": "thread_name",
    "ph": "M",
    "pid": 5,
    "tid": 5
  },
  {
    "cat": "PERF",
    "name": "BRISC",
    "ph": "E",
    "pid": 1,
    "tid": 1,
    "ts": 320219186284016
  },
  {
    "args": {
      "name": "(0, 0)"
    },
    "name": "thread_name",
    "ph": "M",
    "pid": 1,
    "tid": 1
  }
]