{
  "data": {
    "devices": {
      "0": {
        "cores": {
          "(0, 0)": {
            "riscs": {
              "NCRISC": {
                "timeseries": [
                  "(0, 320219178244005)",
                  "(1, 320219178247411)",
                  "(2, 320219178248751)",
                  "(5, 320219178248970)",
                  "(5, 320219178249112)",
                  "(5, 320219178249279)",
                  "(5, 320219178249418)",
                  "(5, 320219178249576)",
                  "(5, 320219178249714)",
                  "(5, 320219178249874)",
                  "(5, 320219178250011)",
                  "(5, 320219178250169)",
                  "(5, 320219178250305)",
                  "(5, 320219178250464)",
                  "(5, 320219178250601)",
                  "(5, 320219178250759)",
                  "(4, 320219186122486)"
                ]
              },
              "BRISC": {
                "timeseries": [
                  "(0, 320219178244005)",
                  "(1, 320219178244005)",
                  "(2, 320219178247355)",
                  "(7, 320219186200509)",
                  "(7, 320219186200591)",
                  "(7, 320219186200690)",
                  "(7, 320219186200761)",
                  "(7, 320219186200851)",
                  "(7, 320219186200922)",
                  "(7, 320219186201012)",
                  "(7, 320219186201083)",
                  "(7, 320219186203125)",
                  "(7, 320219186203196)",
                  "(7, 320219186203288)",
                  "(7, 320219186203359)",
                  "(7, 320219186203449)",
                  "(4, 320219186284016)"
                ],
                "analysis": {
                  "FW start": {
                    "analysis": {
                      "across": "risc",
                      "type": "adjacent",
                      "start": {
                        "risc": "BRISC",
                        "timerID": 0
                      },
                      "end": {
                        "risc": "BRISC",
                        "timerID": 1
                      }
                    },
                    "stats": {
                      "Count": 1,
                      "Average": 0.0,
                      "Max": 0,
                      "Min": 0,
                      "Median": 0.0,
                      "Sum": 0,
                      "First": 0
                    }
                  }
                }
              },
              "TRISC_0": {
                "timeseries": [
                  "(0, 320219178244005)",
                  "(1, 320219178247759)",
                  "(2, 320219178248287)",
                  "(6, 320219178257796)",
                  "(6, 320219178275220)",
                  "(6, 320219178293041)",
                  "(6, 320219178310866)",
                  "(6, 320219178328792)",
                  "(6, 320219178349670)",
                  "(6, 320219178370574)",
                  "(6, 320219178391474)",
                  "(6, 320219178412458)",
                  "(6, 320219178433322)",
                  "(6, 320219178454262)",
                  "(6, 320219178475156)",
                  "(6, 320219178496173)",
                  "(4, 320219186280839)"
                ]
              },
              "TRISC_1": {
                "timeseries": [
                  "(0, 320219178244005)",
                  "(1, 320219178247587)",
                  "(2, 320219178248122)",
                  "(6, 320219178248349)",
                  "(6, 320219178275650)",
                  "(6, 320219178293474)",
                  "(6, 320219178311298)",
                  "(6, 320219178329135)",
                  "(6, 320219178350100)",
                  "(6, 320219178371014)",
                  "(6, 320219178391911)",
                  "(6, 320219178412810)",
                  "(6, 320219178433760)",
                  "(6, 320219178454699)",
                  "(6, 320219178475595)",
                  "(6, 320219178496532)",
                  "(4, 320219186280895)"
                ]
              },
              "TRISC_2": {
                "timeseries": [
                  "(0, 320219178244005)",
                  "(1, 320219178247913)",
                  "(2, 320219178248519)",
                  "(6, 320219178249955)",
                  "(6, 320219178276206)",
                  "(6, 320219178294024)",
                  "(6, 320219178311841)",
                  "(6, 320219178329714)",
                  "(6, 320219178350656)",
                  "(6, 320219178371575)",
                  "(6, 320219178392469)",
                  "(6, 320219178413385)",
                  "(6, 320219178434317)",
                  "(6, 320219178455247)",
                  "(6, 320219178476161)",
                  "(6, 320219178497100)",
                  "(4, 320219186281445)"
                ]
              },
              "TENSIX": {
                "timeseries": [
                  "(0, 320219178244005, 'NCRISC')",
                  "(0, 320219178244005, 'BRISC')",
                  "(1, 320219178244005, 'BRISC')",
                  "(0, 320219178244005, 'TRISC_0')",
                  "(0, 320219178244005, 'TRISC_1')",
                  "(0, 320219178244005, 'TRISC_2')",
                  "(2, 320219178247355, 'BRISC')",
                  "(1, 320219178247411, 'NCRISC')",
                  "(1, 320219178247587, 'TRISC_1')",
                  "(1, 320219178247759, 'TRISC_0')",
                  "(1, 320219178247913, 'TRISC_2')",
                  "(2, 320219178248122, 'TRISC_1')",
                  "(2, 320219178248287, 'TRISC_0')",
                  "(6, 320219178248349, 'TRISC_1')",
                  "(2, 320219178248519, 'TRISC_2')",
                  "(2, 320219178248751, 'NCRISC')",
                  "(5, 320219178248970, 'NCRISC')",
                  "(5, 320219178249112, 'NCRISC')",
                  "(5, 320219178249279, 'NCRISC')",
                  "(5, 320219178249418, 'NCRISC')",
                  "(5, 320219178249576, 'NCRISC')",
                  "(5, 320219178249714, 'NCRISC')",
                  "(5, 320219178249874, 'NCRISC')",
                  "(6, 320219178249955, 'TRISC_2')",
                  "(5, 320219178250011, 'NCRISC')",
                  "(5, 320219178250169, 'NCRISC')",
                  "(5, 320219178250305, 'NCRISC')",
                  "(5, 320219178250464, 'NCRISC')",
                  "(5, 320219178250601, 'NCRISC')",
                  "(5, 320219178250759, 'NCRISC')",
                  "(6, 320219178257796, 'TRISC_0')",
                  "(6, 320219178275220, 'TRISC_0')",
                  "(6, 320219178275650, 'TRISC_1')",
                  "(6, 320219178276206, 'TRISC_2')",
                  "(6, 320219178293041, 'TRISC_0')",
                  "(6, 320219178293474, 'TRISC_1')",
                  "(6, 320219178294024, 'TRISC_2')",
                  "(6, 320219178310866, 'TRISC_0')",
                  "(6, 320219178311298, 'TRISC_1')",
                  "(6, 320219178311841, 'TRISC_2')",
                  "(6, 320219178328792, 'TRISC_0')",
                  "(6, 320219178329135, 'TRISC_1')",
                  "(6, 320219178329714, 'TRISC_2')",
                  "(6, 320219178349670, 'TRISC_0')",
                  "(6, 320219178350100, 'TRISC_1')",
                  "(6, 320219178350656, 'TRISC_2')",
                  "(6, 320219178370574, 'TRISC_0')",
                  "(6, 320219178371014, 'TRISC_1')",
                  "(6, 320219178371575, 'TRISC_2')",
                  "(6, 320219178391474, 'TRISC_0')",
                  "(6, 320219178391911, 'TRISC_1')",
                  "(6, 320219178392469, 'TRISC_2')",
                  "(6, 320219178412458, 'TRISC_0')",
                  "(6, 320219178412810, 'TRISC_1')",
                  "(6, 320219178413385, 'TRISC_2')",
                  "(6, 320219178433322, 'TRISC_0')",
                  "(6, 320219178433760, 'TRISC_1')",
                  "(6, 320219178434317, 'TRISC_2')",
                  "(6, 320219178454262, 'TRISC_0')",
                  "(6, 320219178454699, 'TRISC_1')",
                  "(6, 320219178455247, 'TRISC_2')",
                  "(6, 320219178475156, 'TRISC_0')",
                  "(6, 320219178475595, 'TRISC_1')",
                  "(6, 320219178476161, 'TRISC_2')",
                  "(6, 320219178496173, 'TRISC_0')",
                  "(6, 320219178496532, 'TRISC_1')",
                  "(6, 320219178497100, 'TRISC_2')",
                  "(4, 320219186122486, 'NCRISC')",
                  "(7, 320219186200509, 'BRISC')",
                  "(7, 320219186200591, 'BRISC')",
                  "(7, 320219186200690, 'BRISC')",
                  "(7, 320219186200761, 'BRISC')",
                  "(7, 320219186200851, 'BRISC')",
                  "(7, 320219186200922, 'BRISC')",
                  "(7, 320219186201012, 'BRISC')",
                  "(7, 320219186201083, 'BRISC')",
                  "(7, 320219186203125, 'BRISC')",
                  "(7, 320219186203196, 'BRISC')",
                  "(7, 320219186203288, 'BRISC')",
                  "(7, 320219186203359, 'BRISC')",
                  "(7, 320219186203449, 'BRISC')",
                  "(4, 320219186280839, 'TRISC_0')",
                  "(4, 320219186280895, 'TRISC_1')",
                  "(4, 320219186281445, 'TRISC_2')",
                  "(4, 320219186284016, 'BRISC')"
                ],
                "analysis": {
                  "Core end": {
                    "analysis": {
                      "across": "core",
                      "type": "first_last",
                      "start": {
                        "risc": "BRISC",
                        "timerID": 0
                      },
                      "end": {
                        "risc": "ANY",
                        "timerID": 4
                      }
                    },
                    "stats": {
                      "Count": 1,
                      "Average": 8040011.0,
                      "Max": 8040011,
                      "Min": 8040011,
                      "Median": 8040011.0,
                      "Sum": 8040011,
                      "First": 8040011
                    }
                  },
                  "Core start -> Core end": {
                    "analysis": {
                      "across": "core",
                      "type": "first_last",
                      "start": {
                        "risc": "ANY",
                        "timerID": 1
                      },
                      "end": {
                        "risc": "ANY",
                        "timerID": 4
                      }
                    },
                    "stats": {
                      "Count": 1,
                      "Average": 8040011.0,
                      "Max": 8040011,
                      "Min": 8040011,
                      "Median": 8040011.0,
                      "Sum": 8040011,
                      "First": 8040011
                    }
                  }
                }
              }
            }
          },
          "DEVICE": {
            "riscs": {
              "NCRISC": {
                "timeseries": [
                  "(0, 320219178244005, (0, 0))",
                  "(1, 320219178247411, (0, 0))",
                  "(2, 320219178248751, (0, 0))",
                  "(5, 320219178248970, (0, 0))",
                  "(5, 320219178249112, (0, 0))",
                  "(5, 320219178249279, (0, 0))",
                  "(5, 320219178249418, (0, 0))",
                  "(5, 320219178249576, (0, 0))",
                  "(5, 320219178249714, (0, 0))",
                  "(5, 320219178249874, (0, 0))",
                  "(5, 320219178250011, (0, 0))",
                  "(5, 320219178250169, (0, 0))",
                  "(5, 320219178250305, (0, 0))",
                  "(5, 320219178250464, (0, 0))",
                  "(5, 320219178250601, (0, 0))",
                  "(5, 320219178250759, (0, 0))",
                  "(4, 320219186122486, (0, 0))"
                ]
              },
              "BRISC": {
                "timeseries": [
                  "(0, 320219178244005, (0, 0))",
                  "(1, 320219178244005, (0, 0))",
                  "(2, 320219178247355, (0, 0))",
                  "(7, 320219186200509, (0, 0))",
                  "(7, 320219186200591, (0, 0))",
                  "(7, 320219186200690, (0, 0))",
                  "(7, 320219186200761, (0, 0))",
                  "(7, 320219186200851, (0, 0))",
                  "(7, 320219186200922, (0, 0))",
                  "(7, 320219186201012, (0, 0))",
                  "(7, 320219186201083, (0, 0))",
                  "(7, 320219186203125, (0, 0))",
                  "(7, 320219186203196, (0, 0))",
                  "(7, 320219186203288, (0, 0))",
                  "(7, 320219186203359, (0, 0))",
                  "(7, 320219186203449, (0, 0))",
                  "(4, 320219186284016, (0, 0))"
                ]
              },
              "TRISC_0": {
                "timeseries": [
                  "(0, 320219178244005, (0, 0))",
                  "(1, 320219178247759, (0, 0))",
                  "(2, 320219178248287, (0, 0))",
                  "(6, 320219178257796, (0, 0))",
                  "(6, 320219178275220, (0, 0))",
                  "(6, 320219178293041, (0, 0))",
                  "(6, 320219178310866, (0, 0))",
                  "(6, 320219178328792, (0, 0))",
                  "(6, 320219178349670, (0, 0))",
                  "(6, 320219178370574, (0, 0))",
                  "(6, 320219178391474, (0, 0))",
                  "(6, 320219178412458, (0, 0))",
                  "(6, 320219178433322, (0, 0))",
                  "(6, 320219178454262, (0, 0))",
                  "(6, 320219178475156, (0, 0))",
                  "(6, 320219178496173, (0, 0))",
                  "(4, 320219186280839, (0, 0))"
                ]
              },
              "TRISC_1": {
                "timeseries": [
                  "(0, 320219178244005, (0, 0))",
                  "(1, 320219178247587, (0, 0))",
                  "(2, 320219178248122, (0, 0))",
                  "(6, 320219178248349, (0, 0))",
                  "(6, 320219178275650, (0, 0))",
                  "(6, 320219178293474, (0, 0))",
                  "(6, 320219178311298, (0, 0))",
                  "(6, 320219178329135, (0, 0))",
                  "(6, 320219178350100, (0, 0))",
                  "(6, 320219178371014, (0, 0))",
                  "(6, 320219178391911, (0, 0))",
                  "(6, 320219178412810, (0, 0))",
                  "(6, 320219178433760, (0, 0))",
                  "(6, 320219178454699, (0, 0))",
                  "(6, 320219178475595, (0, 0))",
                  "(6, 320219178496532, (0, 0))",
                  "(4, 320219186280895, (0, 0))"
                ]
              },
              "TRISC_2": {
                "timeseries": [
                  "(0, 320219178244005, (0, 0))",
                  "(1, 320219178247913, (0, 0))",
                  "(2, 320219178248519, (0, 0))",
                  "(6, 320219178249955, (0, 0))",
                  "(6, 320219178276206, (0, 0))",
                  "(6, 320219178294024, (0, 0))",
                  "(6, 320219178311841, (0, 0))",
                  "(6, 320219178329714, (0, 0))",
                  "(6, 320219178350656, (0, 0))",
                  "(6, 320219178371575, (0, 0))",
                  "(6, 320219178392469, (0, 0))",
                  "(6, 320219178413385, (0, 0))",
                  "(6, 320219178434317, (0, 0))",
                  "(6, 320219178455247, (0, 0))",
                  "(6, 320219178476161, (0, 0))",
                  "(6, 320219178497100, (0, 0))",
                  "(4, 320219186281445, (0, 0))"
                ]
              },
              "TENSIX": {
                "timeseries": [
                  "(0, 320219178244005, 'NCRISC', (0, 0))",
                  "(0, 320219178244005, 'BRISC', (0, 0))",
                  "(1, 320219178244005, 'BRISC', (0, 0))",
                  "(0, 320219178244005, 'TRISC_0', (0, 0))",
                  "(0, 320219178244005, 'TRISC_1', (0, 0))",
                  "(0, 320219178244005, 'TRISC_2', (0, 0))",
                  "(2, 320219178247355, 'BRISC', (0, 0))",
                  "(1, 320219178247411, 'NCRISC', (0, 0))",
                  "(1, 320219178247587, 'TRISC_1', (0, 0))",
                  "(1, 320219178247759, 'TRISC_0', (0, 0))",
                  "(1, 320219178247913, 'TRISC_2', (0, 0))",
                  "(2, 320219178248122, 'TRISC_1', (0, 0))",
                  "(2, 320219178248287, 'TRISC_0', (0, 0))",
                  "(6, 320219178248349, 'TRISC_1', (0, 0))",
                  "(2, 320219178248519, 'TRISC_2', (0, 0))",
                  "(2, 320219178248751, 'NCRISC', (0, 0))",
                  "(5, 320219178248970, 'NCRISC', (0, 0))",
                  "(5, 320219178249112, 'NCRISC', (0, 0))",
                  "(5, 320219178249279, 'NCRISC', (0, 0))",
                  "(5, 320219178249418, 'NCRISC', (0, 0))",
                  "(5, 320219178249576, 'NCRISC', (0, 0))",
                  "(5, 320219178249714, 'NCRISC', (0, 0))",
                  "(5, 320219178249874, 'NCRISC', (0, 0))",
                  "(6, 320219178249955, 'TRISC_2', (0, 0))",
                  "(5, 320219178250011, 'NCRISC', (0, 0))",
                  "(5, 320219178250169, 'NCRISC', (0, 0))",
                  "(5, 320219178250305, 'NCRISC', (0, 0))",
                  "(5, 320219178250464, 'NCRISC', (0, 0))",
                  "(5, 320219178250601, 'NCRISC', (0, 0))",
                  "(5, 320219178250759, 'NCRISC', (0, 0))",
                  "(6, 320219178257796, 'TRISC_0', (0, 0))",
                  "(6, 320219178275220, 'TRISC_0', (0, 0))",
                  "(6, 320219178275650, 'TRISC_1', (0, 0))",
                  "(6, 320219178276206, 'TRISC_2', (0, 0))",
                  "(6, 320219178293041, 'TRISC_0', (0, 0))",
                  "(6, 320219178293474, 'TRISC_1', (0, 0))",
                  "(6, 320219178294024, 'TRISC_2', (0, 0))",
                  "(6, 320219178310866, 'TRISC_0', (0, 0))",
                  "(6, 320219178311298, 'TRISC_1', (0, 0))",
                  "(6, 320219178311841, 'TRISC_2', (0, 0))",
                  "(6, 320219178328792, 'TRISC_0', (0, 0))",
                  "(6, 320219178329135, 'TRISC_1', (0, 0))",
                  "(6, 320219178329714, 'TRISC_2', (0, 0))",
                  "(6, 320219178349670, 'TRISC_0', (0, 0))",
                  "(6, 320219178350100, 'TRISC_1', (0, 0))",
                  "(6, 320219178350656, 'TRISC_2', (0, 0))",
                  "(6, 320219178370574, 'TRISC_0', (0, 0))",
                  "(6, 320219178371014, 'TRISC_1', (0, 0))",
                  "(6, 320219178371575, 'TRISC_2', (0, 0))",
                  "(6, 320219178391474, 'TRISC_0', (0, 0))",
                  "(6, 320219178391911, 'TRISC_1', (0, 0))",
                  "(6, 320219178392469, 'TRISC_2', (0, 0))",
                  "(6, 320219178412458, 'TRISC_0', (0, 0))",
                  "(6, 320219178412810, 'TRISC_1', (0, 0))",
                  "(6, 320219178413385, 'TRISC_2', (0, 0))",
                  "(6, 320219178433322, 'TRISC_0', (0, 0))",
                  "(6, 320219178433760, 'TRISC_1', (0, 0))",
                  "(6, 320219178434317, 'TRISC_2', (0, 0))",
                  "(6, 320219178454262, 'TRISC_0', (0, 0))",
                  "(6, 320219178454699, 'TRISC_1', (0, 0))",
                  "(6, 320219178455247, 'TRISC_2', (0, 0))",
                  "(6, 320219178475156, 'TRISC_0', (0, 0))",
                  "(6, 320219178475595, 'TRISC_1', (0, 0))",
                  "(6, 320219178476161, 'TRISC_2', (0, 0))",
                  "(6, 320219178496173, 'TRISC_0', (0, 0))",
                  "(6, 320219178496532, 'TRISC_1', (0, 0))",
                  "(6, 320219178497100, 'TRISC_2', (0, 0))",
                  "(4, 320219186122486, 'NCRISC', (0, 0))",
                  "(7, 320219186200509, 'BRISC', (0, 0))",
                  "(7, 320219186200591, 'BRISC', (0, 0))",
                  "(7, 320219186200690, 'BRISC', (0, 0))",
                  "(7, 320219186200761, 'BRISC', (0, 0))",
                  "(7, 320219186200851, 'BRISC', (0, 0))",
                  "(7, 320219186200922, 'BRISC', (0, 0))",
                  "(7, 320219186201012, 'BRISC', (0, 0))",
                  "(7, 320219186201083, 'BRISC', (0, 0))",
                  "(7, 320219186203125, 'BRISC', (0, 0))",
                  "(7, 320219186203196, 'BRISC', (0, 0))",
                  "(7, 320219186203288, 'BRISC', (0, 0))",
                  "(7, 320219186203359, 'BRISC', (0, 0))",
                  "(7, 320219186203449, 'BRISC', (0, 0))",
                  "(4, 320219186280839, 'TRISC_0', (0, 0))",
                  "(4, 320219186280895, 'TRISC_1', (0, 0))",
                  "(4, 320219186281445, 'TRISC_2', (0, 0))",
                  "(4, 320219186284016, 'BRISC', (0, 0))"
                ],
                "analysis": {
                  "Device start -> Device end": {
                    "analysis": {
                      "across": "device",
                      "type": "first_last",
                      "start": {
                        "core": "ANY",
                        "risc": "ANY",
                        "timerID": 1
                      },
                      "end": {
                        "core": "ANY",
                        "risc": "ANY",
                        "timerID": 4
                      }
                    },
                    "stats": {
                      "Count": 1,
                      "Average": 8040011.0,
                      "Max": 8040011,
                      "Min": 8040011,
                      "Median": 8040011.0,
                      "Sum": 8040011,
                      "First": 8040011
                    }
                  }
                }
              }
            },
            "analysis": {
              "FW start": {
                "analysis": {
                  "across": "risc",
                  "type": "adjacent",
                  "start": {
                    "risc": "BRISC",
                    "timerID": 0
                  },
                  "end": {
                    "risc": "BRISC",
                    "timerID": 1
                  }
                },
                "stats": {
                  "Count": 1,
                  "Average": 0.0,
                  "Max": 0,
                  "Min": 0,
                  "Median": 0.0
                }
              },
              "Core end": {
                "analysis": {
                  "across": "core",
                  "type": "first_last",
                  "start": {
                    "risc": "BRISC",
                    "timerID": 0
                  },
                  "end": {
                    "risc": "ANY",
                    "timerID": 4
                  }
                },
                "stats": {
                  "Count": 1,
                  "Average": 8040011.0,
                  "Max": 8040011,
                  "Min": 8040011,
                  "Median": 8040011.0
                }
              },
              "Core start -> Core end": {
                "analysis": {
                  "across": "core",
                  "type": "first_last",
                  "start": {
                    "risc": "ANY",
                    "timerID": 1
                  },
                  "end": {
                    "risc": "ANY",
                    "timerID": 4
                  }
                },
                "stats": {
                  "Count": 1,
                  "Average": 8040011.0,
                  "Max": 8040011,
                  "Min": 8040011,
                  "Median": 8040011.0
                }
              },
              "Device start -> Device end": {
                "analysis": {
                  "across": "device",
                  "type": "first_last",
                  "start": {
                    "core": "ANY",
                    "risc": "ANY",
                    "timerID": 1
                  },
                  "end": {
                    "core": "ANY",
                    "risc": "ANY",
                    "timerID": 4
                  }
                },
                "stats": {
                  "Count": 1,
                  "Average": 8040011.0,
                  "Max": 8040011,
                  "Min": 8040011,
                  "Median": 8040011.0
                }
              }
            }
          }
        },
        "metadata": {
          "global_min": {
            "ts": 320219178244005,
            "risc": "BRISC",
            "core": "(0, 0)"
          }
        }
      }
    }
  },
  "setup": {
    "coreFreq": 1.2,
    "deviceAnalysisData": "device_analysis_data.json",
    "deviceInputLog": "/home/mmemarian/tt-metal/tt_metal/third_party/lfs/profiler/tests/golden/device/outputs/test_full_buffer_nc_b_t0_t1_t2_risc/profile_log_device.csv",
    "devicePerfHTML": "timeline.html",
    "deviceRearranged": "device_rearranged_timestamps.csv",
    "deviceStatsTXT": "device_stats.txt",
    "deviceTarball": "device_perf_results.tgz",
    "displayStats": [
      "Count",
      "Average",
      "Max",
      "Median",
      "Min"
    ],
    "outputFolder": "output",
    "plotBaseHeight": 200,
    "plotPerCoreHeight": 120,
    "riscs": [
      "BRISC",
      "NCRISC",
      "TRISC_0",
      "TRISC_1",
      "TRISC_2"
    ],
    "riscsData": {
      "BRISC": {
        "color": "light:g"
      },
      "NCRISC": {
        "color": "light:r"
      },
      "TRISC_0": {
        "color": "light:gray"
      },
      "TRISC_1": {
        "color": "light:gray"
      },
      "TRISC_2": {
        "color": "light:gray"
      },
      "TENSIX": {
        "color": "light:b"
      }
    },
    "timerAnalysis": {
      "FW start": {
        "across": "risc",
        "type": "adjacent",
        "start": {
          "risc": "BRISC",
          "timerID": 0
        },
        "end": {
          "risc": "BRISC",
          "timerID": 1
        }
      },
      "BRISC kernel start -> BRISC kernel end": {
        "across": "risc",
        "type": "adjacent",
        "start": {
          "risc": "BRISC",
          "timerID": 2
        },
        "end": {
          "risc": "BRISC",
          "timerID": 3
        }
      },
      "NCRISC kernel start -> NCRISC kernel end": {
        "across": "risc",
        "type": "adjacent",
        "start": {
          "risc": "NCRISC",
          "timerID": 2
        },
        "end": {
          "risc": "NCRISC",
          "timerID": 3
        }
      },
      "Launch delta": {
        "across": "core",
        "type": "adjacent",
        "start": {
          "risc": "ANY",
          "timerID": 4
        },
        "end": {
          "risc": "BRISC",
          "timerID": 1
        }
      },
      "Core end": {
        "across": "core",
        "type": "first_last",
        "start": {
          "risc": "BRISC",
          "timerID": 0
        },
        "end": {
          "risc": "ANY",
          "timerID": 4
        }
      },
      "Core start -> Core end": {
        "across": "core",
        "type": "first_last",
        "start": {
          "risc": "ANY",
          "timerID": 1
        },
        "end": {
          "risc": "ANY",
          "timerID": 4
        }
      },
      "Device start -> Device end": {
        "across": "device",
        "type": "first_last",
        "start": {
          "core": "ANY",
          "risc": "ANY",
          "timerID": 1
        },
        "end": {
          "core": "ANY",
          "risc": "ANY",
          "timerID": 4
        }
      }
    },
    "timerIDLabels": [
      [
        0,
        "Start"
      ],
      [
        1,
        "Firmware Start"
      ],
      [
        2,
        "Kernel start"
      ],
      [
        3,
        "Kernel End"
      ],
      [
        4,
        "Firmware End"
      ]
    ],
    "webappPort": 8050
  }
}