Clock Frequency [MHz],1200
PCIe slot,0
core x,core y,BRISC Firmware Start,BRISC Kernel start,BRISC Kernel End,BRISC Firmware End,NCRISC Firmware Start,NCRISC Kernel start,NCRISC Kernel End,NCRISC Firmware End
0,0,,,,,512868455662463 512868456115106,512868455663504 512868456116147,512868455663534 512868456116177,512868455663568 512868456116211
