
=================== NCRISC kernel start -> NCRISC kernel end ===================
       Count [cycles] =          2
     Average [cycles] =         30
         Max [cycles] =         30
      Median [cycles] =         30
         Min [cycles] =         30

                        0                1                2                3                4                5                6                7                8                9               10               11
        ============================================================================================================================================================================================================
                    DRAM0              ---              ---            DRAM1              ---              ---            DRAM2              ---              ---            DRAM3              ---              ---
 0|| ---             30Â±0                X                X                X                X                X                X                X                X                X                X                X
 1|| ARC                X                X                X                X                X                X                X                X                X                X                X                X
 2|| ---                X                X                X                X                X                X                X                X                X                X                X                X
 3|| PCI                X                X                X                X                X                X                X                X                X                X                X                X
 4|| ---                X                X                X                X                X                X                X                X                X                X                X                X
     ---            DRAM4              ---              ---            DRAM5              ---              ---            DRAM6              ---              ---            DRAM7              ---              ---
 5|| ---                X                X                X                X                X                X                X                X                X                X                X                X
 6|| ---                X                X                X                X                X                X                X                X                X                X                X                X
 7|| ---                X                X                X                X                X                X                X                X                X                X                X                X
 8|| ---                X                X                X                X                X                X                X                X                X                X                X                X
 9|| ---                X                X                X                X                X                X                X                X                X                X                X                X




=================== Core start -> Core end ===================
    Duration [cycles] =    453,748

                        0                1                2                3                4                5                6                7                8                9               10               11
        ============================================================================================================================================================================================================
                    DRAM0              ---              ---            DRAM1              ---              ---            DRAM2              ---              ---            DRAM3              ---              ---
 0|| ---          453,748                X                X                X                X                X                X                X                X                X                X                X
 1|| ARC                X                X                X                X                X                X                X                X                X                X                X                X
 2|| ---                X                X                X                X                X                X                X                X                X                X                X                X
 3|| PCI                X                X                X                X                X                X                X                X                X                X                X                X
 4|| ---                X                X                X                X                X                X                X                X                X                X                X                X
     ---            DRAM4              ---              ---            DRAM5              ---              ---            DRAM6              ---              ---            DRAM7              ---              ---
 5|| ---                X                X                X                X                X                X                X                X                X                X                X                X
 6|| ---                X                X                X                X                X                X                X                X                X                X                X                X
 7|| ---                X                X                X                X                X                X                X                X                X                X                X                X
 8|| ---                X                X                X                X                X                X                X                X                X                X                X                X
 9|| ---                X                X                X                X                X                X                X                X                X                X                X                X




=================== Device start -> Device end ===================
    Duration [cycles] =    453,748

