Chip clock is at 1.2 GHz
PCIe slot, core_x, core_y, RISC processor type, timer_id, time[cycles since reset], stat value, Run ID, zone name, zone phase, source line, source file
0, 0, 0, NCRISC, 1,0, 512868455662463,0,NCRISC-FW,begin,0,
0, 0, 0, NCRISC, 2,0, 512868455663504,0,NCRISC-KERNEL,begin,0,
0, 0, 0, NCRISC, 3,0, 512868455663534,0,NCRISC-KERNEL,end,0,
0, 0, 0, NCRISC, 4,0, 512868455663568,0,NCRISC-FW,end,0,
0, 0, 0, NCRISC, 1,0, 512868456115106,0,NCRISC-FW,begin,0,
0, 0, 0, NCRISC, 2,0, 512868456116147,0,NCRISC-KERNEL,begin,0,
0, 0, 0, NCRISC, 3,0, 512868456116177,0,NCRISC-KERNEL,end,0,
0, 0, 0, NCRISC, 4,0, 512868456116211,0,NCRISC-FW,end,0,
