{
  "data": {
    "deviceInfo": {
      "arch": "grayskull",
      "freq": 1200
    },
    "devices": {
      "0": {
        "cores": {
          "(0, 0)": {
            "riscs": {
              "BRISC": {
                "durations": [],
                "timeseries": [
                  "(0, 298089919664044)",
                  "(1, 298089919664044)",
                  "(2, 298089919667412)",
                  "(5, 298089927611881)",
                  "(3, 298089927695128)",
                  "(4, 298089927695253)"
                ]
              },
              "NCRISC": {
                "durations": [],
                "timeseries": [
                  "(0, 298089919664044)",
                  "(1, 298089919667458)",
                  "(2, 298089919668773)",
                  "(6, 298089919677337)",
                  "(6, 298089919686107)",
                  "(6, 298089919757621)",
                  "(6, 298089919840789)",
                  "(6, 298089919924297)",
                  "(6, 298089920008276)",
                  "(6, 298089920092033)",
                  "(6, 298089920175877)",
                  "(6, 298089920258495)",
                  "(6, 298089920341896)",
                  "(6, 298089920426526)",
                  "(6, 298089920510345)",
                  "(6, 298089920593201)",
                  "(6, 298089920677126)",
                  "(6, 298089920760995)",
                  "(6, 298089920844152)",
                  "(6, 298089920927740)",
                  "(6, 298089921011656)",
                  "(6, 298089921095463)",
                  "(6, 298089921178675)",
                  "(6, 298089921262233)",
                  "(6, 298089921346147)",
                  "(6, 298089921429986)",
                  "(6, 298089921513803)",
                  "(6, 298089921596555)",
                  "(6, 298089921680560)",
                  "(6, 298089921764473)",
                  "(6, 298089921848295)",
                  "(6, 298089921931169)",
                  "(6, 298089922015135)",
                  "(6, 298089922098968)",
                  "(6, 298089922182143)",
                  "(6, 298089922265669)",
                  "(6, 298089922349651)",
                  "(6, 298089922433482)",
                  "(6, 298089922516647)",
                  "(6, 298089922599915)",
                  "(6, 298089922683257)",
                  "(6, 298089922767935)",
                  "(6, 298089922851710)",
                  "(6, 298089922934657)",
                  "(6, 298089923018556)",
                  "(6, 298089923102374)",
                  "(6, 298089923186070)",
                  "(6, 298089923269045)",
                  "(6, 298089923353040)",
                  "(6, 298089923436883)",
                  "(6, 298089923520084)",
                  "(6, 298089923603599)",
                  "(6, 298089923687497)",
                  "(6, 298089923771336)",
                  "(6, 298089923854522)",
                  "(6, 298089923937981)",
                  "(6, 298089924021995)",
                  "(6, 298089924105880)",
                  "(6, 298089924189685)",
                  "(6, 298089924272531)",
                  "(6, 298089924356449)",
                  "(6, 298089924440245)",
                  "(6, 298089924523947)",
                  "(6, 298089924606950)",
                  "(6, 298089924690895)",
                  "(6, 298089924774705)",
                  "(6, 298089924858522)",
                  "(6, 298089924941074)"
                ]
              },
              "TENSIX": {
                "analysis": {
                  "ANY RISC FW start -> ANY RISC FW end": {
                    "analysis": {
                      "across": "core",
                      "end": {
                        "risc": "ANY",
                        "timerID": 4
                      },
                      "start": {
                        "risc": "ANY",
                        "timerID": 1
                      },
                      "type": "launch_first_last"
                    },
                    "stats": {
                      "Average": 8031209.0,
                      "Count": 1,
                      "First": 8031209,
                      "Max": 8031209,
                      "Median": 8031209.0,
                      "Min": 8031209,
                      "Range": 0,
                      "Sum": 8031209
                    }
                  },
                  "BRISC FW start -> ANY RISC FW end": {
                    "analysis": {
                      "across": "core",
                      "end": {
                        "risc": "ANY",
                        "timerID": 4
                      },
                      "start": {
                        "risc": "ANY",
                        "timerID": 1
                      },
                      "type": "session_first_last"
                    },
                    "stats": {
                      "Average": 8031209.0,
                      "Count": 1,
                      "First": 8031209,
                      "Max": 8031209,
                      "Median": 8031209.0,
                      "Min": 8031209,
                      "Range": 0,
                      "Sum": 8031209
                    }
                  },
                  "BRISC kernel start -> BRISC kernel end": {
                    "analysis": {
                      "across": "core",
                      "end": {
                        "risc": "BRISC",
                        "timerID": 3
                      },
                      "start": {
                        "risc": "BRISC",
                        "timerID": 2
                      },
                      "type": "adjacent"
                    },
                    "stats": {
                      "Average": 8027716.0,
                      "Count": 1,
                      "First": 8027716,
                      "Max": 8027716,
                      "Median": 8027716.0,
                      "Min": 8027716,
                      "Range": 0,
                      "Sum": 8027716
                    }
                  },
                  "T0 -> ANY RISC FW end": {
                    "analysis": {
                      "across": "core",
                      "end": {
                        "risc": "ANY",
                        "timerID": 4
                      },
                      "start": {
                        "risc": "BRISC",
                        "timerID": 0
                      },
                      "type": "session_first_last"
                    },
                    "stats": {
                      "Average": 8031209.0,
                      "Count": 1,
                      "First": 8031209,
                      "Max": 8031209,
                      "Median": 8031209.0,
                      "Min": 8031209,
                      "Range": 0,
                      "Sum": 8031209
                    }
                  },
                  "T0 -> BRISC FW start": {
                    "analysis": {
                      "across": "core",
                      "end": {
                        "risc": "BRISC",
                        "timerID": 1
                      },
                      "start": {
                        "risc": "BRISC",
                        "timerID": 0
                      },
                      "type": "adjacent"
                    },
                    "stats": {
                      "Average": 0.0,
                      "Count": 1,
                      "First": 0,
                      "Max": 0,
                      "Median": 0.0,
                      "Min": 0,
                      "Range": 0,
                      "Sum": 0
                    }
                  }
                },
                "durations": [],
                "launches": [
                  [
                    "(1, 298089919664044, 'BRISC')",
                    "(2, 298089919667412, 'BRISC')",
                    "(1, 298089919667458, 'NCRISC')",
                    "(2, 298089919668773, 'NCRISC')",
                    "(6, 298089919677337, 'NCRISC')",
                    "(6, 298089919686107, 'NCRISC')",
                    "(6, 298089919757621, 'NCRISC')",
                    "(6, 298089919840789, 'NCRISC')",
                    "(6, 298089919924297, 'NCRISC')",
                    "(6, 298089920008276, 'NCRISC')",
                    "(6, 298089920092033, 'NCRISC')",
                    "(6, 298089920175877, 'NCRISC')",
                    "(6, 298089920258495, 'NCRISC')",
                    "(6, 298089920341896, 'NCRISC')",
                    "(6, 298089920426526, 'NCRISC')",
                    "(6, 298089920510345, 'NCRISC')",
                    "(6, 298089920593201, 'NCRISC')",
                    "(6, 298089920677126, 'NCRISC')",
                    "(6, 298089920760995, 'NCRISC')",
                    "(6, 298089920844152, 'NCRISC')",
                    "(6, 298089920927740, 'NCRISC')",
                    "(6, 298089921011656, 'NCRISC')",
                    "(6, 298089921095463, 'NCRISC')",
                    "(6, 298089921178675, 'NCRISC')",
                    "(6, 298089921262233, 'NCRISC')",
                    "(6, 298089921346147, 'NCRISC')",
                    "(6, 298089921429986, 'NCRISC')",
                    "(6, 298089921513803, 'NCRISC')",
                    "(6, 298089921596555, 'NCRISC')",
                    "(6, 298089921680560, 'NCRISC')",
                    "(6, 298089921764473, 'NCRISC')",
                    "(6, 298089921848295, 'NCRISC')",
                    "(6, 298089921931169, 'NCRISC')",
                    "(6, 298089922015135, 'NCRISC')",
                    "(6, 298089922098968, 'NCRISC')",
                    "(6, 298089922182143, 'NCRISC')",
                    "(6, 298089922265669, 'NCRISC')",
                    "(6, 298089922349651, 'NCRISC')",
                    "(6, 298089922433482, 'NCRISC')",
                    "(6, 298089922516647, 'NCRISC')",
                    "(6, 298089922599915, 'NCRISC')",
                    "(6, 298089922683257, 'NCRISC')",
                    "(6, 298089922767935, 'NCRISC')",
                    "(6, 298089922851710, 'NCRISC')",
                    "(6, 298089922934657, 'NCRISC')",
                    "(6, 298089923018556, 'NCRISC')",
                    "(6, 298089923102374, 'NCRISC')",
                    "(6, 298089923186070, 'NCRISC')",
                    "(6, 298089923269045, 'NCRISC')",
                    "(6, 298089923353040, 'NCRISC')",
                    "(6, 298089923436883, 'NCRISC')",
                    "(6, 298089923520084, 'NCRISC')",
                    "(6, 298089923603599, 'NCRISC')",
                    "(6, 298089923687497, 'NCRISC')",
                    "(6, 298089923771336, 'NCRISC')",
                    "(6, 298089923854522, 'NCRISC')",
                    "(6, 298089923937981, 'NCRISC')",
                    "(6, 298089924021995, 'NCRISC')",
                    "(6, 298089924105880, 'NCRISC')",
                    "(6, 298089924189685, 'NCRISC')",
                    "(6, 298089924272531, 'NCRISC')",
                    "(6, 298089924356449, 'NCRISC')",
                    "(6, 298089924440245, 'NCRISC')",
                    "(6, 298089924523947, 'NCRISC')",
                    "(6, 298089924606950, 'NCRISC')",
                    "(6, 298089924690895, 'NCRISC')",
                    "(6, 298089924774705, 'NCRISC')",
                    "(6, 298089924858522, 'NCRISC')",
                    "(6, 298089924941074, 'NCRISC')",
                    "(5, 298089927611881, 'BRISC')",
                    "(3, 298089927695128, 'BRISC')",
                    "(4, 298089927695253, 'BRISC')"
                  ]
                ],
                "timeseries": [
                  "(0, 298089919664044, 'NCRISC')",
                  "(0, 298089919664044, 'BRISC')",
                  "(1, 298089919664044, 'BRISC')",
                  "(2, 298089919667412, 'BRISC')",
                  "(1, 298089919667458, 'NCRISC')",
                  "(2, 298089919668773, 'NCRISC')",
                  "(6, 298089919677337, 'NCRISC')",
                  "(6, 298089919686107, 'NCRISC')",
                  "(6, 298089919757621, 'NCRISC')",
                  "(6, 298089919840789, 'NCRISC')",
                  "(6, 298089919924297, 'NCRISC')",
                  "(6, 298089920008276, 'NCRISC')",
                  "(6, 298089920092033, 'NCRISC')",
                  "(6, 298089920175877, 'NCRISC')",
                  "(6, 298089920258495, 'NCRISC')",
                  "(6, 298089920341896, 'NCRISC')",
                  "(6, 298089920426526, 'NCRISC')",
                  "(6, 298089920510345, 'NCRISC')",
                  "(6, 298089920593201, 'NCRISC')",
                  "(6, 298089920677126, 'NCRISC')",
                  "(6, 298089920760995, 'NCRISC')",
                  "(6, 298089920844152, 'NCRISC')",
                  "(6, 298089920927740, 'NCRISC')",
                  "(6, 298089921011656, 'NCRISC')",
                  "(6, 298089921095463, 'NCRISC')",
                  "(6, 298089921178675, 'NCRISC')",
                  "(6, 298089921262233, 'NCRISC')",
                  "(6, 298089921346147, 'NCRISC')",
                  "(6, 298089921429986, 'NCRISC')",
                  "(6, 298089921513803, 'NCRISC')",
                  "(6, 298089921596555, 'NCRISC')",
                  "(6, 298089921680560, 'NCRISC')",
                  "(6, 298089921764473, 'NCRISC')",
                  "(6, 298089921848295, 'NCRISC')",
                  "(6, 298089921931169, 'NCRISC')",
                  "(6, 298089922015135, 'NCRISC')",
                  "(6, 298089922098968, 'NCRISC')",
                  "(6, 298089922182143, 'NCRISC')",
                  "(6, 298089922265669, 'NCRISC')",
                  "(6, 298089922349651, 'NCRISC')",
                  "(6, 298089922433482, 'NCRISC')",
                  "(6, 298089922516647, 'NCRISC')",
                  "(6, 298089922599915, 'NCRISC')",
                  "(6, 298089922683257, 'NCRISC')",
                  "(6, 298089922767935, 'NCRISC')",
                  "(6, 298089922851710, 'NCRISC')",
                  "(6, 298089922934657, 'NCRISC')",
                  "(6, 298089923018556, 'NCRISC')",
                  "(6, 298089923102374, 'NCRISC')",
                  "(6, 298089923186070, 'NCRISC')",
                  "(6, 298089923269045, 'NCRISC')",
                  "(6, 298089923353040, 'NCRISC')",
                  "(6, 298089923436883, 'NCRISC')",
                  "(6, 298089923520084, 'NCRISC')",
                  "(6, 298089923603599, 'NCRISC')",
                  "(6, 298089923687497, 'NCRISC')",
                  "(6, 298089923771336, 'NCRISC')",
                  "(6, 298089923854522, 'NCRISC')",
                  "(6, 298089923937981, 'NCRISC')",
                  "(6, 298089924021995, 'NCRISC')",
                  "(6, 298089924105880, 'NCRISC')",
                  "(6, 298089924189685, 'NCRISC')",
                  "(6, 298089924272531, 'NCRISC')",
                  "(6, 298089924356449, 'NCRISC')",
                  "(6, 298089924440245, 'NCRISC')",
                  "(6, 298089924523947, 'NCRISC')",
                  "(6, 298089924606950, 'NCRISC')",
                  "(6, 298089924690895, 'NCRISC')",
                  "(6, 298089924774705, 'NCRISC')",
                  "(6, 298089924858522, 'NCRISC')",
                  "(6, 298089924941074, 'NCRISC')",
                  "(5, 298089927611881, 'BRISC')",
                  "(3, 298089927695128, 'BRISC')",
                  "(4, 298089927695253, 'BRISC')"
                ]
              }
            }
          },
          "DEVICE": {
            "analysis": {
              "ANY RISC FW start -> ANY RISC FW end": {
                "analysis": {
                  "across": "core",
                  "end": {
                    "risc": "ANY",
                    "timerID": 4
                  },
                  "start": {
                    "risc": "ANY",
                    "timerID": 1
                  },
                  "type": "launch_first_last"
                },
                "stats": {
                  "Average": 8031209.0,
                  "Count": 1,
                  "Max": 8031209,
                  "Median": 8031209.0,
                  "Min": 8031209,
                  "Range": 0
                }
              },
              "BRISC FW start -> ANY RISC FW end": {
                "analysis": {
                  "across": "core",
                  "end": {
                    "risc": "ANY",
                    "timerID": 4
                  },
                  "start": {
                    "risc": "ANY",
                    "timerID": 1
                  },
                  "type": "session_first_last"
                },
                "stats": {
                  "Average": 8031209.0,
                  "Count": 1,
                  "Max": 8031209,
                  "Median": 8031209.0,
                  "Min": 8031209,
                  "Range": 0
                }
              },
              "BRISC kernel start -> BRISC kernel end": {
                "analysis": {
                  "across": "core",
                  "end": {
                    "risc": "BRISC",
                    "timerID": 3
                  },
                  "start": {
                    "risc": "BRISC",
                    "timerID": 2
                  },
                  "type": "adjacent"
                },
                "stats": {
                  "Average": 8027716.0,
                  "Count": 1,
                  "Max": 8027716,
                  "Median": 8027716.0,
                  "Min": 8027716,
                  "Range": 0
                }
              },
              "T0 -> ANY CORE ANY RISC FW end": {
                "analysis": {
                  "across": "device",
                  "end": {
                    "core": "ANY",
                    "risc": "ANY",
                    "timerID": 4
                  },
                  "start": {
                    "core": "ANY",
                    "risc": "ANY",
                    "timerID": 1
                  },
                  "type": "session_first_last"
                },
                "stats": {
                  "Average": 8031209.0,
                  "Count": 1,
                  "Max": 8031209,
                  "Median": 8031209.0,
                  "Min": 8031209,
                  "Range": 0
                }
              },
              "T0 -> ANY RISC FW end": {
                "analysis": {
                  "across": "core",
                  "end": {
                    "risc": "ANY",
                    "timerID": 4
                  },
                  "start": {
                    "risc": "BRISC",
                    "timerID": 0
                  },
                  "type": "session_first_last"
                },
                "stats": {
                  "Average": 8031209.0,
                  "Count": 1,
                  "Max": 8031209,
                  "Median": 8031209.0,
                  "Min": 8031209,
                  "Range": 0
                }
              },
              "T0 -> BRISC FW start": {
                "analysis": {
                  "across": "core",
                  "end": {
                    "risc": "BRISC",
                    "timerID": 1
                  },
                  "start": {
                    "risc": "BRISC",
                    "timerID": 0
                  },
                  "type": "adjacent"
                },
                "stats": {
                  "Average": 0.0,
                  "Count": 1,
                  "Max": 0,
                  "Median": 0.0,
                  "Min": 0,
                  "Range": 0
                }
              }
            },
            "riscs": {
              "BRISC": {
                "durations": [],
                "timeseries": [
                  "(0, 298089919664044, (0, 0))",
                  "(1, 298089919664044, (0, 0))",
                  "(2, 298089919667412, (0, 0))",
                  "(5, 298089927611881, (0, 0))",
                  "(3, 298089927695128, (0, 0))",
                  "(4, 298089927695253, (0, 0))"
                ]
              },
              "NCRISC": {
                "durations": [],
                "timeseries": [
                  "(0, 298089919664044, (0, 0))",
                  "(1, 298089919667458, (0, 0))",
                  "(2, 298089919668773, (0, 0))",
                  "(6, 298089919677337, (0, 0))",
                  "(6, 298089919686107, (0, 0))",
                  "(6, 298089919757621, (0, 0))",
                  "(6, 298089919840789, (0, 0))",
                  "(6, 298089919924297, (0, 0))",
                  "(6, 298089920008276, (0, 0))",
                  "(6, 298089920092033, (0, 0))",
                  "(6, 298089920175877, (0, 0))",
                  "(6, 298089920258495, (0, 0))",
                  "(6, 298089920341896, (0, 0))",
                  "(6, 298089920426526, (0, 0))",
                  "(6, 298089920510345, (0, 0))",
                  "(6, 298089920593201, (0, 0))",
                  "(6, 298089920677126, (0, 0))",
                  "(6, 298089920760995, (0, 0))",
                  "(6, 298089920844152, (0, 0))",
                  "(6, 298089920927740, (0, 0))",
                  "(6, 298089921011656, (0, 0))",
                  "(6, 298089921095463, (0, 0))",
                  "(6, 298089921178675, (0, 0))",
                  "(6, 298089921262233, (0, 0))",
                  "(6, 298089921346147, (0, 0))",
                  "(6, 298089921429986, (0, 0))",
                  "(6, 298089921513803, (0, 0))",
                  "(6, 298089921596555, (0, 0))",
                  "(6, 298089921680560, (0, 0))",
                  "(6, 298089921764473, (0, 0))",
                  "(6, 298089921848295, (0, 0))",
                  "(6, 298089921931169, (0, 0))",
                  "(6, 298089922015135, (0, 0))",
                  "(6, 298089922098968, (0, 0))",
                  "(6, 298089922182143, (0, 0))",
                  "(6, 298089922265669, (0, 0))",
                  "(6, 298089922349651, (0, 0))",
                  "(6, 298089922433482, (0, 0))",
                  "(6, 298089922516647, (0, 0))",
                  "(6, 298089922599915, (0, 0))",
                  "(6, 298089922683257, (0, 0))",
                  "(6, 298089922767935, (0, 0))",
                  "(6, 298089922851710, (0, 0))",
                  "(6, 298089922934657, (0, 0))",
                  "(6, 298089923018556, (0, 0))",
                  "(6, 298089923102374, (0, 0))",
                  "(6, 298089923186070, (0, 0))",
                  "(6, 298089923269045, (0, 0))",
                  "(6, 298089923353040, (0, 0))",
                  "(6, 298089923436883, (0, 0))",
                  "(6, 298089923520084, (0, 0))",
                  "(6, 298089923603599, (0, 0))",
                  "(6, 298089923687497, (0, 0))",
                  "(6, 298089923771336, (0, 0))",
                  "(6, 298089923854522, (0, 0))",
                  "(6, 298089923937981, (0, 0))",
                  "(6, 298089924021995, (0, 0))",
                  "(6, 298089924105880, (0, 0))",
                  "(6, 298089924189685, (0, 0))",
                  "(6, 298089924272531, (0, 0))",
                  "(6, 298089924356449, (0, 0))",
                  "(6, 298089924440245, (0, 0))",
                  "(6, 298089924523947, (0, 0))",
                  "(6, 298089924606950, (0, 0))",
                  "(6, 298089924690895, (0, 0))",
                  "(6, 298089924774705, (0, 0))",
                  "(6, 298089924858522, (0, 0))",
                  "(6, 298089924941074, (0, 0))"
                ]
              },
              "TENSIX": {
                "analysis": {
                  "T0 -> ANY CORE ANY RISC FW end": {
                    "analysis": {
                      "across": "device",
                      "end": {
                        "core": "ANY",
                        "risc": "ANY",
                        "timerID": 4
                      },
                      "start": {
                        "core": "ANY",
                        "risc": "ANY",
                        "timerID": 1
                      },
                      "type": "session_first_last"
                    },
                    "stats": {
                      "Average": 8031209.0,
                      "Count": 1,
                      "First": 8031209,
                      "Max": 8031209,
                      "Median": 8031209.0,
                      "Min": 8031209,
                      "Range": 0,
                      "Sum": 8031209
                    }
                  }
                },
                "durations": [],
                "timeseries": [
                  "(0, 298089919664044, 'NCRISC', (0, 0))",
                  "(0, 298089919664044, 'BRISC', (0, 0))",
                  "(1, 298089919664044, 'BRISC', (0, 0))",
                  "(2, 298089919667412, 'BRISC', (0, 0))",
                  "(1, 298089919667458, 'NCRISC', (0, 0))",
                  "(2, 298089919668773, 'NCRISC', (0, 0))",
                  "(6, 298089919677337, 'NCRISC', (0, 0))",
                  "(6, 298089919686107, 'NCRISC', (0, 0))",
                  "(6, 298089919757621, 'NCRISC', (0, 0))",
                  "(6, 298089919840789, 'NCRISC', (0, 0))",
                  "(6, 298089919924297, 'NCRISC', (0, 0))",
                  "(6, 298089920008276, 'NCRISC', (0, 0))",
                  "(6, 298089920092033, 'NCRISC', (0, 0))",
                  "(6, 298089920175877, 'NCRISC', (0, 0))",
                  "(6, 298089920258495, 'NCRISC', (0, 0))",
                  "(6, 298089920341896, 'NCRISC', (0, 0))",
                  "(6, 298089920426526, 'NCRISC', (0, 0))",
                  "(6, 298089920510345, 'NCRISC', (0, 0))",
                  "(6, 298089920593201, 'NCRISC', (0, 0))",
                  "(6, 298089920677126, 'NCRISC', (0, 0))",
                  "(6, 298089920760995, 'NCRISC', (0, 0))",
                  "(6, 298089920844152, 'NCRISC', (0, 0))",
                  "(6, 298089920927740, 'NCRISC', (0, 0))",
                  "(6, 298089921011656, 'NCRISC', (0, 0))",
                  "(6, 298089921095463, 'NCRISC', (0, 0))",
                  "(6, 298089921178675, 'NCRISC', (0, 0))",
                  "(6, 298089921262233, 'NCRISC', (0, 0))",
                  "(6, 298089921346147, 'NCRISC', (0, 0))",
                  "(6, 298089921429986, 'NCRISC', (0, 0))",
                  "(6, 298089921513803, 'NCRISC', (0, 0))",
                  "(6, 298089921596555, 'NCRISC', (0, 0))",
                  "(6, 298089921680560, 'NCRISC', (0, 0))",
                  "(6, 298089921764473, 'NCRISC', (0, 0))",
                  "(6, 298089921848295, 'NCRISC', (0, 0))",
                  "(6, 298089921931169, 'NCRISC', (0, 0))",
                  "(6, 298089922015135, 'NCRISC', (0, 0))",
                  "(6, 298089922098968, 'NCRISC', (0, 0))",
                  "(6, 298089922182143, 'NCRISC', (0, 0))",
                  "(6, 298089922265669, 'NCRISC', (0, 0))",
                  "(6, 298089922349651, 'NCRISC', (0, 0))",
                  "(6, 298089922433482, 'NCRISC', (0, 0))",
                  "(6, 298089922516647, 'NCRISC', (0, 0))",
                  "(6, 298089922599915, 'NCRISC', (0, 0))",
                  "(6, 298089922683257, 'NCRISC', (0, 0))",
                  "(6, 298089922767935, 'NCRISC', (0, 0))",
                  "(6, 298089922851710, 'NCRISC', (0, 0))",
                  "(6, 298089922934657, 'NCRISC', (0, 0))",
                  "(6, 298089923018556, 'NCRISC', (0, 0))",
                  "(6, 298089923102374, 'NCRISC', (0, 0))",
                  "(6, 298089923186070, 'NCRISC', (0, 0))",
                  "(6, 298089923269045, 'NCRISC', (0, 0))",
                  "(6, 298089923353040, 'NCRISC', (0, 0))",
                  "(6, 298089923436883, 'NCRISC', (0, 0))",
                  "(6, 298089923520084, 'NCRISC', (0, 0))",
                  "(6, 298089923603599, 'NCRISC', (0, 0))",
                  "(6, 298089923687497, 'NCRISC', (0, 0))",
                  "(6, 298089923771336, 'NCRISC', (0, 0))",
                  "(6, 298089923854522, 'NCRISC', (0, 0))",
                  "(6, 298089923937981, 'NCRISC', (0, 0))",
                  "(6, 298089924021995, 'NCRISC', (0, 0))",
                  "(6, 298089924105880, 'NCRISC', (0, 0))",
                  "(6, 298089924189685, 'NCRISC', (0, 0))",
                  "(6, 298089924272531, 'NCRISC', (0, 0))",
                  "(6, 298089924356449, 'NCRISC', (0, 0))",
                  "(6, 298089924440245, 'NCRISC', (0, 0))",
                  "(6, 298089924523947, 'NCRISC', (0, 0))",
                  "(6, 298089924606950, 'NCRISC', (0, 0))",
                  "(6, 298089924690895, 'NCRISC', (0, 0))",
                  "(6, 298089924774705, 'NCRISC', (0, 0))",
                  "(6, 298089924858522, 'NCRISC', (0, 0))",
                  "(6, 298089924941074, 'NCRISC', (0, 0))",
                  "(5, 298089927611881, 'BRISC', (0, 0))",
                  "(3, 298089927695128, 'BRISC', (0, 0))",
                  "(4, 298089927695253, 'BRISC', (0, 0))"
                ]
              }
            }
          }
        },
        "metadata": {
          "global_min": {
            "core": "(0, 0)",
            "risc": "BRISC",
            "ts": 298089919664044
          }
        }
      }
    }
  },
  "setup": {
    "deviceAnalysisData": "device_analysis_data.json",
    "deviceChromeTracing": "device_chrome_tracing.json",
    "devicePerfHTML": "timeline.html",
    "deviceRearranged": "device_rearranged_timestamps.csv",
    "deviceStatsTXT": "device_stats.txt",
    "deviceTarball": "device_perf_results.tgz",
    "displayStats": [
      "Count",
      "Average",
      "Max",
      "Median",
      "Min"
    ],
    "outputFolder": "output/device",
    "plotBaseHeight": 200,
    "plotPerCoreHeight": 100,
    "riscs": [
      "BRISC",
      "NCRISC",
      "TRISC_0",
      "TRISC_1",
      "TRISC_2"
    ],
    "riscsData": {
      "BRISC": {
        "color": "light:g"
      },
      "NCRISC": {
        "color": "light:r"
      },
      "TENSIX": {
        "color": "light:b"
      },
      "TRISC_0": {
        "color": "light:gray"
      },
      "TRISC_1": {
        "color": "light:gray"
      },
      "TRISC_2": {
        "color": "light:gray"
      }
    },
    "timerAnalysis": {
      "ANY RISC FW end -> BRISC FW start": {
        "across": "core",
        "end": {
          "risc": "BRISC",
          "timerID": 1
        },
        "start": {
          "risc": "ANY",
          "timerID": 4
        },
        "type": "adjacent"
      },
      "ANY RISC FW start -> ANY RISC FW end": {
        "across": "core",
        "end": {
          "risc": "ANY",
          "timerID": 4
        },
        "start": {
          "risc": "ANY",
          "timerID": 1
        },
        "type": "launch_first_last"
      },
      "BRISC FW start -> ANY RISC FW end": {
        "across": "core",
        "end": {
          "risc": "ANY",
          "timerID": 4
        },
        "start": {
          "risc": "ANY",
          "timerID": 1
        },
        "type": "session_first_last"
      },
      "BRISC kernel start -> BRISC kernel end": {
        "across": "core",
        "end": {
          "risc": "BRISC",
          "timerID": 3
        },
        "start": {
          "risc": "BRISC",
          "timerID": 2
        },
        "type": "adjacent"
      },
      "NCRISC kernel start -> NCRISC kernel end": {
        "across": "core",
        "end": {
          "risc": "NCRISC",
          "timerID": 3
        },
        "start": {
          "risc": "NCRISC",
          "timerID": 2
        },
        "type": "adjacent"
      },
      "T0 -> ANY CORE ANY RISC FW end": {
        "across": "device",
        "end": {
          "core": "ANY",
          "risc": "ANY",
          "timerID": 4
        },
        "start": {
          "core": "ANY",
          "risc": "ANY",
          "timerID": 1
        },
        "type": "session_first_last"
      },
      "T0 -> ANY RISC FW end": {
        "across": "core",
        "end": {
          "risc": "ANY",
          "timerID": 4
        },
        "start": {
          "risc": "BRISC",
          "timerID": 0
        },
        "type": "session_first_last"
      },
      "T0 -> BRISC FW start": {
        "across": "core",
        "end": {
          "risc": "BRISC",
          "timerID": 1
        },
        "start": {
          "risc": "BRISC",
          "timerID": 0
        },
        "type": "adjacent"
      },
      "TRISC0 kernel start -> TRISC0 kernel end": {
        "across": "core",
        "end": {
          "risc": "TRISC_0",
          "timerID": 3
        },
        "start": {
          "risc": "TRISC_0",
          "timerID": 2
        },
        "type": "adjacent"
      },
      "TRISC1 kernel start -> TRISC1 kernel end": {
        "across": "core",
        "end": {
          "risc": "TRISC_1",
          "timerID": 3
        },
        "start": {
          "risc": "TRISC_1",
          "timerID": 2
        },
        "type": "adjacent"
      },
      "TRISC2 kernel start -> TRISC2 kernel end": {
        "across": "core",
        "end": {
          "risc": "TRISC_2",
          "timerID": 3
        },
        "start": {
          "risc": "TRISC_2",
          "timerID": 2
        },
        "type": "adjacent"
      }
    },
    "timerIDLabels": [
      [
        0,
        "Start"
      ],
      [
        1,
        "Firmware Start"
      ],
      [
        2,
        "Kernel start"
      ],
      [
        3,
        "Kernel End"
      ],
      [
        4,
        "Firmware End"
      ]
    ],
    "webappPort": 8050
  }
}