
=================== T0 -> BRISC FW start ===================
    Duration [cycles] =          0

                        1                2                3                4                5                6                7                8                9               10               11               12
        ============================================================================================================================================================================================================
     ---            DRAM0              ---              ---            DRAM1              ---              ---            DRAM2              ---              ---            DRAM3              ---              ---
 1|| ARC                X                X                X                X                X                X                X                X                X                X                X                X
 2|| ---                X                X                X                X                X                X                X                X                X                X                X                X
 3|| PCI                X                X                X                X                X                X                X                X                X                X                X                X
 4|| ---                X                X                X                X                X                X                X                X                X                X                X                X
 5|| ---                X                X                X                X                X                X                X                X                X                X                X                X
 6|| ---            DRAM4              ---              ---            DRAM5              ---              ---            DRAM6              ---              ---            DRAM7              ---              ---
 7|| ---                X                X                X                X                X                X                X                X                X                X                X                X
 8|| ---                X                X                X                X                X                X                X                X                X                X                X                X
 9|| ---                X                X                X                X                X                X                X                X                X                X                X                X
10|| ---                X                X                X                X                X                X                X                X                X                X                X                X
11|| ---                X                X                X                X                X                X                X                X                X                X                X                X




=================== BRISC kernel start -> BRISC kernel end ===================
       Count          =          2
     Average [cycles] =         64
         Max [cycles] =         64
      Median [cycles] =         64
         Min [cycles] =         64
         Sum [cycles] =        128
       Range [cycles] =          0

                        1                2                3                4                5                6                7                8                9               10               11               12
        ============================================================================================================================================================================================================
     ---            DRAM0              ---              ---            DRAM1              ---              ---            DRAM2              ---              ---            DRAM3              ---              ---
 1|| ARC                X                X                X                X                X                X                X                X                X                X                X                X
 2|| ---                X                X                X                X                X                X                X                X                X                X                X                X
 3|| PCI                X                X                X                X                X                X                X                X                X                X                X                X
 4|| ---                X                X                X                X                X                X                X                X                X                X                X                X
 5|| ---                X                X                X                X                X                X                X                X                X                X                X                X
 6|| ---            DRAM4              ---              ---            DRAM5              ---              ---            DRAM6              ---              ---            DRAM7              ---              ---
 7|| ---                X                X                X                X                X                X                X                X                X                X                X                X
 8|| ---                X                X                X                X                X                X                X                X                X                X                X                X
 9|| ---                X                X                X                X                X                X                X                X                X                X                X                X
10|| ---                X                X                X                X                X                X                X                X                X                X                X                X
11|| ---                X                X                X                X                X                X                X                X                X                X                X                X




=================== NCRISC kernel start -> NCRISC kernel end ===================
       Count          =          2
     Average [cycles] =         30
         Max [cycles] =         30
      Median [cycles] =         30
         Min [cycles] =         30
         Sum [cycles] =         60
       Range [cycles] =          0

                        1                2                3                4                5                6                7                8                9               10               11               12
        ============================================================================================================================================================================================================
     ---            DRAM0              ---              ---            DRAM1              ---              ---            DRAM2              ---              ---            DRAM3              ---              ---
 1|| ARC                X                X                X                X                X                X                X                X                X                X                X                X
 2|| ---                X                X                X                X                X                X                X                X                X                X                X                X
 3|| PCI                X                X                X                X                X                X                X                X                X                X                X                X
 4|| ---                X                X                X                X                X                X                X                X                X                X                X                X
 5|| ---                X                X                X                X                X                X                X                X                X                X                X                X
 6|| ---            DRAM4              ---              ---            DRAM5              ---              ---            DRAM6              ---              ---            DRAM7              ---              ---
 7|| ---                X                X                X                X                X                X                X                X                X                X                X                X
 8|| ---                X                X                X                X                X                X                X                X                X                X                X                X
 9|| ---                X                X                X                X                X                X                X                X                X                X                X                X
10|| ---                X                X                X                X                X                X                X                X                X                X                X                X
11|| ---                X                X                X                X                X                X                X                X                X                X                X                X




=================== ANY RISC FW end -> BRISC FW start ===================
    Duration [cycles] =    458,069

                        1                2                3                4                5                6                7                8                9               10               11               12
        ============================================================================================================================================================================================================
     ---            DRAM0              ---              ---            DRAM1              ---              ---            DRAM2              ---              ---            DRAM3              ---              ---
 1|| ARC                X                X                X                X                X                X                X                X                X                X                X                X
 2|| ---                X                X                X                X                X                X                X                X                X                X                X                X
 3|| PCI                X                X                X                X                X                X                X                X                X                X                X                X
 4|| ---                X                X                X                X                X                X                X                X                X                X                X                X
 5|| ---                X                X                X                X                X                X                X                X                X                X                X                X
 6|| ---            DRAM4              ---              ---            DRAM5              ---              ---            DRAM6              ---              ---            DRAM7              ---              ---
 7|| ---                X                X                X                X                X                X                X                X                X                X                X                X
 8|| ---                X                X                X                X                X                X                X                X                X                X                X                X
 9|| ---                X                X                X                X                X                X                X                X                X                X                X                X
10|| ---                X                X                X                X                X                X                X                X                X                X                X                X
11|| ---                X                X                X                X                X                X                X                X                X                X                X                X



