[
  {
    "args": {
      "name": "(0, 0)"
    },
    "name": "thread_name",
    "ph": "M",
    "pid": 1,
    "tid": 1
  },
  {
    "args": {
      "name": "(0, 0)"
    },
    "name": "thread_name",
    "ph": "M",
    "pid": 2,
    "tid": 2
  },
  {
    "args": {
      "name": "(0, 0)"
    },
    "name": "thread_name",
    "ph": "M",
    "pid": 2,
    "tid": 2
  },
  {
    "args": {
      "name": "(0, 0)"
    },
    "name": "thread_name",
    "ph": "M",
    "pid": 1,
    "tid": 1
  },
  {
    "args": {
      "name": "(0, 0)"
    },
    "name": "thread_name",
    "ph": "M",
    "pid": 1,
    "tid": 1
  },
  {
    "args": {
      "name": "(0, 0)"
    },
    "name": "thread_name",
    "ph": "M",
    "pid": 1,
    "tid": 1
  },
  {
    "args": {
      "name": "(0, 0)"
    },
    "name": "thread_name",
    "ph": "M",
    "pid": 1,
    "tid": 1
  },
  {
    "args": {
      "name": "(0, 0)"
    },
    "name": "thread_name",
    "ph": "M",
    "pid": 2,
    "tid": 2
  },
  {
    "args": {
      "name": "(0, 0)"
    },
    "name": "thread_name",
    "ph": "M",
    "pid": 2,
    "tid": 2
  },
  {
    "args": {
      "name": "(0, 0)"
    },
    "name": "thread_name",
    "ph": "M",
    "pid": 2,
    "tid": 2
  },
  {
    "args": {
      "name": "(0, 0)"
    },
    "name": "thread_name",
    "ph": "M",
    "pid": 1,
    "tid": 1
  },
  {
    "args": {
      "name": "(0, 0)"
    },
    "name": "thread_name",
    "ph": "M",
    "pid": 2,
    "tid": 2
  },
  {
    "args": {
      "name": "(0, 0)"
    },
    "name": "thread_name",
    "ph": "M",
    "pid": 1,
    "tid": 1
  },
  {
    "args": {
      "name": "(0, 0)"
    },
    "name": "thread_name",
    "ph": "M",
    "pid": 1,
    "tid": 1
  },
  {
    "args": {
      "name": "(0, 0)"
    },
    "name": "thread_name",
    "ph": "M",
    "pid": 1,
    "tid": 1
  },
  {
    "args": {
      "name": "(0, 0)"
    },
    "name": "thread_name",
    "ph": "M",
    "pid": 2,
    "tid": 2
  },
  {
    "args": {
      "name": "(0, 0)"
    },
    "name": "thread_name",
    "ph": "M",
    "pid": 2,
    "tid": 2
  },
  {
    "args": {
      "name": "(0, 0)"
    },
    "name": "thread_name",
    "ph": "M",
    "pid": 2,
    "tid": 2
  }
]