{
  "data": {
    "deviceInfo": {
      "arch": "grayskull",
      "freq": 1200
    },
    "devices": {
      "0": {
        "cores": {
          "(0, 0)": {
            "riscs": {
              "BRISC": {
                "timeseries": [
                  "({'id': 0, 'zoneName': '', 'zonePhase': '', 'srcLine': '', 'srcFile': ''}, 620014949326646)",
                  "({'id': 5, 'zoneName': '', 'zonePhase': '', 'srcLine': 0, 'srcFile': ''}, 620014949329412)",
                  "({'id': 9, 'zoneName': '', 'zonePhase': '', 'srcLine': 0, 'srcFile': ''}, 620014949329763)",
                  "({'id': 11, 'zoneName': '', 'zonePhase': '', 'srcLine': 0, 'srcFile': ''}, 620014949329827)",
                  "({'id': 345, 'zoneName': '', 'zonePhase': '', 'srcLine': 0, 'srcFile': ''}, 620014949329911)",
                  "({'id': 51, 'zoneName': '', 'zonePhase': '', 'srcLine': 0, 'srcFile': ''}, 620014949786086)",
                  "({'id': 62, 'zoneName': '', 'zonePhase': '', 'srcLine': 0, 'srcFile': ''}, 620014949789203)",
                  "({'id': 73, 'zoneName': '', 'zonePhase': '', 'srcLine': 0, 'srcFile': ''}, 620014949789267)",
                  "({'id': 84, 'zoneName': '', 'zonePhase': '', 'srcLine': 0, 'srcFile': ''}, 620014949789351)"
                ]
              },
              "NCRISC": {
                "timeseries": [
                  "({'id': 0, 'zoneName': '', 'zonePhase': '', 'srcLine': '', 'srcFile': ''}, 620014949326646)",
                  "({'id': 8, 'zoneName': '', 'zonePhase': '', 'srcLine': 0, 'srcFile': ''}, 620014949326646)",
                  "({'id': 6, 'zoneName': '', 'zonePhase': '', 'srcLine': 0, 'srcFile': ''}, 620014949330453)",
                  "({'id': 6, 'zoneName': '', 'zonePhase': '', 'srcLine': 0, 'srcFile': ''}, 620014949330483)",
                  "({'id': 7, 'zoneName': '', 'zonePhase': '', 'srcLine': 0, 'srcFile': ''}, 620014949330517)",
                  "({'id': 23, 'zoneName': '', 'zonePhase': '', 'srcLine': 0, 'srcFile': ''}, 620014949788852)",
                  "({'id': 27, 'zoneName': '', 'zonePhase': '', 'srcLine': 0, 'srcFile': ''}, 620014949789893)",
                  "({'id': 30, 'zoneName': '', 'zonePhase': '', 'srcLine': 0, 'srcFile': ''}, 620014949789923)",
                  "({'id': 45, 'zoneName': '', 'zonePhase': '', 'srcLine': 0, 'srcFile': ''}, 620014949789957)"
                ]
              },
              "TENSIX": {
                "ops": [],
                "timeseries": [
                  "({'id': 0, 'zoneName': '', 'zonePhase': '', 'srcLine': '', 'srcFile': ''}, 620014949326646, 'BRISC')",
                  "({'id': 0, 'zoneName': '', 'zonePhase': '', 'srcLine': '', 'srcFile': ''}, 620014949326646, 'NCRISC')",
                  "({'id': 8, 'zoneName': '', 'zonePhase': '', 'srcLine': 0, 'srcFile': ''}, 620014949326646, 'NCRISC')",
                  "({'id': 5, 'zoneName': '', 'zonePhase': '', 'srcLine': 0, 'srcFile': ''}, 620014949329412, 'BRISC')",
                  "({'id': 9, 'zoneName': '', 'zonePhase': '', 'srcLine': 0, 'srcFile': ''}, 620014949329763, 'BRISC')",
                  "({'id': 11, 'zoneName': '', 'zonePhase': '', 'srcLine': 0, 'srcFile': ''}, 620014949329827, 'BRISC')",
                  "({'id': 345, 'zoneName': '', 'zonePhase': '', 'srcLine': 0, 'srcFile': ''}, 620014949329911, 'BRISC')",
                  "({'id': 6, 'zoneName': '', 'zonePhase': '', 'srcLine': 0, 'srcFile': ''}, 620014949330453, 'NCRISC')",
                  "({'id': 6, 'zoneName': '', 'zonePhase': '', 'srcLine': 0, 'srcFile': ''}, 620014949330483, 'NCRISC')",
                  "({'id': 7, 'zoneName': '', 'zonePhase': '', 'srcLine': 0, 'srcFile': ''}, 620014949330517, 'NCRISC')",
                  "({'id': 51, 'zoneName': '', 'zonePhase': '', 'srcLine': 0, 'srcFile': ''}, 620014949786086, 'BRISC')",
                  "({'id': 23, 'zoneName': '', 'zonePhase': '', 'srcLine': 0, 'srcFile': ''}, 620014949788852, 'NCRISC')",
                  "({'id': 62, 'zoneName': '', 'zonePhase': '', 'srcLine': 0, 'srcFile': ''}, 620014949789203, 'BRISC')",
                  "({'id': 73, 'zoneName': '', 'zonePhase': '', 'srcLine': 0, 'srcFile': ''}, 620014949789267, 'BRISC')",
                  "({'id': 84, 'zoneName': '', 'zonePhase': '', 'srcLine': 0, 'srcFile': ''}, 620014949789351, 'BRISC')",
                  "({'id': 27, 'zoneName': '', 'zonePhase': '', 'srcLine': 0, 'srcFile': ''}, 620014949789893, 'NCRISC')",
                  "({'id': 30, 'zoneName': '', 'zonePhase': '', 'srcLine': 0, 'srcFile': ''}, 620014949789923, 'NCRISC')",
                  "({'id': 45, 'zoneName': '', 'zonePhase': '', 'srcLine': 0, 'srcFile': ''}, 620014949789957, 'NCRISC')"
                ]
              }
            }
          },
          "DEVICE": {
            "riscs": {
              "BRISC": {
                "timeseries": [
                  "({'id': 0, 'zoneName': '', 'zonePhase': '', 'srcLine': '', 'srcFile': ''}, 620014949326646, (0, 0))",
                  "({'id': 5, 'zoneName': '', 'zonePhase': '', 'srcLine': 0, 'srcFile': ''}, 620014949329412, (0, 0))",
                  "({'id': 9, 'zoneName': '', 'zonePhase': '', 'srcLine': 0, 'srcFile': ''}, 620014949329763, (0, 0))",
                  "({'id': 11, 'zoneName': '', 'zonePhase': '', 'srcLine': 0, 'srcFile': ''}, 620014949329827, (0, 0))",
                  "({'id': 345, 'zoneName': '', 'zonePhase': '', 'srcLine': 0, 'srcFile': ''}, 620014949329911, (0, 0))",
                  "({'id': 51, 'zoneName': '', 'zonePhase': '', 'srcLine': 0, 'srcFile': ''}, 620014949786086, (0, 0))",
                  "({'id': 62, 'zoneName': '', 'zonePhase': '', 'srcLine': 0, 'srcFile': ''}, 620014949789203, (0, 0))",
                  "({'id': 73, 'zoneName': '', 'zonePhase': '', 'srcLine': 0, 'srcFile': ''}, 620014949789267, (0, 0))",
                  "({'id': 84, 'zoneName': '', 'zonePhase': '', 'srcLine': 0, 'srcFile': ''}, 620014949789351, (0, 0))"
                ]
              },
              "NCRISC": {
                "timeseries": [
                  "({'id': 0, 'zoneName': '', 'zonePhase': '', 'srcLine': '', 'srcFile': ''}, 620014949326646, (0, 0))",
                  "({'id': 8, 'zoneName': '', 'zonePhase': '', 'srcLine': 0, 'srcFile': ''}, 620014949326646, (0, 0))",
                  "({'id': 6, 'zoneName': '', 'zonePhase': '', 'srcLine': 0, 'srcFile': ''}, 620014949330453, (0, 0))",
                  "({'id': 6, 'zoneName': '', 'zonePhase': '', 'srcLine': 0, 'srcFile': ''}, 620014949330483, (0, 0))",
                  "({'id': 7, 'zoneName': '', 'zonePhase': '', 'srcLine': 0, 'srcFile': ''}, 620014949330517, (0, 0))",
                  "({'id': 23, 'zoneName': '', 'zonePhase': '', 'srcLine': 0, 'srcFile': ''}, 620014949788852, (0, 0))",
                  "({'id': 27, 'zoneName': '', 'zonePhase': '', 'srcLine': 0, 'srcFile': ''}, 620014949789893, (0, 0))",
                  "({'id': 30, 'zoneName': '', 'zonePhase': '', 'srcLine': 0, 'srcFile': ''}, 620014949789923, (0, 0))",
                  "({'id': 45, 'zoneName': '', 'zonePhase': '', 'srcLine': 0, 'srcFile': ''}, 620014949789957, (0, 0))"
                ]
              },
              "TENSIX": {
                "ops": [],
                "timeseries": [
                  "({'id': 0, 'zoneName': '', 'zonePhase': '', 'srcLine': '', 'srcFile': ''}, 620014949326646, 'BRISC', (0, 0))",
                  "({'id': 0, 'zoneName': '', 'zonePhase': '', 'srcLine': '', 'srcFile': ''}, 620014949326646, 'NCRISC', (0, 0))",
                  "({'id': 8, 'zoneName': '', 'zonePhase': '', 'srcLine': 0, 'srcFile': ''}, 620014949326646, 'NCRISC', (0, 0))",
                  "({'id': 5, 'zoneName': '', 'zonePhase': '', 'srcLine': 0, 'srcFile': ''}, 620014949329412, 'BRISC', (0, 0))",
                  "({'id': 9, 'zoneName': '', 'zonePhase': '', 'srcLine': 0, 'srcFile': ''}, 620014949329763, 'BRISC', (0, 0))",
                  "({'id': 11, 'zoneName': '', 'zonePhase': '', 'srcLine': 0, 'srcFile': ''}, 620014949329827, 'BRISC', (0, 0))",
                  "({'id': 345, 'zoneName': '', 'zonePhase': '', 'srcLine': 0, 'srcFile': ''}, 620014949329911, 'BRISC', (0, 0))",
                  "({'id': 6, 'zoneName': '', 'zonePhase': '', 'srcLine': 0, 'srcFile': ''}, 620014949330453, 'NCRISC', (0, 0))",
                  "({'id': 6, 'zoneName': '', 'zonePhase': '', 'srcLine': 0, 'srcFile': ''}, 620014949330483, 'NCRISC', (0, 0))",
                  "({'id': 7, 'zoneName': '', 'zonePhase': '', 'srcLine': 0, 'srcFile': ''}, 620014949330517, 'NCRISC', (0, 0))",
                  "({'id': 51, 'zoneName': '', 'zonePhase': '', 'srcLine': 0, 'srcFile': ''}, 620014949786086, 'BRISC', (0, 0))",
                  "({'id': 23, 'zoneName': '', 'zonePhase': '', 'srcLine': 0, 'srcFile': ''}, 620014949788852, 'NCRISC', (0, 0))",
                  "({'id': 62, 'zoneName': '', 'zonePhase': '', 'srcLine': 0, 'srcFile': ''}, 620014949789203, 'BRISC', (0, 0))",
                  "({'id': 73, 'zoneName': '', 'zonePhase': '', 'srcLine': 0, 'srcFile': ''}, 620014949789267, 'BRISC', (0, 0))",
                  "({'id': 84, 'zoneName': '', 'zonePhase': '', 'srcLine': 0, 'srcFile': ''}, 620014949789351, 'BRISC', (0, 0))",
                  "({'id': 27, 'zoneName': '', 'zonePhase': '', 'srcLine': 0, 'srcFile': ''}, 620014949789893, 'NCRISC', (0, 0))",
                  "({'id': 30, 'zoneName': '', 'zonePhase': '', 'srcLine': 0, 'srcFile': ''}, 620014949789923, 'NCRISC', (0, 0))",
                  "({'id': 45, 'zoneName': '', 'zonePhase': '', 'srcLine': 0, 'srcFile': ''}, 620014949789957, 'NCRISC', (0, 0))"
                ]
              }
            }
          }
        },
        "metadata": {
          "global_min": {
            "core": "(0, 0)",
            "risc": "NCRISC",
            "ts": 620014949326646
          }
        }
      }
    }
  },
  "setup": {
    "detectOps": true,
    "deviceAnalysisData": "device_analysis_data.json",
    "deviceStatsTXT": "device_stats.txt",
    "deviceTarball": "device_perf_results.tgz",
    "displayStats": [
      "Count",
      "Average",
      "Max",
      "Median",
      "Min",
      "Sum",
      "Range"
    ],
    "outputFolder": "output/device",
    "riscTypes": [
      "BRISC",
      "NCRISC",
      "TRISC",
      "ERISC"
    ],
    "riscs": [
      "BRISC",
      "NCRISC",
      "TRISC_0",
      "TRISC_1",
      "TRISC_2",
      "ERISC"
    ],
    "timerAnalysis": {
      "BR_KERNEL_START->BR_KERNEL_END": {
        "across": "ops",
        "end": {
          "core": "ANY",
          "risc": "BRISC",
          "zoneName": "BRISC-KERNEL"
        },
        "start": {
          "core": "ANY",
          "risc": "BRISC",
          "zoneName": "BRISC-KERNEL"
        },
        "type": "op_first_last"
      },
      "ER_KERNEL_START->ER_KERNEL_END": {
        "across": "ops",
        "end": {
          "core": "ANY",
          "risc": "ERISC",
          "zoneName": "ERISC-KERNEL"
        },
        "start": {
          "core": "ANY",
          "risc": "ERISC",
          "zoneName": "ERISC-KERNEL"
        },
        "type": "op_first_last"
      },
      "FW_START->FW_END": {
        "across": "ops",
        "end": {
          "core": "ANY",
          "risc": "ANY",
          "zoneName": [
            "BRISC-FW",
            "NCRISC-FW",
            "TRISC-FW",
            "ERISC-FW"
          ]
        },
        "start": {
          "core": "ANY",
          "risc": "ANY",
          "zoneName": [
            "BRISC-FW",
            "NCRISC-FW",
            "TRISC-FW",
            "ERISC-FW"
          ]
        },
        "type": "op_first_last"
      },
      "KERNEL_START->KERNEL_END": {
        "across": "ops",
        "end": {
          "core": "ANY",
          "risc": "ANY",
          "zoneName": [
            "BRISC-KERNEL",
            "NCRISC-KERNEL",
            "TRISC-KERNEL",
            "ERISC-KERNEL"
          ]
        },
        "start": {
          "core": "ANY",
          "risc": "ANY",
          "zoneName": [
            "BRISC-KERNEL",
            "NCRISC-KERNEL",
            "TRISC-KERNEL",
            "ERISC-KERNEL"
          ]
        },
        "type": "op_first_last"
      },
      "NC_KERNEL_START->NC_KERNEL_END": {
        "across": "ops",
        "end": {
          "core": "ANY",
          "risc": "NCRISC",
          "zoneName": "NCRISC-KERNEL"
        },
        "start": {
          "core": "ANY",
          "risc": "NCRISC",
          "zoneName": "NCRISC-KERNEL"
        },
        "type": "op_first_last"
      },
      "T0_KERNEL_START->T0_KERNEL_END": {
        "across": "ops",
        "end": {
          "core": "ANY",
          "risc": "TRISC_0",
          "zoneName": "TRISC-KERNEL"
        },
        "start": {
          "core": "ANY",
          "risc": "TRISC_0",
          "zoneName": "TRISC-KERNEL"
        },
        "type": "op_first_last"
      },
      "T1_KERNEL_START->T1_KERNEL_END": {
        "across": "ops",
        "end": {
          "core": "ANY",
          "risc": "TRISC_1",
          "zoneName": "TRISC-KERNEL"
        },
        "start": {
          "core": "ANY",
          "risc": "TRISC_1",
          "zoneName": "TRISC-KERNEL"
        },
        "type": "op_first_last"
      },
      "T2_KERNEL_START->T2_KERNEL_END": {
        "across": "ops",
        "end": {
          "core": "ANY",
          "risc": "TRISC_2",
          "zoneName": "TRISC-KERNEL"
        },
        "start": {
          "core": "ANY",
          "risc": "TRISC_2",
          "zoneName": "TRISC-KERNEL"
        },
        "type": "op_first_last"
      }
    }
  }
}