Clock Frequency [MHz],1000
PCIe slot,0
core x,core y,BRISC Firmware Start,BRISC Kernel start,BRISC Kernel End,BRISC Firmware End,NCRISC Firmware Start,NCRISC Kernel start,NCRISC Kernel End,NCRISC Firmware End
0,0,175970447478802,175970447480484,175970447484066,175970447484123,175970447480520,175970447480555,175970447483181,175970447483221
