
=================== FW start ===================
    Duration [cycles] =          0

                        0                1                2                3                4                5                6                7                8                9               10               11
        ============================================================================================================================================================================================================
                    DRAM0              ---              ---            DRAM1              ---              ---            DRAM2              ---              ---            DRAM3              ---              ---
 0|| ---                0                X                X                X                X                X                X                X                X                X                X                X
 1|| ARC                X                X                X                X                X                X                X                X                X                X                X                X
 2|| ---                X                X                X                X                X                X                X                X                X                X                X                X
 3|| PCI                X                X                X                X                X                X                X                X                X                X                X                X
 4|| ---                X                X                X                X                X                X                X                X                X                X                X                X
     ---            DRAM4              ---              ---            DRAM5              ---              ---            DRAM6              ---              ---            DRAM7              ---              ---
 5|| ---                X                X                X                X                X                X                X                X                X                X                X                X
 6|| ---                X                X                X                X                X                X                X                X                X                X                X                X
 7|| ---                X                X                X                X                X                X                X                X                X                X                X                X
 8|| ---                X                X                X                X                X                X                X                X                X                X                X                X
 9|| ---                X                X                X                X                X                X                X                X                X                X                X                X




=================== BRISC kernel start -> BRISC kernel end ===================
       Count [cycles] =          2
     Average [cycles] =         64
         Max [cycles] =         64
      Median [cycles] =         64
         Min [cycles] =         64

                        0                1                2                3                4                5                6                7                8                9               10               11
        ============================================================================================================================================================================================================
                    DRAM0              ---              ---            DRAM1              ---              ---            DRAM2              ---              ---            DRAM3              ---              ---
 0|| ---             64Â±0                X                X                X                X                X                X                X                X                X                X                X
 1|| ARC                X                X                X                X                X                X                X                X                X                X                X                X
 2|| ---                X                X                X                X                X                X                X                X                X                X                X                X
 3|| PCI                X                X                X                X                X                X                X                X                X                X                X                X
 4|| ---                X                X                X                X                X                X                X                X                X                X                X                X
     ---            DRAM4              ---              ---            DRAM5              ---              ---            DRAM6              ---              ---            DRAM7              ---              ---
 5|| ---                X                X                X                X                X                X                X                X                X                X                X                X
 6|| ---                X                X                X                X                X                X                X                X                X                X                X                X
 7|| ---                X                X                X                X                X                X                X                X                X                X                X                X
 8|| ---                X                X                X                X                X                X                X                X                X                X                X                X
 9|| ---                X                X                X                X                X                X                X                X                X                X                X                X




=================== Launch delta ===================
    Duration [cycles] =    449,378

                        0                1                2                3                4                5                6                7                8                9               10               11
        ============================================================================================================================================================================================================
                    DRAM0              ---              ---            DRAM1              ---              ---            DRAM2              ---              ---            DRAM3              ---              ---
 0|| ---          449,378                X                X                X                X                X                X                X                X                X                X                X
 1|| ARC                X                X                X                X                X                X                X                X                X                X                X                X
 2|| ---                X                X                X                X                X                X                X                X                X                X                X                X
 3|| PCI                X                X                X                X                X                X                X                X                X                X                X                X
 4|| ---                X                X                X                X                X                X                X                X                X                X                X                X
     ---            DRAM4              ---              ---            DRAM5              ---              ---            DRAM6              ---              ---            DRAM7              ---              ---
 5|| ---                X                X                X                X                X                X                X                X                X                X                X                X
 6|| ---                X                X                X                X                X                X                X                X                X                X                X                X
 7|| ---                X                X                X                X                X                X                X                X                X                X                X                X
 8|| ---                X                X                X                X                X                X                X                X                X                X                X                X
 9|| ---                X                X                X                X                X                X                X                X                X                X                X                X




=================== Core end ===================
    Duration [cycles] =    455,908

                        0                1                2                3                4                5                6                7                8                9               10               11
        ============================================================================================================================================================================================================
                    DRAM0              ---              ---            DRAM1              ---              ---            DRAM2              ---              ---            DRAM3              ---              ---
 0|| ---          455,908                X                X                X                X                X                X                X                X                X                X                X
 1|| ARC                X                X                X                X                X                X                X                X                X                X                X                X
 2|| ---                X                X                X                X                X                X                X                X                X                X                X                X
 3|| PCI                X                X                X                X                X                X                X                X                X                X                X                X
 4|| ---                X                X                X                X                X                X                X                X                X                X                X                X
     ---            DRAM4              ---              ---            DRAM5              ---              ---            DRAM6              ---              ---            DRAM7              ---              ---
 5|| ---                X                X                X                X                X                X                X                X                X                X                X                X
 6|| ---                X                X                X                X                X                X                X                X                X                X                X                X
 7|| ---                X                X                X                X                X                X                X                X                X                X                X                X
 8|| ---                X                X                X                X                X                X                X                X                X                X                X                X
 9|| ---                X                X                X                X                X                X                X                X                X                X                X                X




=================== Core start -> Core end ===================
    Duration [cycles] =    455,908

                        0                1                2                3                4                5                6                7                8                9               10               11
        ============================================================================================================================================================================================================
                    DRAM0              ---              ---            DRAM1              ---              ---            DRAM2              ---              ---            DRAM3              ---              ---
 0|| ---          455,908                X                X                X                X                X                X                X                X                X                X                X
 1|| ARC                X                X                X                X                X                X                X                X                X                X                X                X
 2|| ---                X                X                X                X                X                X                X                X                X                X                X                X
 3|| PCI                X                X                X                X                X                X                X                X                X                X                X                X
 4|| ---                X                X                X                X                X                X                X                X                X                X                X                X
     ---            DRAM4              ---              ---            DRAM5              ---              ---            DRAM6              ---              ---            DRAM7              ---              ---
 5|| ---                X                X                X                X                X                X                X                X                X                X                X                X
 6|| ---                X                X                X                X                X                X                X                X                X                X                X                X
 7|| ---                X                X                X                X                X                X                X                X                X                X                X                X
 8|| ---                X                X                X                X                X                X                X                X                X                X                X                X
 9|| ---                X                X                X                X                X                X                X                X                X                X                X                X




=================== Device start -> Device end ===================
    Duration [cycles] =    455,908

