Clock Frequency [MHz],1200
PCIe slot,0
core x,core y,BRISC Firmware Start,BRISC Kernel start,BRISC Kernel End,BRISC Firmware End,NCRISC Firmware Start,NCRISC Kernel start,NCRISC Kernel End,NCRISC Firmware End
0,0,512868455659697 512868456112340,512868455662814 512868456115457,512868455662878 512868456115521,512868455662962 512868456115605,,,,
