{
  "data": {
    "deviceInfo": {
      "arch": "grayskull",
      "freq": 1200
    },
    "devices": {
      "0": {
        "cores": {
          "(0, 0)": {
            "riscs": {
              "BRISC": {
                "durations": [],
                "timeseries": [
                  "({'id': 0, 'zoneName': '', 'zonePhase': '', 'srcLine': '', 'srcFile': ''}, 512868455659697)",
                  "({'id': 1, 'zoneName': 'BRISC-FW', 'zonePhase': 'begin', 'srcLine': 0, 'srcFile': ''}, 512868455659697)",
                  "({'id': 2, 'zoneName': 'BRISC-KERNEL', 'zonePhase': 'begin', 'srcLine': 0, 'srcFile': ''}, 512868455662814)",
                  "({'id': 3, 'zoneName': 'BRISC-KERNEL', 'zonePhase': 'end', 'srcLine': 0, 'srcFile': ''}, 512868455662878)",
                  "({'id': 4, 'zoneName': 'BRISC-FW', 'zonePhase': 'end', 'srcLine': 0, 'srcFile': ''}, 512868455662962)",
                  "({'id': 1, 'zoneName': 'BRISC-FW', 'zonePhase': 'begin', 'srcLine': 0, 'srcFile': ''}, 512868456112340)",
                  "({'id': 2, 'zoneName': 'BRISC-KERNEL', 'zonePhase': 'begin', 'srcLine': 0, 'srcFile': ''}, 512868456115457)",
                  "({'id': 3, 'zoneName': 'BRISC-KERNEL', 'zonePhase': 'end', 'srcLine': 0, 'srcFile': ''}, 512868456115521)",
                  "({'id': 4, 'zoneName': 'BRISC-FW', 'zonePhase': 'end', 'srcLine': 0, 'srcFile': ''}, 512868456115605)"
                ]
              },
              "TENSIX": {
                "ops": [
                  [
                    "({'id': 1, 'zoneName': 'BRISC-FW', 'zonePhase': 'begin', 'srcLine': 0, 'srcFile': ''}, 512868455659697, 'BRISC')",
                    "({'id': 2, 'zoneName': 'BRISC-KERNEL', 'zonePhase': 'begin', 'srcLine': 0, 'srcFile': ''}, 512868455662814, 'BRISC')",
                    "({'id': 3, 'zoneName': 'BRISC-KERNEL', 'zonePhase': 'end', 'srcLine': 0, 'srcFile': ''}, 512868455662878, 'BRISC')",
                    "({'id': 4, 'zoneName': 'BRISC-FW', 'zonePhase': 'end', 'srcLine': 0, 'srcFile': ''}, 512868455662962, 'BRISC')"
                  ],
                  [
                    "({'id': 1, 'zoneName': 'BRISC-FW', 'zonePhase': 'begin', 'srcLine': 0, 'srcFile': ''}, 512868456112340, 'BRISC')",
                    "({'id': 2, 'zoneName': 'BRISC-KERNEL', 'zonePhase': 'begin', 'srcLine': 0, 'srcFile': ''}, 512868456115457, 'BRISC')",
                    "({'id': 3, 'zoneName': 'BRISC-KERNEL', 'zonePhase': 'end', 'srcLine': 0, 'srcFile': ''}, 512868456115521, 'BRISC')",
                    "({'id': 4, 'zoneName': 'BRISC-FW', 'zonePhase': 'end', 'srcLine': 0, 'srcFile': ''}, 512868456115605, 'BRISC')"
                  ]
                ],
                "timeseries": [
                  "({'id': 0, 'zoneName': '', 'zonePhase': '', 'srcLine': '', 'srcFile': ''}, 512868455659697, 'BRISC')",
                  "({'id': 1, 'zoneName': 'BRISC-FW', 'zonePhase': 'begin', 'srcLine': 0, 'srcFile': ''}, 512868455659697, 'BRISC')",
                  "({'id': 2, 'zoneName': 'BRISC-KERNEL', 'zonePhase': 'begin', 'srcLine': 0, 'srcFile': ''}, 512868455662814, 'BRISC')",
                  "({'id': 3, 'zoneName': 'BRISC-KERNEL', 'zonePhase': 'end', 'srcLine': 0, 'srcFile': ''}, 512868455662878, 'BRISC')",
                  "({'id': 4, 'zoneName': 'BRISC-FW', 'zonePhase': 'end', 'srcLine': 0, 'srcFile': ''}, 512868455662962, 'BRISC')",
                  "({'id': 1, 'zoneName': 'BRISC-FW', 'zonePhase': 'begin', 'srcLine': 0, 'srcFile': ''}, 512868456112340, 'BRISC')",
                  "({'id': 2, 'zoneName': 'BRISC-KERNEL', 'zonePhase': 'begin', 'srcLine': 0, 'srcFile': ''}, 512868456115457, 'BRISC')",
                  "({'id': 3, 'zoneName': 'BRISC-KERNEL', 'zonePhase': 'end', 'srcLine': 0, 'srcFile': ''}, 512868456115521, 'BRISC')",
                  "({'id': 4, 'zoneName': 'BRISC-FW', 'zonePhase': 'end', 'srcLine': 0, 'srcFile': ''}, 512868456115605, 'BRISC')"
                ]
              }
            }
          },
          "DEVICE": {
            "analysis": {
              "BR_KERNEL_START->BR_KERNEL_END": {
                "analysis": {
                  "across": "ops",
                  "end": {
                    "core": "ANY",
                    "risc": "BRISC",
                    "zoneName": "BRISC-KERNEL"
                  },
                  "start": {
                    "core": "ANY",
                    "risc": "BRISC",
                    "zoneName": "BRISC-KERNEL"
                  },
                  "type": "op_first_last"
                },
                "stats": {
                  "Average": 64.0,
                  "Count": 2,
                  "Max": 64,
                  "Median": 64.0,
                  "Min": 64,
                  "Range": 0,
                  "Sum": 128
                }
              },
              "FW_START->FW_END": {
                "analysis": {
                  "across": "ops",
                  "end": {
                    "core": "ANY",
                    "risc": "ANY",
                    "zoneName": [
                      "BRISC-FW",
                      "NCRISC-FW",
                      "TRISC-FW",
                      "ERISC-FW"
                    ]
                  },
                  "start": {
                    "core": "ANY",
                    "risc": "ANY",
                    "zoneName": [
                      "BRISC-FW",
                      "NCRISC-FW",
                      "TRISC-FW",
                      "ERISC-FW"
                    ]
                  },
                  "type": "op_first_last"
                },
                "stats": {
                  "Average": 3265.0,
                  "Count": 2,
                  "Max": 3265,
                  "Median": 3265.0,
                  "Min": 3265,
                  "Range": 0,
                  "Sum": 6530
                }
              },
              "KERNEL_START->KERNEL_END": {
                "analysis": {
                  "across": "ops",
                  "end": {
                    "core": "ANY",
                    "risc": "ANY",
                    "zoneName": [
                      "BRISC-KERNEL",
                      "NCRISC-KERNEL",
                      "TRISC-KERNEL",
                      "ERISC-KERNEL"
                    ]
                  },
                  "start": {
                    "core": "ANY",
                    "risc": "ANY",
                    "zoneName": [
                      "BRISC-KERNEL",
                      "NCRISC-KERNEL",
                      "TRISC-KERNEL",
                      "ERISC-KERNEL"
                    ]
                  },
                  "type": "op_first_last"
                },
                "stats": {
                  "Average": 64.0,
                  "Count": 2,
                  "Max": 64,
                  "Median": 64.0,
                  "Min": 64,
                  "Range": 0,
                  "Sum": 128
                }
              }
            },
            "riscs": {
              "BRISC": {
                "durations": [],
                "timeseries": [
                  "({'id': 0, 'zoneName': '', 'zonePhase': '', 'srcLine': '', 'srcFile': ''}, 512868455659697, (0, 0))",
                  "({'id': 1, 'zoneName': 'BRISC-FW', 'zonePhase': 'begin', 'srcLine': 0, 'srcFile': ''}, 512868455659697, (0, 0))",
                  "({'id': 2, 'zoneName': 'BRISC-KERNEL', 'zonePhase': 'begin', 'srcLine': 0, 'srcFile': ''}, 512868455662814, (0, 0))",
                  "({'id': 3, 'zoneName': 'BRISC-KERNEL', 'zonePhase': 'end', 'srcLine': 0, 'srcFile': ''}, 512868455662878, (0, 0))",
                  "({'id': 4, 'zoneName': 'BRISC-FW', 'zonePhase': 'end', 'srcLine': 0, 'srcFile': ''}, 512868455662962, (0, 0))",
                  "({'id': 1, 'zoneName': 'BRISC-FW', 'zonePhase': 'begin', 'srcLine': 0, 'srcFile': ''}, 512868456112340, (0, 0))",
                  "({'id': 2, 'zoneName': 'BRISC-KERNEL', 'zonePhase': 'begin', 'srcLine': 0, 'srcFile': ''}, 512868456115457, (0, 0))",
                  "({'id': 3, 'zoneName': 'BRISC-KERNEL', 'zonePhase': 'end', 'srcLine': 0, 'srcFile': ''}, 512868456115521, (0, 0))",
                  "({'id': 4, 'zoneName': 'BRISC-FW', 'zonePhase': 'end', 'srcLine': 0, 'srcFile': ''}, 512868456115605, (0, 0))"
                ]
              },
              "TENSIX": {
                "ops": [
                  {
                    "analysis": {
                      "BR_KERNEL_START->BR_KERNEL_END": {
                        "analysis": {
                          "across": "ops",
                          "end": {
                            "core": "ANY",
                            "risc": "BRISC",
                            "zoneName": "BRISC-KERNEL"
                          },
                          "start": {
                            "core": "ANY",
                            "risc": "BRISC",
                            "zoneName": "BRISC-KERNEL"
                          },
                          "type": "op_first_last"
                        },
                        "series": [
                          {
                            "diff": 64,
                            "durationType": "({'id': 2, 'zoneName': 'BRISC-KERNEL', 'zonePhase': 'begin', 'srcLine': 0, 'srcFile': ''}, {'id': 3, 'zoneName': 'BRISC-KERNEL', 'zonePhase': 'end', 'srcLine': 0, 'srcFile': ''})",
                            "end": 512868455662878,
                            "start": 512868455662814
                          }
                        ],
                        "stats": {
                          "Average": 64.0,
                          "Count": 1,
                          "First": 64,
                          "Max": 64,
                          "Median": 64.0,
                          "Min": 64,
                          "Range": 0,
                          "Sum": 64
                        }
                      },
                      "FW_START->FW_END": {
                        "analysis": {
                          "across": "ops",
                          "end": {
                            "core": "ANY",
                            "risc": "ANY",
                            "zoneName": [
                              "BRISC-FW",
                              "NCRISC-FW",
                              "TRISC-FW",
                              "ERISC-FW"
                            ]
                          },
                          "start": {
                            "core": "ANY",
                            "risc": "ANY",
                            "zoneName": [
                              "BRISC-FW",
                              "NCRISC-FW",
                              "TRISC-FW",
                              "ERISC-FW"
                            ]
                          },
                          "type": "op_first_last"
                        },
                        "series": [
                          {
                            "diff": 3265,
                            "durationType": "({'id': 1, 'zoneName': 'BRISC-FW', 'zonePhase': 'begin', 'srcLine': 0, 'srcFile': ''}, {'id': 4, 'zoneName': 'BRISC-FW', 'zonePhase': 'end', 'srcLine': 0, 'srcFile': ''})",
                            "end": 512868455662962,
                            "start": 512868455659697
                          }
                        ],
                        "stats": {
                          "Average": 3265.0,
                          "Count": 1,
                          "First": 3265,
                          "Max": 3265,
                          "Median": 3265.0,
                          "Min": 3265,
                          "Range": 0,
                          "Sum": 3265
                        }
                      },
                      "KERNEL_START->KERNEL_END": {
                        "analysis": {
                          "across": "ops",
                          "end": {
                            "core": "ANY",
                            "risc": "ANY",
                            "zoneName": [
                              "BRISC-KERNEL",
                              "NCRISC-KERNEL",
                              "TRISC-KERNEL",
                              "ERISC-KERNEL"
                            ]
                          },
                          "start": {
                            "core": "ANY",
                            "risc": "ANY",
                            "zoneName": [
                              "BRISC-KERNEL",
                              "NCRISC-KERNEL",
                              "TRISC-KERNEL",
                              "ERISC-KERNEL"
                            ]
                          },
                          "type": "op_first_last"
                        },
                        "series": [
                          {
                            "diff": 64,
                            "durationType": "({'id': 2, 'zoneName': 'BRISC-KERNEL', 'zonePhase': 'begin', 'srcLine': 0, 'srcFile': ''}, {'id': 3, 'zoneName': 'BRISC-KERNEL', 'zonePhase': 'end', 'srcLine': 0, 'srcFile': ''})",
                            "end": 512868455662878,
                            "start": 512868455662814
                          }
                        ],
                        "stats": {
                          "Average": 64.0,
                          "Count": 1,
                          "First": 64,
                          "Max": 64,
                          "Median": 64.0,
                          "Min": 64,
                          "Range": 0,
                          "Sum": 64
                        }
                      }
                    },
                    "timeseries": [
                      "({'id': 1, 'zoneName': 'BRISC-FW', 'zonePhase': 'begin', 'srcLine': 0, 'srcFile': ''}, 512868455659697, 'BRISC', (0, 0))",
                      "({'id': 2, 'zoneName': 'BRISC-KERNEL', 'zonePhase': 'begin', 'srcLine': 0, 'srcFile': ''}, 512868455662814, 'BRISC', (0, 0))",
                      "({'id': 3, 'zoneName': 'BRISC-KERNEL', 'zonePhase': 'end', 'srcLine': 0, 'srcFile': ''}, 512868455662878, 'BRISC', (0, 0))",
                      "({'id': 4, 'zoneName': 'BRISC-FW', 'zonePhase': 'end', 'srcLine': 0, 'srcFile': ''}, 512868455662962, 'BRISC', (0, 0))"
                    ]
                  },
                  {
                    "analysis": {
                      "BR_KERNEL_START->BR_KERNEL_END": {
                        "analysis": {
                          "across": "ops",
                          "end": {
                            "core": "ANY",
                            "risc": "BRISC",
                            "zoneName": "BRISC-KERNEL"
                          },
                          "start": {
                            "core": "ANY",
                            "risc": "BRISC",
                            "zoneName": "BRISC-KERNEL"
                          },
                          "type": "op_first_last"
                        },
                        "series": [
                          {
                            "diff": 64,
                            "durationType": "({'id': 2, 'zoneName': 'BRISC-KERNEL', 'zonePhase': 'begin', 'srcLine': 0, 'srcFile': ''}, {'id': 3, 'zoneName': 'BRISC-KERNEL', 'zonePhase': 'end', 'srcLine': 0, 'srcFile': ''})",
                            "end": 512868456115521,
                            "start": 512868456115457
                          }
                        ],
                        "stats": {
                          "Average": 64.0,
                          "Count": 1,
                          "First": 64,
                          "Max": 64,
                          "Median": 64.0,
                          "Min": 64,
                          "Range": 0,
                          "Sum": 64
                        }
                      },
                      "FW_START->FW_END": {
                        "analysis": {
                          "across": "ops",
                          "end": {
                            "core": "ANY",
                            "risc": "ANY",
                            "zoneName": [
                              "BRISC-FW",
                              "NCRISC-FW",
                              "TRISC-FW",
                              "ERISC-FW"
                            ]
                          },
                          "start": {
                            "core": "ANY",
                            "risc": "ANY",
                            "zoneName": [
                              "BRISC-FW",
                              "NCRISC-FW",
                              "TRISC-FW",
                              "ERISC-FW"
                            ]
                          },
                          "type": "op_first_last"
                        },
                        "series": [
                          {
                            "diff": 3265,
                            "durationType": "({'id': 1, 'zoneName': 'BRISC-FW', 'zonePhase': 'begin', 'srcLine': 0, 'srcFile': ''}, {'id': 4, 'zoneName': 'BRISC-FW', 'zonePhase': 'end', 'srcLine': 0, 'srcFile': ''})",
                            "end": 512868456115605,
                            "start": 512868456112340
                          }
                        ],
                        "stats": {
                          "Average": 3265.0,
                          "Count": 1,
                          "First": 3265,
                          "Max": 3265,
                          "Median": 3265.0,
                          "Min": 3265,
                          "Range": 0,
                          "Sum": 3265
                        }
                      },
                      "KERNEL_START->KERNEL_END": {
                        "analysis": {
                          "across": "ops",
                          "end": {
                            "core": "ANY",
                            "risc": "ANY",
                            "zoneName": [
                              "BRISC-KERNEL",
                              "NCRISC-KERNEL",
                              "TRISC-KERNEL",
                              "ERISC-KERNEL"
                            ]
                          },
                          "start": {
                            "core": "ANY",
                            "risc": "ANY",
                            "zoneName": [
                              "BRISC-KERNEL",
                              "NCRISC-KERNEL",
                              "TRISC-KERNEL",
                              "ERISC-KERNEL"
                            ]
                          },
                          "type": "op_first_last"
                        },
                        "series": [
                          {
                            "diff": 64,
                            "durationType": "({'id': 2, 'zoneName': 'BRISC-KERNEL', 'zonePhase': 'begin', 'srcLine': 0, 'srcFile': ''}, {'id': 3, 'zoneName': 'BRISC-KERNEL', 'zonePhase': 'end', 'srcLine': 0, 'srcFile': ''})",
                            "end": 512868456115521,
                            "start": 512868456115457
                          }
                        ],
                        "stats": {
                          "Average": 64.0,
                          "Count": 1,
                          "First": 64,
                          "Max": 64,
                          "Median": 64.0,
                          "Min": 64,
                          "Range": 0,
                          "Sum": 64
                        }
                      }
                    },
                    "timeseries": [
                      "({'id': 1, 'zoneName': 'BRISC-FW', 'zonePhase': 'begin', 'srcLine': 0, 'srcFile': ''}, 512868456112340, 'BRISC', (0, 0))",
                      "({'id': 2, 'zoneName': 'BRISC-KERNEL', 'zonePhase': 'begin', 'srcLine': 0, 'srcFile': ''}, 512868456115457, 'BRISC', (0, 0))",
                      "({'id': 3, 'zoneName': 'BRISC-KERNEL', 'zonePhase': 'end', 'srcLine': 0, 'srcFile': ''}, 512868456115521, 'BRISC', (0, 0))",
                      "({'id': 4, 'zoneName': 'BRISC-FW', 'zonePhase': 'end', 'srcLine': 0, 'srcFile': ''}, 512868456115605, 'BRISC', (0, 0))"
                    ]
                  }
                ],
                "timeseries": [
                  "({'id': 0, 'zoneName': '', 'zonePhase': '', 'srcLine': '', 'srcFile': ''}, 512868455659697, 'BRISC', (0, 0))",
                  "({'id': 1, 'zoneName': 'BRISC-FW', 'zonePhase': 'begin', 'srcLine': 0, 'srcFile': ''}, 512868455659697, 'BRISC', (0, 0))",
                  "({'id': 2, 'zoneName': 'BRISC-KERNEL', 'zonePhase': 'begin', 'srcLine': 0, 'srcFile': ''}, 512868455662814, 'BRISC', (0, 0))",
                  "({'id': 3, 'zoneName': 'BRISC-KERNEL', 'zonePhase': 'end', 'srcLine': 0, 'srcFile': ''}, 512868455662878, 'BRISC', (0, 0))",
                  "({'id': 4, 'zoneName': 'BRISC-FW', 'zonePhase': 'end', 'srcLine': 0, 'srcFile': ''}, 512868455662962, 'BRISC', (0, 0))",
                  "({'id': 1, 'zoneName': 'BRISC-FW', 'zonePhase': 'begin', 'srcLine': 0, 'srcFile': ''}, 512868456112340, 'BRISC', (0, 0))",
                  "({'id': 2, 'zoneName': 'BRISC-KERNEL', 'zonePhase': 'begin', 'srcLine': 0, 'srcFile': ''}, 512868456115457, 'BRISC', (0, 0))",
                  "({'id': 3, 'zoneName': 'BRISC-KERNEL', 'zonePhase': 'end', 'srcLine': 0, 'srcFile': ''}, 512868456115521, 'BRISC', (0, 0))",
                  "({'id': 4, 'zoneName': 'BRISC-FW', 'zonePhase': 'end', 'srcLine': 0, 'srcFile': ''}, 512868456115605, 'BRISC', (0, 0))"
                ]
              }
            }
          }
        },
        "metadata": {
          "global_min": {
            "core": "(0, 0)",
            "risc": "BRISC",
            "ts": 512868455659697
          }
        }
      }
    }
  },
  "setup": {
    "detectOps": true,
    "deviceAnalysisData": "device_analysis_data.json",
    "deviceStatsTXT": "device_stats.txt",
    "deviceTarball": "device_perf_results.tgz",
    "displayStats": [
      "Count",
      "Average",
      "Max",
      "Median",
      "Min",
      "Sum",
      "Range"
    ],
    "outputFolder": "output/device",
    "riscTypes": [
      "BRISC",
      "NCRISC",
      "TRISC",
      "ERISC"
    ],
    "riscs": [
      "BRISC",
      "NCRISC",
      "TRISC_0",
      "TRISC_1",
      "TRISC_2",
      "ERISC"
    ],
    "timerAnalysis": {
      "BR_KERNEL_START->BR_KERNEL_END": {
        "across": "ops",
        "end": {
          "core": "ANY",
          "risc": "BRISC",
          "zoneName": "BRISC-KERNEL"
        },
        "start": {
          "core": "ANY",
          "risc": "BRISC",
          "zoneName": "BRISC-KERNEL"
        },
        "type": "op_first_last"
      },
      "ER_KERNEL_START->ER_KERNEL_END": {
        "across": "ops",
        "end": {
          "core": "ANY",
          "risc": "ERISC",
          "zoneName": "ERISC-KERNEL"
        },
        "start": {
          "core": "ANY",
          "risc": "ERISC",
          "zoneName": "ERISC-KERNEL"
        },
        "type": "op_first_last"
      },
      "FW_START->FW_END": {
        "across": "ops",
        "end": {
          "core": "ANY",
          "risc": "ANY",
          "zoneName": [
            "BRISC-FW",
            "NCRISC-FW",
            "TRISC-FW",
            "ERISC-FW"
          ]
        },
        "start": {
          "core": "ANY",
          "risc": "ANY",
          "zoneName": [
            "BRISC-FW",
            "NCRISC-FW",
            "TRISC-FW",
            "ERISC-FW"
          ]
        },
        "type": "op_first_last"
      },
      "KERNEL_START->KERNEL_END": {
        "across": "ops",
        "end": {
          "core": "ANY",
          "risc": "ANY",
          "zoneName": [
            "BRISC-KERNEL",
            "NCRISC-KERNEL",
            "TRISC-KERNEL",
            "ERISC-KERNEL"
          ]
        },
        "start": {
          "core": "ANY",
          "risc": "ANY",
          "zoneName": [
            "BRISC-KERNEL",
            "NCRISC-KERNEL",
            "TRISC-KERNEL",
            "ERISC-KERNEL"
          ]
        },
        "type": "op_first_last"
      },
      "NC_KERNEL_START->NC_KERNEL_END": {
        "across": "ops",
        "end": {
          "core": "ANY",
          "risc": "NCRISC",
          "zoneName": "NCRISC-KERNEL"
        },
        "start": {
          "core": "ANY",
          "risc": "NCRISC",
          "zoneName": "NCRISC-KERNEL"
        },
        "type": "op_first_last"
      },
      "T0_KERNEL_START->T0_KERNEL_END": {
        "across": "ops",
        "end": {
          "core": "ANY",
          "risc": "TRISC_0",
          "zoneName": "TRISC-KERNEL"
        },
        "start": {
          "core": "ANY",
          "risc": "TRISC_0",
          "zoneName": "TRISC-KERNEL"
        },
        "type": "op_first_last"
      },
      "T1_KERNEL_START->T1_KERNEL_END": {
        "across": "ops",
        "end": {
          "core": "ANY",
          "risc": "TRISC_1",
          "zoneName": "TRISC-KERNEL"
        },
        "start": {
          "core": "ANY",
          "risc": "TRISC_1",
          "zoneName": "TRISC-KERNEL"
        },
        "type": "op_first_last"
      },
      "T2_KERNEL_START->T2_KERNEL_END": {
        "across": "ops",
        "end": {
          "core": "ANY",
          "risc": "TRISC_2",
          "zoneName": "TRISC-KERNEL"
        },
        "start": {
          "core": "ANY",
          "risc": "TRISC_2",
          "zoneName": "TRISC-KERNEL"
        },
        "type": "op_first_last"
      }
    }
  }
}