
=================== FW start ===================
       Count [cycles] =        120
     Average [cycles] =         91
         Max [cycles] =        199
      Median [cycles] =         92
         Min [cycles] =          0

                        0                1                2                3                4                5                6                7                8                9               10               11
        ============================================================================================================================================================================================================
                    DRAM0              ---              ---            DRAM1              ---              ---            DRAM2              ---              ---            DRAM3              ---              ---
 0|| ---               81               85               94               97              101              105              119              128              143              157              171              181
 1|| ARC               91               94              103              107              110              114              128              137              152              166              181              190
 2|| ---               99              103              107              115              119              123              137              146              161              175              189              199
 3|| PCI                0                4                7               16               20               23               38               47               61               76               90               99
 4|| ---                8               12               16               24               28               32               41               55               70               84               93              108
     ---            DRAM4              ---              ---            DRAM5              ---              ---            DRAM6              ---              ---            DRAM7              ---              ---
 5|| ---               27               30               34               43               46               50               59               74               88              102              112              126
 6|| ---               36               40               43               52               56               59               74               83               97              112              126              135
 7|| ---               45               49               53               61               65               69               83               92              107              121              135              145
 8|| ---               55               58               67               70               74               78               92              101              116              130              145              154
 9|| ---               63               67               75               79               83               86              101              110              124              139              153              162




=================== BRISC kernel start -> BRISC kernel end ===================
       Count [cycles] =        120
     Average [cycles] = 20,707,170
         Max [cycles] = 29,469,103
      Median [cycles] = 20,622,602
         Min [cycles] = 10,441,606

                        0                1                2                3                4                5                6                7                8                9               10               11
        ============================================================================================================================================================================================================
                    DRAM0              ---              ---            DRAM1              ---              ---            DRAM2              ---              ---            DRAM3              ---              ---
 0|| ---       11,521,712       15,005,733       18,316,727       18,713,220       19,607,963       21,944,263       23,899,155       25,088,541       25,700,656       27,498,469       28,180,223       11,301,603
 1|| ARC       11,521,876       14,956,593       17,457,656       18,834,150       20,441,075       22,585,660       23,898,112       25,165,702       26,370,980       27,819,278       28,514,415       11,520,920
 2|| ---       11,500,437       14,987,911       17,392,354       18,502,400       20,444,111       22,570,534       24,504,994       25,252,279       26,898,536       28,271,654       28,864,503       11,273,082
 3|| PCI       11,265,158       15,373,013       17,698,496       18,590,330       20,621,943       23,522,809       24,714,974       25,252,929       27,496,228       28,732,260       29,299,049       11,262,687
 4|| ---       11,228,973       15,370,324       17,694,196       18,691,834       20,623,261       24,168,801       24,717,954       25,447,176       27,670,090       28,990,450       29,469,103       11,260,557
     ---            DRAM4              ---              ---            DRAM5              ---              ---            DRAM6              ---              ---            DRAM7              ---              ---
 5|| ---       11,217,464       13,203,471       16,708,045       18,043,948       20,049,685       23,518,426       24,585,406       25,247,514       27,268,654       28,570,630       29,039,023       10,863,266
 6|| ---       10,851,331       13,896,624       17,015,238       18,043,390       20,148,648       23,852,574       24,526,933       25,314,200       27,424,284       28,705,465       29,260,314       10,853,478
 7|| ---       10,843,733       14,207,028       17,001,601       18,040,188       20,147,491       23,833,462       24,526,319       25,313,400       27,380,700       28,755,150       29,343,493       10,843,782
 8|| ---       10,830,916       13,537,862       17,336,107       18,037,576       20,042,872       23,372,863       23,919,461       25,336,159       27,421,017       28,808,649       29,323,482       10,831,368
 9|| ---       10,782,248       14,175,092       16,827,909       18,037,405       19,277,453       20,109,385       21,151,167       22,928,760       24,662,497       26,282,934       27,451,181       10,441,606




=================== NCRISC kernel start -> NCRISC kernel end ===================
       Count [cycles] =        120
     Average [cycles] = 18,781,924
         Max [cycles] = 29,305,743
      Median [cycles] = 18,520,976
         Min [cycles] =  8,002,786

                        0                1                2                3                4                5                6                7                8                9               10               11
        ============================================================================================================================================================================================================
                    DRAM0              ---              ---            DRAM1              ---              ---            DRAM2              ---              ---            DRAM3              ---              ---
 0|| ---        8,092,139       12,064,188       14,664,621       15,450,728       16,891,817       19,274,057       20,929,197       22,695,945       25,412,586       27,143,494       27,977,389        8,020,636
 1|| ARC        8,105,460       12,186,154       14,680,104       15,464,937       17,373,044       19,683,121       21,142,572       23,342,729       26,105,611       27,583,442       28,319,375        8,027,277
 2|| ---        8,222,125       12,374,037       14,705,725       15,562,173       17,827,928       20,314,965       21,807,121       24,099,035       26,609,449       28,073,099       28,686,441        8,028,766
 3|| PCI        8,210,446       12,421,985       14,827,278       15,645,961       18,264,745       20,980,842       22,270,120       24,652,942       27,133,879       28,532,635       29,121,927        8,052,500
 4|| ---        8,272,872       12,551,466       14,866,554       15,800,287       18,777,207       21,437,890       22,739,475       25,083,642       27,445,185       28,820,503       29,305,743        8,053,170
     ---            DRAM4              ---              ---            DRAM5              ---              ---            DRAM6              ---              ---            DRAM7              ---              ---
 5|| ---        8,054,602       10,537,813       14,020,595       15,277,973       17,886,249       20,987,984       22,247,942       24,705,985       26,960,525       28,378,218       28,862,774        8,021,535
 6|| ---        8,067,605       11,226,772       14,357,437       15,406,678       18,114,011       21,134,357       22,375,156       24,877,469       27,056,225       28,497,322       29,090,091        8,026,649
 7|| ---        8,082,151       11,371,658       14,403,764       15,472,685       18,229,852       21,245,153       22,488,708       24,928,871       27,078,249       28,569,586       29,168,732        8,051,384
 8|| ---        8,071,789       11,312,816       14,446,699       15,435,583       18,250,908       21,280,824       22,426,690       24,979,415       27,105,274       28,642,850       29,141,583        8,051,807
 9|| ---        8,086,878       12,054,402       14,624,151       15,423,441       16,546,218       18,174,083       19,896,908       21,318,625       23,875,416       25,996,997       27,211,197        8,002,786




=================== Core end ===================
       Count [cycles] =        120
     Average [cycles] = 20,710,754
         Max [cycles] = 29,472,691
      Median [cycles] = 20,626,122
         Min [cycles] = 10,445,268

                        0                1                2                3                4                5                6                7                8                9               10               11
        ============================================================================================================================================================================================================
                    DRAM0              ---              ---            DRAM1              ---              ---            DRAM2              ---              ---            DRAM3              ---              ---
 0|| ---       11,525,293       15,009,318       18,320,314       18,716,804       19,611,564       21,947,863       23,902,769       25,092,160       25,704,299       27,502,126       28,183,880       11,305,276
 1|| ARC       11,525,466       14,960,182       17,461,250       18,837,749       20,444,680       22,589,265       23,901,731       25,169,328       26,374,628       27,822,944       28,518,087       11,524,610
 2|| ---       11,504,031       14,991,503       17,395,960       18,506,008       20,447,721       22,574,149       24,508,622       25,255,916       26,902,193       28,275,320       28,868,183       11,276,772
 3|| PCI       11,268,653       15,376,508       17,701,998       18,593,842       20,625,463       23,526,323       24,718,498       25,256,471       27,499,788       28,735,829       29,302,634       11,266,277
 4|| ---       11,232,472       15,373,836       17,697,711       18,695,344       20,626,780       24,172,333       24,721,491       25,450,722       27,673,655       28,994,025       29,472,691       11,264,165
     ---            DRAM4              ---              ---            DRAM5              ---              ---            DRAM6              ---              ---            DRAM7              ---              ---
 5|| ---       11,220,991       13,206,994       16,711,570       18,047,482       20,053,222       23,521,967       24,588,956       25,251,079       27,272,237       28,574,223       29,042,635       10,866,883
 6|| ---       10,854,858       13,900,164       17,018,772       18,046,938       20,152,199       23,856,120       24,530,496       25,317,774       27,427,872       28,709,068       29,263,939       10,857,112
 7|| ---       10,847,274       14,210,577       17,005,154       18,043,745       20,151,056       23,837,018       24,529,897       25,316,987       27,384,306       28,758,762       29,347,121       10,847,422
 8|| ---       10,834,460       13,541,415       17,339,674       18,041,145       20,046,441       23,376,436       23,923,053       25,339,755       27,424,624       28,812,270       29,327,123       10,835,011
 9|| ---       10,785,800       14,178,650       16,831,484       18,040,975       19,281,025       20,112,962       21,154,768       22,932,356       24,666,110       26,286,563       27,454,827       10,445,268




=================== Core start -> Core end ===================
       Count [cycles] =        120
     Average [cycles] = 20,710,664
         Max [cycles] = 29,472,598
      Median [cycles] = 20,626,098
         Min [cycles] = 10,445,106

                        0                1                2                3                4                5                6                7                8                9               10               11
        ============================================================================================================================================================================================================
                    DRAM0              ---              ---            DRAM1              ---              ---            DRAM2              ---              ---            DRAM3              ---              ---
 0|| ---       11,525,212       15,009,233       18,320,220       18,716,707       19,611,463       21,947,758       23,902,650       25,092,032       25,704,156       27,501,969       28,183,709       11,305,095
 1|| ARC       11,525,375       14,960,088       17,461,147       18,837,642       20,444,570       22,589,151       23,901,603       25,169,191       26,374,476       27,822,778       28,517,906       11,524,420
 2|| ---       11,503,932       14,991,400       17,395,853       18,505,893       20,447,602       22,574,026       24,508,485       25,255,770       26,902,032       28,275,145       28,867,994       11,276,573
 3|| PCI       11,268,653       15,376,504       17,701,991       18,593,826       20,625,443       23,526,300       24,718,460       25,256,424       27,499,727       28,735,753       29,302,544       11,266,178
 4|| ---       11,232,464       15,373,824       17,697,695       18,695,320       20,626,752       24,172,301       24,721,450       25,450,667       27,673,585       28,993,941       29,472,598       11,264,057
     ---            DRAM4              ---              ---            DRAM5              ---              ---            DRAM6              ---              ---            DRAM7              ---              ---
 5|| ---       11,220,964       13,206,964       16,711,536       18,047,439       20,053,176       23,521,917       24,588,897       25,251,005       27,272,149       28,574,121       29,042,523       10,866,757
 6|| ---       10,854,822       13,900,124       17,018,729       18,046,886       20,152,143       23,856,061       24,530,422       25,317,691       27,427,775       28,708,956       29,263,813       10,856,977
 7|| ---       10,847,229       14,210,528       17,005,101       18,043,684       20,150,991       23,836,949       24,529,814       25,316,895       27,384,199       28,758,641       29,346,986       10,847,277
 8|| ---       10,834,405       13,541,357       17,339,607       18,041,075       20,046,367       23,376,358       23,922,961       25,339,654       27,424,508       28,812,140       29,326,978       10,834,857
 9|| ---       10,785,737       14,178,583       16,831,409       18,040,896       19,280,942       20,112,876       21,154,667       22,932,246       24,665,986       26,286,424       27,454,674       10,445,106




=================== Device start -> Device end ===================
    Duration [cycles] = 29,472,691

