
=================== FW start ===================
       Count  =        120
     Average  =         91
         Max  =        199
      Median  =         92
         Min  =          0

                        0                1                2                3                4                5                6                7                8                9               10               11
        ============================================================================================================================================================================================================
                    DRAM0              ---              ---            DRAM1              ---              ---            DRAM2              ---              ---            DRAM3              ---              ---
 0|| ---               81               85               94               97              101              105              119              128              143              157              171              181
 1|| ARC               91               94              103              107              110              114              128              137              152              166              181              190
 2|| ---               99              103              107              115              119              123              137              146              161              175              189              199
 3|| PCI                0                4                7               16               20               23               38               47               61               76               90               99
 4|| ---                8               12               16               24               28               32               41               55               70               84               93              108
     ---            DRAM4              ---              ---            DRAM5              ---              ---            DRAM6              ---              ---            DRAM7              ---              ---
 5|| ---               27               30               34               43               46               50               59               74               88              102              112              126
 6|| ---               36               40               43               52               56               59               74               83               97              112              126              135
 7|| ---               45               49               53               61               65               69               83               92              107              121              135              145
 8|| ---               55               58               67               70               74               78               92              101              116              130              145              154
 9|| ---               63               67               75               79               83               86              101              110              124              139              153              162




=================== BRISC kernel start -> BRISC kernel end ===================
       Count  =        120
     Average  = 20,500,042
         Max  = 29,145,162
      Median  = 20,789,910
         Min  = 10,288,687

                        0                1                2                3                4                5                6                7                8                9               10               11
        ============================================================================================================================================================================================================
                    DRAM0              ---              ---            DRAM1              ---              ---            DRAM2              ---              ---            DRAM3              ---              ---
 0|| ---       12,709,667       14,980,670       17,404,783       18,707,461       20,414,813       23,209,798       24,004,118       24,334,598       25,050,839       26,748,784       27,499,478       12,706,422
 1|| ARC       12,465,135       14,515,320       17,391,849       18,638,803       20,435,166       22,489,649       23,951,550       24,336,961       25,668,095       27,340,834       27,888,495       12,033,494
 2|| ---       12,460,981       14,935,396       17,289,266       18,736,916       20,453,726       23,138,613       23,946,891       24,454,684       26,416,578       27,806,637       28,332,552       12,031,886
 3|| PCI       12,428,291       15,000,957       17,656,547       18,323,446       20,622,439       23,400,809       24,128,626       24,918,511       26,983,518       28,290,908       28,778,542       12,028,721
 4|| ---       12,457,038       14,876,719       17,264,169       18,404,560       20,956,073       23,387,800       24,064,749       25,323,781       27,352,205       28,745,567       29,145,162       12,009,006
     ---            DRAM4              ---              ---            DRAM5              ---              ---            DRAM6              ---              ---            DRAM7              ---              ---
 5|| ---       11,647,591       13,468,051       16,210,517       17,925,112       19,773,368       23,019,433       23,807,392       25,001,644       27,166,202       28,157,256       28,620,727       11,969,206
 6|| ---       11,339,605       13,467,484       16,204,158       17,887,675       19,771,189       23,014,487       23,806,829       25,131,198       27,206,415       28,289,364       28,742,908       11,289,328
 7|| ---       10,956,018       13,464,004       16,548,168       18,059,497       19,764,070       22,679,943       23,613,222       25,130,716       27,252,331       28,419,919       28,802,117       10,808,376
 8|| ---       10,506,315       13,101,819       16,182,586       17,543,490       19,447,120       22,365,717       23,600,640       25,164,497       27,239,475       28,391,893       28,852,352       10,667,198
 9|| ---       10,288,687       13,077,268       15,878,051       17,218,298       18,574,725       20,623,747       21,857,135       23,266,175       23,930,653       25,496,672       26,497,456       10,338,539




=================== NCRISC kernel start -> NCRISC kernel end ===================
       Count  =        120
     Average  = 18,487,355
         Max  = 28,982,705
      Median  = 18,530,642
         Min  =  7,993,750

                        0                1                2                3                4                5                6                7                8                9               10               11
        ============================================================================================================================================================================================================
                    DRAM0              ---              ---            DRAM1              ---              ---            DRAM2              ---              ---            DRAM3              ---              ---
 0|| ---        8,058,609       11,596,863       14,416,761       15,360,519       16,637,298       19,306,588       20,805,692       22,311,121       24,414,009       26,403,989       27,301,175        8,001,064
 1|| ARC        8,099,320       11,718,340       14,536,323       15,375,231       16,923,969       19,709,713       21,105,196       22,913,754       25,283,092       27,103,686       27,711,430        8,010,243
 2|| ---        8,134,749       12,114,068       14,547,777       15,396,236       17,329,670       20,050,026       21,467,976       23,557,968       26,060,566       27,636,071       28,156,374        8,020,416
 3|| PCI        8,164,481       12,141,572       14,608,921       15,468,527       17,773,721       20,615,425       22,026,927       24,275,173       26,652,544       28,102,665       28,602,374        8,037,766
 4|| ---        8,169,447       12,225,922       14,731,751       15,535,025       18,152,393       20,979,145       22,485,585       24,866,071       27,113,687       28,569,564       28,982,705        8,044,491
     ---            DRAM4              ---              ---            DRAM5              ---              ---            DRAM6              ---              ---            DRAM7              ---              ---
 5|| ---        8,052,113       10,521,483       13,764,855       15,123,092       17,245,718       20,372,584       21,839,413       24,374,914       26,786,464       27,969,779       28,447,999        7,999,771
 6|| ---        8,060,573       10,980,295       14,161,558       15,279,840       17,481,804       20,494,558       22,082,118       24,514,544       26,907,792       28,099,717       28,575,851        8,012,673
 7|| ---        8,099,862       11,106,096       14,235,792       15,304,989       17,420,296       20,559,821       22,209,979       24,546,449       26,960,135       28,221,324       28,620,556        8,041,936
 8|| ---        8,088,368       11,166,022       14,258,069       15,280,639       17,494,835       20,566,142       22,130,177       24,581,691       26,982,187       28,198,910       28,686,541        8,042,808
 9|| ---        8,061,855       11,447,232       14,428,319       15,356,150       16,390,051       18,908,891       20,374,280       21,471,129       23,066,031       25,037,268       26,092,741        7,993,750




=================== Core end ===================
       Count  =        120
     Average  = 20,503,629
         Max  = 29,148,741
      Median  = 20,793,462
         Min  = 10,292,239

                        0                1                2                3                4                5                6                7                8                9               10               11
        ============================================================================================================================================================================================================
                    DRAM0              ---              ---            DRAM1              ---              ---            DRAM2              ---              ---            DRAM3              ---              ---
 0|| ---       12,713,244       14,984,257       17,408,372       18,711,053       20,418,405       23,213,399       24,007,736       24,338,222       25,054,475       26,752,432       27,503,140       12,710,105
 1|| ARC       12,468,715       14,518,914       17,395,452       18,642,408       20,438,767       22,493,259       23,955,169       24,340,593       25,671,743       27,344,491       27,892,171       12,037,175
 2|| ---       12,464,580       14,938,999       17,292,871       18,740,522       20,457,341       23,142,227       23,950,519       24,458,341       26,420,235       27,810,307       28,336,232       12,035,596
 3|| PCI       12,431,782       15,004,457       17,660,049       18,326,957       20,625,950       23,404,321       24,132,150       24,922,046       26,987,079       28,294,484       28,782,132       12,032,311
 4|| ---       12,460,544       14,880,231       17,267,683       18,408,075       20,959,596       23,391,328       24,068,285       25,327,331       27,355,770       28,749,142       29,148,741       12,012,602
     ---            DRAM4              ---              ---            DRAM5              ---              ---            DRAM6              ---              ---            DRAM7              ---              ---
 5|| ---       11,651,113       13,471,572       16,214,047       17,928,651       19,776,905       23,022,979       23,810,940       25,005,229       27,169,790       28,160,856       28,624,335       11,972,843
 6|| ---       11,343,136       13,471,010       16,207,703       17,891,218       19,774,741       23,018,044       23,810,394       25,134,777       27,209,998       28,292,976       28,746,534       11,292,949
 7|| ---       10,959,563       13,467,551       16,551,710       18,063,049       19,767,646       22,683,507       23,616,796       25,134,299       27,255,938       28,423,538       28,805,750       10,812,019
 8|| ---       10,509,857       13,105,377       16,186,149       17,547,051       19,450,689       22,369,295       23,604,220       25,168,098       27,243,091       28,395,521       28,856,008       10,670,848
 9|| ---       10,292,239       13,080,834       15,881,622       17,221,879       18,578,306       20,627,328       21,860,736       23,269,774       23,934,277       25,500,309       26,501,100       10,342,197




=================== Core start -> Core end ===================
       Count  =        120
     Average  = 20,503,538
         Max  = 29,148,648
      Median  = 20,793,405
         Min  = 10,292,176

                        0                1                2                3                4                5                6                7                8                9               10               11
        ============================================================================================================================================================================================================
                    DRAM0              ---              ---            DRAM1              ---              ---            DRAM2              ---              ---            DRAM3              ---              ---
 0|| ---       12,713,163       14,984,172       17,408,278       18,710,956       20,418,304       23,213,294       24,007,617       24,338,094       25,054,332       26,752,275       27,502,969       12,709,924
 1|| ARC       12,468,624       14,518,820       17,395,349       18,642,301       20,438,657       22,493,145       23,955,041       24,340,456       25,671,591       27,344,325       27,891,990       12,036,985
 2|| ---       12,464,481       14,938,896       17,292,764       18,740,407       20,457,222       23,142,104       23,950,382       24,458,195       26,420,074       27,810,132       28,336,043       12,035,397
 3|| PCI       12,431,782       15,004,453       17,660,042       18,326,941       20,625,930       23,404,298       24,132,112       24,921,999       26,987,018       28,294,408       28,782,042       12,032,212
 4|| ---       12,460,536       14,880,219       17,267,667       18,408,051       20,959,568       23,391,296       24,068,244       25,327,276       27,355,700       28,749,058       29,148,648       12,012,494
     ---            DRAM4              ---              ---            DRAM5              ---              ---            DRAM6              ---              ---            DRAM7              ---              ---
 5|| ---       11,651,086       13,471,542       16,214,013       17,928,608       19,776,859       23,022,929       23,810,881       25,005,155       27,169,702       28,160,754       28,624,223       11,972,717
 6|| ---       11,343,100       13,470,970       16,207,660       17,891,166       19,774,685       23,017,985       23,810,320       25,134,694       27,209,901       28,292,864       28,746,408       11,292,814
 7|| ---       10,959,518       13,467,502       16,551,657       18,062,988       19,767,581       22,683,438       23,616,713       25,134,207       27,255,831       28,423,417       28,805,615       10,811,874
 8|| ---       10,509,802       13,105,319       16,186,082       17,546,981       19,450,615       22,369,217       23,604,128       25,167,997       27,242,975       28,395,391       28,855,863       10,670,694
 9|| ---       10,292,176       13,080,767       15,881,547       17,221,800       18,578,223       20,627,242       21,860,635       23,269,664       23,934,153       25,500,170       26,500,947       10,342,035




=================== Device start -> Device end ===================
    Duration  = 29,148,741

