{
  "data": {
    "deviceInfo": {
      "arch": "grayskull",
      "freq": 1200
    },
    "devices": {
      "0": {
        "cores": {
          "(0, 0)": {
            "riscs": {
              "NCRISC": {
                "durations": [],
                "timeseries": [
                  "(0, 620014949329412)",
                  "(1, 620014949329412)",
                  "(2, 620014949330453)",
                  "(3, 620014949330483)",
                  "(4, 620014949330517)"
                ]
              },
              "TENSIX": {
                "analysis": {
                  "BRISC FW start -> ANY RISC FW end": {
                    "analysis": {
                      "across": "core",
                      "end": {
                        "risc": "ANY",
                        "timerID": 4
                      },
                      "start": {
                        "risc": "ANY",
                        "timerID": 1
                      },
                      "type": "session_first_last"
                    },
                    "stats": {
                      "Average": 1105.0,
                      "Count": 1,
                      "First": 1105,
                      "Max": 1105,
                      "Median": 1105.0,
                      "Min": 1105,
                      "Range": 0,
                      "Sum": 1105
                    }
                  },
                  "NCRISC kernel start -> NCRISC kernel end": {
                    "analysis": {
                      "across": "core",
                      "end": {
                        "risc": "NCRISC",
                        "timerID": 3
                      },
                      "start": {
                        "risc": "NCRISC",
                        "timerID": 2
                      },
                      "type": "adjacent"
                    },
                    "stats": {
                      "Average": 30.0,
                      "Count": 1,
                      "First": 30,
                      "Max": 30,
                      "Median": 30.0,
                      "Min": 30,
                      "Range": 0,
                      "Sum": 30
                    }
                  }
                },
                "durations": [],
                "launches": [],
                "timeseries": [
                  "(0, 620014949329412, 'NCRISC')",
                  "(1, 620014949329412, 'NCRISC')",
                  "(2, 620014949330453, 'NCRISC')",
                  "(3, 620014949330483, 'NCRISC')",
                  "(4, 620014949330517, 'NCRISC')"
                ]
              }
            }
          },
          "(0, 1)": {
            "riscs": {
              "NCRISC": {
                "durations": [],
                "timeseries": [
                  "(0, 620014949329412)",
                  "(3, 620014949329412)",
                  "(4, 620014949330453)",
                  "(1, 620014949330483)",
                  "(2, 620014949330517)"
                ]
              },
              "TENSIX": {
                "durations": [],
                "launches": [],
                "timeseries": [
                  "(0, 620014949329412, 'NCRISC')",
                  "(3, 620014949329412, 'NCRISC')",
                  "(4, 620014949330453, 'NCRISC')",
                  "(1, 620014949330483, 'NCRISC')",
                  "(2, 620014949330517, 'NCRISC')"
                ]
              }
            }
          },
          "DEVICE": {
            "analysis": {
              "BRISC FW start -> ANY RISC FW end": {
                "analysis": {
                  "across": "core",
                  "end": {
                    "risc": "ANY",
                    "timerID": 4
                  },
                  "start": {
                    "risc": "ANY",
                    "timerID": 1
                  },
                  "type": "session_first_last"
                },
                "stats": {
                  "Average": 1105.0,
                  "Count": 1,
                  "Max": 1105,
                  "Median": 1105.0,
                  "Min": 1105,
                  "Range": 0
                }
              },
              "NCRISC kernel start -> NCRISC kernel end": {
                "analysis": {
                  "across": "core",
                  "end": {
                    "risc": "NCRISC",
                    "timerID": 3
                  },
                  "start": {
                    "risc": "NCRISC",
                    "timerID": 2
                  },
                  "type": "adjacent"
                },
                "stats": {
                  "Average": 30.0,
                  "Count": 1,
                  "Max": 30,
                  "Median": 30.0,
                  "Min": 30,
                  "Range": 0
                }
              },
              "T0 -> ANY CORE ANY RISC FW end": {
                "analysis": {
                  "across": "device",
                  "end": {
                    "core": "ANY",
                    "risc": "ANY",
                    "timerID": 4
                  },
                  "start": {
                    "core": "ANY",
                    "risc": "ANY",
                    "timerID": 1
                  },
                  "type": "session_first_last"
                },
                "stats": {
                  "Average": 1105.0,
                  "Count": 1,
                  "Max": 1105,
                  "Median": 1105.0,
                  "Min": 1105,
                  "Range": 0
                }
              }
            },
            "riscs": {
              "NCRISC": {
                "durations": [],
                "timeseries": [
                  "(0, 620014949329412, (0, 0))",
                  "(1, 620014949329412, (0, 0))",
                  "(0, 620014949329412, (0, 0))",
                  "(3, 620014949329412, (0, 1))",
                  "(2, 620014949330453, (0, 0))",
                  "(4, 620014949330453, (0, 1))",
                  "(3, 620014949330483, (0, 0))",
                  "(1, 620014949330483, (0, 1))",
                  "(4, 620014949330517, (0, 0))",
                  "(2, 620014949330517, (0, 1))"
                ]
              },
              "TENSIX": {
                "analysis": {
                  "T0 -> ANY CORE ANY RISC FW end": {
                    "analysis": {
                      "across": "device",
                      "end": {
                        "core": "ANY",
                        "risc": "ANY",
                        "timerID": 4
                      },
                      "start": {
                        "core": "ANY",
                        "risc": "ANY",
                        "timerID": 1
                      },
                      "type": "session_first_last"
                    },
                    "stats": {
                      "Average": 1105.0,
                      "Count": 1,
                      "First": 1105,
                      "Max": 1105,
                      "Median": 1105.0,
                      "Min": 1105,
                      "Range": 0,
                      "Sum": 1105
                    }
                  }
                },
                "durations": [],
                "timeseries": [
                  "(0, 620014949329412, 'NCRISC', (0, 0))",
                  "(1, 620014949329412, 'NCRISC', (0, 0))",
                  "(0, 620014949329412, 'NCRISC', (0, 0))",
                  "(3, 620014949329412, 'NCRISC', (0, 1))",
                  "(2, 620014949330453, 'NCRISC', (0, 0))",
                  "(4, 620014949330453, 'NCRISC', (0, 1))",
                  "(3, 620014949330483, 'NCRISC', (0, 0))",
                  "(1, 620014949330483, 'NCRISC', (0, 1))",
                  "(4, 620014949330517, 'NCRISC', (0, 0))",
                  "(2, 620014949330517, 'NCRISC', (0, 1))"
                ]
              }
            }
          }
        },
        "metadata": {
          "global_min": {
            "core": "(0, 0)",
            "risc": "NCRISC",
            "ts": 620014949329412
          }
        }
      }
    }
  },
  "setup": {
    "deviceAnalysisData": "device_analysis_data.json",
    "deviceChromeTracing": "device_chrome_tracing.json",
    "devicePerfHTML": "timeline.html",
    "deviceRearranged": "device_rearranged_timestamps.csv",
    "deviceStatsTXT": "device_stats.txt",
    "deviceTarball": "device_perf_results.tgz",
    "displayStats": [
      "Count",
      "Average",
      "Max",
      "Median",
      "Min"
    ],
    "outputFolder": "output/device",
    "plotBaseHeight": 200,
    "plotPerCoreHeight": 100,
    "riscs": [
      "BRISC",
      "NCRISC",
      "TRISC_0",
      "TRISC_1",
      "TRISC_2"
    ],
    "riscsData": {
      "BRISC": {
        "color": "light:g"
      },
      "NCRISC": {
        "color": "light:r"
      },
      "TENSIX": {
        "color": "light:b"
      },
      "TRISC_0": {
        "color": "light:gray"
      },
      "TRISC_1": {
        "color": "light:gray"
      },
      "TRISC_2": {
        "color": "light:gray"
      }
    },
    "timerAnalysis": {
      "ANY RISC FW end -> BRISC FW start": {
        "across": "core",
        "end": {
          "risc": "BRISC",
          "timerID": 1
        },
        "start": {
          "risc": "ANY",
          "timerID": 4
        },
        "type": "adjacent"
      },
      "ANY RISC FW start -> ANY RISC FW end": {
        "across": "core",
        "end": {
          "risc": "ANY",
          "timerID": 4
        },
        "start": {
          "risc": "ANY",
          "timerID": 1
        },
        "type": "launch_first_last"
      },
      "BRISC FW start -> ANY RISC FW end": {
        "across": "core",
        "end": {
          "risc": "ANY",
          "timerID": 4
        },
        "start": {
          "risc": "ANY",
          "timerID": 1
        },
        "type": "session_first_last"
      },
      "BRISC kernel start -> BRISC kernel end": {
        "across": "core",
        "end": {
          "risc": "BRISC",
          "timerID": 3
        },
        "start": {
          "risc": "BRISC",
          "timerID": 2
        },
        "type": "adjacent"
      },
      "NCRISC kernel start -> NCRISC kernel end": {
        "across": "core",
        "end": {
          "risc": "NCRISC",
          "timerID": 3
        },
        "start": {
          "risc": "NCRISC",
          "timerID": 2
        },
        "type": "adjacent"
      },
      "T0 -> ANY CORE ANY RISC FW end": {
        "across": "device",
        "end": {
          "core": "ANY",
          "risc": "ANY",
          "timerID": 4
        },
        "start": {
          "core": "ANY",
          "risc": "ANY",
          "timerID": 1
        },
        "type": "session_first_last"
      },
      "T0 -> ANY RISC FW end": {
        "across": "core",
        "end": {
          "risc": "ANY",
          "timerID": 4
        },
        "start": {
          "risc": "BRISC",
          "timerID": 0
        },
        "type": "session_first_last"
      },
      "T0 -> BRISC FW start": {
        "across": "core",
        "end": {
          "risc": "BRISC",
          "timerID": 1
        },
        "start": {
          "risc": "BRISC",
          "timerID": 0
        },
        "type": "adjacent"
      },
      "TRISC0 kernel start -> TRISC0 kernel end": {
        "across": "core",
        "end": {
          "risc": "TRISC_0",
          "timerID": 3
        },
        "start": {
          "risc": "TRISC_0",
          "timerID": 2
        },
        "type": "adjacent"
      },
      "TRISC1 kernel start -> TRISC1 kernel end": {
        "across": "core",
        "end": {
          "risc": "TRISC_1",
          "timerID": 3
        },
        "start": {
          "risc": "TRISC_1",
          "timerID": 2
        },
        "type": "adjacent"
      },
      "TRISC2 kernel start -> TRISC2 kernel end": {
        "across": "core",
        "end": {
          "risc": "TRISC_2",
          "timerID": 3
        },
        "start": {
          "risc": "TRISC_2",
          "timerID": 2
        },
        "type": "adjacent"
      }
    },
    "timerIDLabels": [
      [
        0,
        "Start"
      ],
      [
        1,
        "Firmware Start"
      ],
      [
        2,
        "Kernel start"
      ],
      [
        3,
        "Kernel End"
      ],
      [
        4,
        "Firmware End"
      ]
    ],
    "webappPort": 8050
  }
}