Clock Frequency [GHz],1.2
PCIe slot,0
core x,core y,BRISC Firmware Start,BRISC Kernel start,BRISC Kernel End,BRISC Firmware End,NCRISC Firmware Start,NCRISC Kernel start,NCRISC Kernel End,NCRISC Firmware End
0,0,,,,,620014949329412,620014949330453,620014949330483,620014949330517
0,1,,,,,620014949330483,620014949330517,620014949329412,620014949330453
