
=================== T0 -> BRISC FW start ===================
       Count          =        120
     Average [cycles] =         91
         Max [cycles] =        199
      Median [cycles] =         92
         Min [cycles] =          0
         Sum [cycles] =     10,871
       Range [cycles] =        199

                        1                2                3                4                5                6                7                8                9               10               11               12
        ============================================================================================================================================================================================================
     ---            DRAM0              ---              ---            DRAM1              ---              ---            DRAM2              ---              ---            DRAM3              ---              ---
 1|| ARC               94              103              107              110              114              128              137              152              166              181              190                X
 2|| ---              103              107              115              119              123              137              146              161              175              189              199                X
 3|| PCI                4                7               16               20               23               38               47               61               76               90               99                X
 4|| ---               12               16               24               28               32               41               55               70               84               93              108                X
 5|| ---               30               34               43               46               50               59               74               88              102              112              126                X
 6|| ---            DRAM4              ---              ---            DRAM5              ---              ---            DRAM6              ---              ---            DRAM7              ---              ---
 7|| ---               49               53               61               65               69               83               92              107              121              135              145                X
 8|| ---               58               67               70               74               78               92              101              116              130              145              154                X
 9|| ---               67               75               79               83               86              101              110              124              139              153              162                X
10|| ---                X                X                X                X                X                X                X                X                X                X                X                X
11|| ---                X                X                X                X                X                X                X                X                X                X                X                X




=================== TRISC0 kernel start -> TRISC0 kernel end ===================
       Count          =        120
     Average [cycles] = 18,624,632
         Max [cycles] = 29,140,791
      Median [cycles] = 18,672,344
         Min [cycles] =  7,076,088
         Sum [cycles] = 2,234,955,799
       Range [cycles] = 22,064,703

                        1                2                3                4                5                6                7                8                9               10               11               12
        ============================================================================================================================================================================================================
     ---            DRAM0              ---              ---            DRAM1              ---              ---            DRAM2              ---              ---            DRAM3              ---              ---
 1|| ARC       11,860,537       14,689,079       15,515,795       17,059,520       19,844,215       21,249,971       23,059,900       25,436,376       27,257,929       27,869,674        8,157,281                X
 2|| ---       12,266,467       14,696,679       15,539,850       17,481,946       20,199,891       21,608,939       23,714,029       26,206,900       27,793,028       28,314,884        8,163,676                X
 3|| PCI       12,295,784       14,756,190       15,607,779       17,924,075       20,762,410       22,175,521       24,426,695       26,804,218       28,259,392       28,760,755        8,177,522                X
 4|| ---       12,367,698       14,879,446       15,691,875       18,291,818       21,123,495       22,640,658       25,020,478       27,270,036       28,728,757       29,140,791        8,179,428                X
 5|| ---       10,662,493       13,911,939       15,270,769       17,391,712       20,517,067       21,987,922       24,521,027       26,944,043       28,127,450       28,606,400        8,150,400                X
 6|| ---            DRAM4              ---              ---            DRAM5              ---              ---            DRAM6              ---              ---            DRAM7              ---              ---
 7|| ---       11,244,544       14,379,692       15,444,635       17,575,999       20,705,538       22,350,388       24,695,865       27,118,543       28,380,654       28,779,932        8,170,975                X
 8|| ---       11,313,561       14,403,039       15,412,665       17,636,882       20,715,413       22,280,307       24,726,555       27,141,028       28,357,957       28,845,646        8,171,237                X
 9|| ---       11,594,320       14,578,883       15,493,709       16,535,373       19,052,871       20,512,969       21,610,453       23,203,136       25,190,171       26,249,889        8,143,626                X
10|| ---                X                X                X                X                X                X                X                X                X                X                X                X
11|| ---                X                X                X                X                X                X                X                X                X                X                X                X




=================== TRISC1 kernel start -> TRISC1 kernel end ===================
       Count          =        120
     Average [cycles] = 18,626,009
         Max [cycles] = 29,141,337
      Median [cycles] = 18,672,888
         Min [cycles] =  7,176,631
         Sum [cycles] = 2,235,121,127
       Range [cycles] = 21,964,706

                        1                2                3                4                5                6                7                8                9               10               11               12
        ============================================================================================================================================================================================================
     ---            DRAM0              ---              ---            DRAM1              ---              ---            DRAM2              ---              ---            DRAM3              ---              ---
 1|| ARC       11,861,071       14,689,625       15,516,338       17,060,064       19,844,766       21,250,516       23,060,434       25,436,920       27,258,477       27,870,215        8,157,827                X
 2|| ---       12,266,998       14,697,225       15,540,398       17,482,490       20,200,435       21,609,485       23,714,570       26,207,440       27,793,567       28,315,419        8,164,223                X
 3|| PCI       12,296,325       14,756,736       15,608,322       17,924,626       20,762,956       22,176,059       24,427,247       26,804,759       28,259,925       28,761,299        8,178,065                X
 4|| ---       12,368,238       14,879,986       15,692,421       18,292,363       21,124,044       22,641,195       25,021,022       27,270,570       28,729,309       29,141,337        8,179,966                X
 5|| ---       10,663,043       13,912,481       15,271,317       17,392,261       20,517,613       21,988,467       24,521,577       26,944,595       28,127,996       28,606,930        8,150,947                X
 6|| ---            DRAM4              ---              ---            DRAM5              ---              ---            DRAM6              ---              ---            DRAM7              ---              ---
 7|| ---       11,245,098       14,380,233       15,445,178       17,576,545       20,706,086       22,350,943       24,696,404       27,119,089       28,381,200       28,780,472        8,171,516                X
 8|| ---       11,314,113       14,403,582       15,413,206       17,637,422       20,715,963       22,280,846       24,727,101       27,141,568       28,358,498       28,846,199        8,171,787                X
 9|| ---       11,594,863       14,579,427       15,494,247       16,535,912       19,053,412       20,513,508       21,610,993       23,203,678       25,190,724       26,250,438        8,144,181                X
10|| ---                X                X                X                X                X                X                X                X                X                X                X                X
11|| ---                X                X                X                X                X                X                X                X                X                X                X                X




=================== TRISC2 kernel start -> TRISC2 kernel end ===================
       Count          =        120
     Average [cycles] = 18,626,228
         Max [cycles] = 29,141,556
      Median [cycles] = 18,673,112
         Min [cycles] =  7,176,860
         Sum [cycles] = 2,235,147,362
       Range [cycles] = 21,964,696

                        1                2                3                4                5                6                7                8                9               10               11               12
        ============================================================================================================================================================================================================
     ---            DRAM0              ---              ---            DRAM1              ---              ---            DRAM2              ---              ---            DRAM3              ---              ---
 1|| ARC       11,861,287       14,689,848       15,516,547       17,060,276       19,844,977       21,250,733       23,060,670       25,437,144       27,258,700       27,870,443        8,158,050                X
 2|| ---       12,267,228       14,697,445       15,540,607       17,482,700       20,200,657       21,609,701       23,714,798       26,207,672       27,793,792       28,315,639        8,164,445                X
 3|| PCI       12,296,550       14,756,956       15,608,554       17,924,843       20,763,172       22,176,283       24,427,451       26,804,987       28,260,146       28,761,523        8,178,278                X
 4|| ---       12,368,465       14,880,210       15,692,638       18,292,582       21,124,256       22,641,422       25,021,252       27,270,793       28,729,523       29,141,556        8,180,191                X
 5|| ---       10,663,252       13,912,704       15,271,528       17,392,470       20,517,840       21,988,683       24,521,782       26,944,807       28,128,214       28,607,151        8,151,161                X
 6|| ---            DRAM4              ---              ---            DRAM5              ---              ---            DRAM6              ---              ---            DRAM7              ---              ---
 7|| ---       11,245,315       14,380,457       15,445,396       17,576,761       20,706,304       22,351,151       24,696,626       27,119,300       28,381,415       28,780,692        8,171,735                X
 8|| ---       11,314,320       14,403,795       15,413,432       17,637,638       20,716,176       22,281,063       24,727,312       27,141,795       28,358,726       28,846,407        8,171,997                X
 9|| ---       11,595,085       14,579,658       15,494,470       16,536,133       19,053,642       20,513,726       21,611,214       23,203,896       25,190,935       26,250,647        8,144,380                X
10|| ---                X                X                X                X                X                X                X                X                X                X                X                X
11|| ---                X                X                X                X                X                X                X                X                X                X                X                X




=================== BRISC kernel start -> BRISC kernel end ===================
       Count          =        120
     Average [cycles] = 20,491,709
         Max [cycles] = 29,145,162
      Median [cycles] = 20,789,910
         Min [cycles] = 10,288,687
         Sum [cycles] = 2,459,005,080
       Range [cycles] = 18,856,475

                        1                2                3                4                5                6                7                8                9               10               11               12
        ============================================================================================================================================================================================================
     ---            DRAM0              ---              ---            DRAM1              ---              ---            DRAM2              ---              ---            DRAM3              ---              ---
 1|| ARC       14,515,320       17,391,849       18,638,803       20,435,166       22,489,649       23,951,550       24,336,961       25,668,095       27,340,834       27,888,495       12,033,494                X
 2|| ---       14,935,396       17,289,266       18,736,916       20,453,726       23,138,613       23,946,891       24,454,684       26,416,578       27,806,637       28,332,552       12,031,886                X
 3|| PCI       15,000,957       17,656,547       18,323,446       20,622,439       23,400,809       24,128,626       24,918,511       26,983,518       28,290,908       28,778,542       12,028,721                X
 4|| ---       14,876,719       17,264,169       18,404,560       20,956,073       23,387,800       24,064,749       25,323,781       27,352,205       28,745,567       29,145,162       12,009,006                X
 5|| ---       13,468,051       16,210,517       17,925,112       19,773,368       23,019,433       23,807,392       25,001,644       27,166,202       28,157,256       28,620,727       11,969,206                X
 6|| ---            DRAM4              ---              ---            DRAM5              ---              ---            DRAM6              ---              ---            DRAM7              ---              ---
 7|| ---       13,464,004       16,548,168       18,059,497       19,764,070       22,679,943       23,613,222       25,130,716       27,252,331       28,419,919       28,802,117       10,808,376                X
 8|| ---       13,101,819       16,182,586       17,543,490       19,447,120       22,365,717       23,600,640       25,164,497       27,239,475       28,391,893       28,852,352       10,667,198                X
 9|| ---       13,077,268       15,878,051       17,218,298       18,574,725       20,623,747       21,857,135       23,266,175       23,930,653       25,496,672       26,497,456       10,338,539                X
10|| ---                X                X                X                X                X                X                X                X                X                X                X                X
11|| ---                X                X                X                X                X                X                X                X                X                X                X                X




=================== NCRISC kernel start -> NCRISC kernel end ===================
       Count          =        120
     Average [cycles] = 18,479,022
         Max [cycles] = 28,982,705
      Median [cycles] = 18,530,642
         Min [cycles] =  7,058,609
         Sum [cycles] = 2,217,482,593
       Range [cycles] = 21,924,096

                        1                2                3                4                5                6                7                8                9               10               11               12
        ============================================================================================================================================================================================================
     ---            DRAM0              ---              ---            DRAM1              ---              ---            DRAM2              ---              ---            DRAM3              ---              ---
 1|| ARC       11,718,340       14,536,323       15,375,231       16,923,969       19,709,713       21,105,196       22,913,754       25,283,092       27,103,686       27,711,430        8,010,243                X
 2|| ---       12,114,068       14,547,777       15,396,236       17,329,670       20,050,026       21,467,976       23,557,968       26,060,566       27,636,071       28,156,374        8,020,416                X
 3|| PCI       12,141,572       14,608,921       15,468,527       17,773,721       20,615,425       22,026,927       24,275,173       26,652,544       28,102,665       28,602,374        8,037,766                X
 4|| ---       12,225,922       14,731,751       15,535,025       18,152,393       20,979,145       22,485,585       24,866,071       27,113,687       28,569,564       28,982,705        8,044,491                X
 5|| ---       10,521,483       13,764,855       15,123,092       17,245,718       20,372,584       21,839,413       24,374,914       26,786,464       27,969,779       28,447,999        7,999,771                X
 6|| ---            DRAM4              ---              ---            DRAM5              ---              ---            DRAM6              ---              ---            DRAM7              ---              ---
 7|| ---       11,106,096       14,235,792       15,304,989       17,420,296       20,559,821       22,209,979       24,546,449       26,960,135       28,221,324       28,620,556        8,041,936                X
 8|| ---       11,166,022       14,258,069       15,280,639       17,494,835       20,566,142       22,130,177       24,581,691       26,982,187       28,198,910       28,686,541        8,042,808                X
 9|| ---       11,447,232       14,428,319       15,356,150       16,390,051       18,908,891       20,374,280       21,471,129       23,066,031       25,037,268       26,092,741        7,993,750                X
10|| ---                X                X                X                X                X                X                X                X                X                X                X                X
11|| ---                X                X                X                X                X                X                X                X                X                X                X                X



